=== RUN   TestConvertTypeToKCL
=== RUN   TestConvertTypeToKCL/String
2025/03/08 14:37:04 converting OpenAPI type 'string' with format '' to KCL type
2025/03/08 14:37:04 mapped to KCL type: str
=== RUN   TestConvertTypeToKCL/DateTime
2025/03/08 14:37:04 converting OpenAPI type 'string' with format 'date-time' to KCL type
2025/03/08 14:37:04 mapped to KCL type: str
=== RUN   TestConvertTypeToKCL/Date
2025/03/08 14:37:04 converting OpenAPI type 'string' with format 'date' to KCL type
2025/03/08 14:37:04 mapped to KCL type: str
=== RUN   TestConvertTypeToKCL/Email
2025/03/08 14:37:04 converting OpenAPI type 'string' with format 'email' to KCL type
2025/03/08 14:37:04 mapped to KCL type: str
=== RUN   TestConvertTypeToKCL/UUID
2025/03/08 14:37:04 converting OpenAPI type 'string' with format 'uuid' to KCL type
2025/03/08 14:37:04 mapped to KCL type: str
=== RUN   TestConvertTypeToKCL/URI
2025/03/08 14:37:04 converting OpenAPI type 'string' with format 'uri' to KCL type
2025/03/08 14:37:04 mapped to KCL type: str
=== RUN   TestConvertTypeToKCL/Integer
2025/03/08 14:37:04 converting OpenAPI type 'integer' with format '' to KCL type
2025/03/08 14:37:04 mapped to KCL type: int
=== RUN   TestConvertTypeToKCL/Int32
2025/03/08 14:37:04 converting OpenAPI type 'integer' with format 'int32' to KCL type
2025/03/08 14:37:04 mapped to KCL type: int
=== RUN   TestConvertTypeToKCL/Int64
2025/03/08 14:37:04 converting OpenAPI type 'integer' with format 'int64' to KCL type
2025/03/08 14:37:04 mapped to KCL type: int
=== RUN   TestConvertTypeToKCL/Boolean
2025/03/08 14:37:04 converting OpenAPI type 'boolean' with format '' to KCL type
2025/03/08 14:37:04 mapped to KCL type: bool
=== RUN   TestConvertTypeToKCL/Number
2025/03/08 14:37:04 converting OpenAPI type 'number' with format '' to KCL type
2025/03/08 14:37:04 mapped to KCL type: float
=== RUN   TestConvertTypeToKCL/Float
2025/03/08 14:37:04 converting OpenAPI type 'number' with format 'float' to KCL type
2025/03/08 14:37:04 mapped to KCL type: float
=== RUN   TestConvertTypeToKCL/Double
2025/03/08 14:37:04 converting OpenAPI type 'number' with format 'double' to KCL type
2025/03/08 14:37:04 mapped to KCL type: float
=== RUN   TestConvertTypeToKCL/Array
2025/03/08 14:37:04 converting OpenAPI type 'array' with format '' to KCL type
2025/03/08 14:37:04 mapped to KCL type: list
=== RUN   TestConvertTypeToKCL/Object
2025/03/08 14:37:04 converting OpenAPI type 'object' with format '' to KCL type
2025/03/08 14:37:04 mapped to KCL type: {str:any}
=== RUN   TestConvertTypeToKCL/Unknown
2025/03/08 14:37:04 converting OpenAPI type 'unknown' with format '' to KCL type
2025/03/08 14:37:04 warning: unknown type 'unknown', defaulting to 'any'
2025/03/08 14:37:04 mapped to KCL type: any
--- PASS: TestConvertTypeToKCL (0.00s)
    --- PASS: TestConvertTypeToKCL/String (0.00s)
    --- PASS: TestConvertTypeToKCL/DateTime (0.00s)
    --- PASS: TestConvertTypeToKCL/Date (0.00s)
    --- PASS: TestConvertTypeToKCL/Email (0.00s)
    --- PASS: TestConvertTypeToKCL/UUID (0.00s)
    --- PASS: TestConvertTypeToKCL/URI (0.00s)
    --- PASS: TestConvertTypeToKCL/Integer (0.00s)
    --- PASS: TestConvertTypeToKCL/Int32 (0.00s)
    --- PASS: TestConvertTypeToKCL/Int64 (0.00s)
    --- PASS: TestConvertTypeToKCL/Boolean (0.00s)
    --- PASS: TestConvertTypeToKCL/Number (0.00s)
    --- PASS: TestConvertTypeToKCL/Float (0.00s)
    --- PASS: TestConvertTypeToKCL/Double (0.00s)
    --- PASS: TestConvertTypeToKCL/Array (0.00s)
    --- PASS: TestConvertTypeToKCL/Object (0.00s)
    --- PASS: TestConvertTypeToKCL/Unknown (0.00s)
=== RUN   TestGenerateConstraints
=== RUN   TestGenerateConstraints/String_Constraints
=== RUN   TestGenerateConstraints/Numeric_Constraints
=== RUN   TestGenerateConstraints/Array_Constraints
=== RUN   TestGenerateConstraints/Enum_Constraints
--- PASS: TestGenerateConstraints (0.00s)
    --- PASS: TestGenerateConstraints/String_Constraints (0.00s)
    --- PASS: TestGenerateConstraints/Numeric_Constraints (0.00s)
    --- PASS: TestGenerateConstraints/Array_Constraints (0.00s)
    --- PASS: TestGenerateConstraints/Enum_Constraints (0.00s)
=== RUN   TestFormatDocumentation
=== RUN   TestFormatDocumentation/Complete_Documentation
=== RUN   TestFormatDocumentation/Multiline_Description
=== RUN   TestFormatDocumentation/Empty_Schema
--- PASS: TestFormatDocumentation (0.00s)
    --- PASS: TestFormatDocumentation/Complete_Documentation (0.00s)
    --- PASS: TestFormatDocumentation/Multiline_Description (0.00s)
    --- PASS: TestFormatDocumentation/Empty_Schema (0.00s)
=== RUN   TestJSONSchemaToKCL
=== RUN   TestJSONSchemaToKCL/Draft-7
2025/03/08 14:37:04 generating KCL schema for TestSchema from JSON Schema with defaults
2025/03/08 14:37:04 generated 5 properties for schema TestSchema
=== RUN   TestJSONSchemaToKCL/Draft-2019-09
2025/03/08 14:37:04 generating KCL schema for TestSchema from JSON Schema with defaults
2025/03/08 14:37:04 generated 5 properties for schema TestSchema
--- PASS: TestJSONSchemaToKCL (0.01s)
    --- PASS: TestJSONSchemaToKCL/Draft-7 (0.00s)
    --- PASS: TestJSONSchemaToKCL/Draft-2019-09 (0.00s)
=== RUN   TestJSONSchemaGeneration
=== RUN   TestJSONSchemaGeneration/Draft-7
2025/03/08 14:37:04 processing JSON Schema
2025/03/08 14:37:04 generating KCL schema for Schema from JSON Schema with defaults
2025/03/08 14:37:04 generated 5 properties for schema Schema
2025/03/08 14:37:04 successfully generated KCL schema in /tmp/kcl-json-schema-test-2540202516
    generator_json_test.go:174: Generated Schema.k content:
        # No schema imports needed - schemas in same directory
        
        schema Schema:
            status?: str = "active"
            tags?: [any]
            age?: int = 25
            isActive?: bool = True
            name: str = "default_name"
        
            check:
                status in ["active", "inactive", "pending"]
                age >= 0/1
                len(name) >= 1
=== RUN   TestJSONSchemaGeneration/Draft-2019-09
2025/03/08 14:37:05 processing JSON Schema
2025/03/08 14:37:05 generating KCL schema for Schema from JSON Schema with defaults
2025/03/08 14:37:05 generated 5 properties for schema Schema
2025/03/08 14:37:05 successfully generated KCL schema in /tmp/kcl-json-schema-test-2540202516
    generator_json_test.go:174: Generated Schema.k content:
        # No schema imports needed - schemas in same directory
        
        schema Schema:
            isActive?: bool = True
            name: str = "default_name"
            status?: str = "active"
            tags?: [any]
            age?: int = 25
        
            check:
                len(name) >= 1
                status in ["active", "inactive", "pending"]
                age >= 0/1
--- PASS: TestJSONSchemaGeneration (1.09s)
    --- PASS: TestJSONSchemaGeneration/Draft-7 (0.71s)
    --- PASS: TestJSONSchemaGeneration/Draft-2019-09 (0.38s)
=== RUN   TestJSONSchemaTypeConversion
=== RUN   TestJSONSchemaTypeConversion/string_type_should_convert_to_str
=== RUN   TestJSONSchemaTypeConversion/integer_type_should_convert_to_int
=== RUN   TestJSONSchemaTypeConversion/number_type_should_convert_to_float
=== RUN   TestJSONSchemaTypeConversion/boolean_type_should_convert_to_bool
=== RUN   TestJSONSchemaTypeConversion/array_type_without_items_should_convert_to_[any]
=== RUN   TestJSONSchemaTypeConversion/object_type_should_convert_to_{str:any}
--- PASS: TestJSONSchemaTypeConversion (0.00s)
    --- PASS: TestJSONSchemaTypeConversion/string_type_should_convert_to_str (0.00s)
    --- PASS: TestJSONSchemaTypeConversion/integer_type_should_convert_to_int (0.00s)
    --- PASS: TestJSONSchemaTypeConversion/number_type_should_convert_to_float (0.00s)
    --- PASS: TestJSONSchemaTypeConversion/boolean_type_should_convert_to_bool (0.00s)
    --- PASS: TestJSONSchemaTypeConversion/array_type_without_items_should_convert_to_[any] (0.00s)
    --- PASS: TestJSONSchemaTypeConversion/object_type_should_convert_to_{str:any} (0.00s)
=== RUN   TestJSONSchemaFormatValidation
2025/03/08 14:37:05 generating KCL schema for FormatSchema from JSON Schema with defaults
2025/03/08 14:37:05 generated 7 properties for schema FormatSchema
    generator_json_test.go:285: Generated KCL:
        import regex
        
        schema FormatSchema:
            date?: str
            datetime?: str
            uuid?: str
            email?: str
            ipv4?: str
            ipv6?: str
            uri?: str
        
            check:
                regex.match(date, r"^([0-9]{4})-(1[0-2]|0[1-9])-(3[01]|0[1-9]|[12][0-9])$")
                regex.match(datetime, r"^([0-9]{4})-(1[0-2]|0[1-9])-(3[01]|0[1-9]|[12][0-9])T(2[0-3]|[01][0-9]):([0-5][0-9]):([0-5][0-9])(\.[0-9]+)?(Z|[+-](2[0-3]|[01][0-9]):([0-5][0-9]))$")
                regex.match(uuid, r"^[0-9a-f]{8}-[0-9a-f]{4}-[1-5][0-9a-f]{3}-[89ab][0-9a-f]{3}-[0-9a-f]{12}$")
                regex.match(email, r"^[a-zA-Z0-9._%-]++@[a-zA-Z0-9.-]+\.[a-zA-Z]{2,}$")
                regex.match(ipv4, r"^((25[0-5]|2[0-4][0-9]|[01]?[0-9][0-9]?)\.){3}(25[0-5]|2[0-4][0-9]|[01]?[0-9][0-9]?)$")
                regex.match(ipv6, r"^([0-9a-fA-F]{1,4}:){7}[0-9a-fA-F]{1,4}|::1$")
                regex.match(uri, r"^(https?|ftp)://[^\s/$.?#].[^\s]*$")
--- PASS: TestJSONSchemaFormatValidation (0.00s)
=== RUN   TestComplexSchemaGeneration
2025/03/08 14:37:05 processing JSON Schema
2025/03/08 14:37:05 generating KCL schema for CHA_Core_json_schema_definition from JSON Schema with defaults
2025/03/08 14:37:05 generated 7 properties for schema CHA_Core_json_schema_definition
2025/03/08 14:37:05 successfully generated KCL schema in /tmp/kcl-complex-schema-test-2583870760
    generator_json_test.go:393: Generated file CHA_Core_json_schema_definition.k:
        import regex
        
        schema CHA_Core_json_schema_definition:
            enabled?: bool = True
            name: str = "test-name"
            replicas?: int = 1
            tags?: [any] = ["tag1", "tag2"]
            version: str = "1.0.0"
            config?: {str:any}
            description?: str
        
            check:
                replicas >= 0/1
                replicas <= 10/1
                regex.match(version, r"^[0-9]+\\.[0-9]+\\.[0-9]+$")
    generator_json_test.go:393: Generated file main.k:
        # KCL schema generated from JSON Schema
        
        # Import regex for pattern validation
        import regex
        
        schema ValidationSchema:
            # This schema can be used to validate instances
            # Example: myInstance: CHA_Core_json_schema_definition
            _ignore?: bool = True # Empty schema
    generator_json_test.go:393: Generated file validation_test.k:
        
        # Basic validation test 
        # Create an instance of CHA_Core_json_schema_definition schema
        instance = {
            name = "Test User"
            age = 30
            isActive = True
            status = "active"
        }
        
        # Validate it against the CHA_Core_json_schema_definition schema
        check_instance = CHA_Core_json_schema_definition {
            name = instance.name
            age = instance.age
            isActive = instance.isActive
            status = instance.status
        }
--- PASS: TestComplexSchemaGeneration (0.00s)
=== RUN   TestCertManagerSchemaGeneration
    generator_json_test.go:421: Generating KCL schemas from certmanager schema
2025/03/08 14:37:05 processing JSON Schema
2025/03/08 14:37:05 schema uses top-level $ref: #/$defs/helm-values
2025/03/08 14:37:05 resolving top-level $ref to local definition: helm-values
2025/03/08 14:37:05 found definition helm-values, using it as root schema
2025/03/08 14:37:05 resolving reference to helm-values.serviceLabels
2025/03/08 14:37:05 resolving reference to helm-values.extraEnv
2025/03/08 14:37:05 resolving reference to helm-values.installCRDs
2025/03/08 14:37:05 resolving reference to helm-values.livenessProbe
2025/03/08 14:37:05 resolving reference to helm-values.nodeSelector
2025/03/08 14:37:05 resolving reference to helm-values.prometheus
2025/03/08 14:37:05 resolving reference to helm-values.volumes
2025/03/08 14:37:05 resolving reference to helm-values.disableAutoApproval
2025/03/08 14:37:05 resolving reference to helm-values.featureGates
2025/03/08 14:37:05 resolving reference to helm-values.image
2025/03/08 14:37:05 resolving reference to helm-values.securityContext
2025/03/08 14:37:05 resolving reference to helm-values.serviceAccount
2025/03/08 14:37:05 resolving reference to helm-values.serviceIPFamilies
2025/03/08 14:37:05 resolving reference to helm-values.startupapicheck
2025/03/08 14:37:05 resolving reference to helm-values.webhook
2025/03/08 14:37:05 resolving reference to helm-values.crds
2025/03/08 14:37:05 resolving reference to helm-values.creator
2025/03/08 14:37:05 resolving reference to helm-values.extraObjects
2025/03/08 14:37:05 resolving reference to helm-values.global
2025/03/08 14:37:05 resolving reference to helm-values.no_proxy
2025/03/08 14:37:05 resolving reference to helm-values.podDnsPolicy
2025/03/08 14:37:05 resolving reference to helm-values.acmesolver
2025/03/08 14:37:05 resolving reference to helm-values.affinity
2025/03/08 14:37:05 resolving reference to helm-values.ingressShim
2025/03/08 14:37:05 resolving reference to helm-values.replicaCount
2025/03/08 14:37:05 resolving reference to helm-values.serviceAnnotations
2025/03/08 14:37:05 resolving reference to helm-values.strategy
2025/03/08 14:37:05 resolving reference to helm-values.approveSignerNames
2025/03/08 14:37:05 resolving reference to helm-values.cainjector
2025/03/08 14:37:05 resolving reference to helm-values.config
2025/03/08 14:37:05 resolving reference to helm-values.maxConcurrentChallenges
2025/03/08 14:37:05 resolving reference to helm-values.namespace
2025/03/08 14:37:05 resolving reference to helm-values.podAnnotations
2025/03/08 14:37:05 resolving reference to helm-values.podDnsConfig
2025/03/08 14:37:05 resolving reference to helm-values.resources
2025/03/08 14:37:05 resolving reference to helm-values.enabled
2025/03/08 14:37:05 resolving reference to helm-values.hostAliases
2025/03/08 14:37:05 resolving reference to helm-values.nameOverride
2025/03/08 14:37:05 resolving reference to helm-values.podLabels
2025/03/08 14:37:05 resolving reference to helm-values.serviceIPFamilyPolicy
2025/03/08 14:37:05 resolving reference to helm-values.tolerations
2025/03/08 14:37:05 resolving reference to helm-values.topologySpreadConstraints
2025/03/08 14:37:05 resolving reference to helm-values.deploymentAnnotations
2025/03/08 14:37:05 resolving reference to helm-values.dns01RecursiveNameservers
2025/03/08 14:37:05 resolving reference to helm-values.dns01RecursiveNameserversOnly
2025/03/08 14:37:05 resolving reference to helm-values.enableCertificateOwnerRef
2025/03/08 14:37:05 resolving reference to helm-values.enableServiceLinks
2025/03/08 14:37:05 resolving reference to helm-values.https_proxy
2025/03/08 14:37:05 resolving reference to helm-values.volumeMounts
2025/03/08 14:37:05 resolving reference to helm-values.automountServiceAccountToken
2025/03/08 14:37:05 resolving reference to helm-values.clusterResourceNamespace
2025/03/08 14:37:05 resolving reference to helm-values.containerSecurityContext
2025/03/08 14:37:05 resolving reference to helm-values.extraArgs
2025/03/08 14:37:05 resolving reference to helm-values.fullnameOverride
2025/03/08 14:37:05 resolving reference to helm-values.http_proxy
2025/03/08 14:37:05 resolving reference to helm-values.podDisruptionBudget
2025/03/08 14:37:05 generating KCL schema for Helmvalues from JSON Schema with defaults
2025/03/08 14:37:05 generated 56 properties for schema Helmvalues
2025/03/08 14:37:05 successfully generated KCL schema in /tmp/kcl-certmanager-schema-test-147014433
    generator_json_test.go:430: Generated 3 files
    generator_json_test.go:437: Generated file: Helmvalues.k
    generator_json_test.go:437: Generated file: main.k
    generator_json_test.go:437: Generated file: validation_test.k
    generator_json_test.go:451: Main schema file: Helmvalues.k
    generator_json_test.go:461: Main schema file content sample (first 500 chars):
        # No schema imports needed - schemas in same directory
        
        schema Helmvalues:
            namespace?: str = ""
            approveSignerNames?: [any] = ["issuers.cert-manager.io/*", "clusterissuers.cert-manager.io/*"]
            no_proxy?: str
            hostAliases?: [any] = []
            extraObjects?: [any] = []
            podAnnotations?: {str:any}
            crds?: {str:any}
            installCRDs?: bool = False
            livenessProbe?: {str:any} = {timeoutSeconds: 15, enabled: True, failureThreshold: 8, initialDelaySeconds: 10, periodSeconds: 10, success
    generator_json_test.go:483: KCL validation succeeded
    generator_json_test.go:491: Testing validation of testdata/jsonschema/certmanager/dummy.yaml against the generated KCL schema
    generator_json_test.go:529: KCL validation output: {}
        Validation successful for: Helmvalues
--- PASS: TestCertManagerSchemaGeneration (0.38s)
=== RUN   TestGenerateKCLSchemaOpenAPI
2025/03/08 14:37:06 field age has type: integer
2025/03/08 14:37:06 converting OpenAPI type 'integer' with format '' to KCL type
2025/03/08 14:37:06 mapped to KCL type: int
2025/03/08 14:37:06 field isActive has type: boolean
2025/03/08 14:37:06 converting OpenAPI type 'boolean' with format '' to KCL type
2025/03/08 14:37:06 mapped to KCL type: bool
2025/03/08 14:37:06 field name has type: string
2025/03/08 14:37:06 converting OpenAPI type 'string' with format '' to KCL type
2025/03/08 14:37:06 mapped to KCL type: str
2025/03/08 14:37:06 field priority has type: integer
2025/03/08 14:37:06 converting OpenAPI type 'integer' with format '' to KCL type
2025/03/08 14:37:06 mapped to KCL type: int
2025/03/08 14:37:06 field status has type: string
2025/03/08 14:37:06 converting OpenAPI type 'string' with format '' to KCL type
2025/03/08 14:37:06 mapped to KCL type: str
2025/03/08 14:37:06 field tags has type: array
2025/03/08 14:37:06 processing array items for field tags
2025/03/08 14:37:06 field item has type: string
2025/03/08 14:37:06 converting OpenAPI type 'string' with format '' to KCL type
2025/03/08 14:37:06 mapped to KCL type: str
2025/03/08 14:37:06 array item type for field tags: str (ref: )
2025/03/08 14:37:06 field tags.items has type: string
2025/03/08 14:37:06 converting OpenAPI type 'string' with format '' to KCL type
2025/03/08 14:37:06 mapped to KCL type: str
2025/03/08 14:37:06 field age has type: integer
2025/03/08 14:37:06 converting OpenAPI type 'integer' with format '' to KCL type
2025/03/08 14:37:06 mapped to KCL type: int
2025/03/08 14:37:06 field isActive has type: boolean
2025/03/08 14:37:06 converting OpenAPI type 'boolean' with format '' to KCL type
2025/03/08 14:37:06 mapped to KCL type: bool
2025/03/08 14:37:06 field name has type: string
2025/03/08 14:37:06 converting OpenAPI type 'string' with format '' to KCL type
2025/03/08 14:37:06 mapped to KCL type: str
2025/03/08 14:37:06 field priority has type: integer
2025/03/08 14:37:06 converting OpenAPI type 'integer' with format '' to KCL type
2025/03/08 14:37:06 mapped to KCL type: int
2025/03/08 14:37:06 field status has type: string
2025/03/08 14:37:06 converting OpenAPI type 'string' with format '' to KCL type
2025/03/08 14:37:06 mapped to KCL type: str
2025/03/08 14:37:06 field tags has type: array
2025/03/08 14:37:06 processing array items for field tags
2025/03/08 14:37:06 field item has type: string
2025/03/08 14:37:06 converting OpenAPI type 'string' with format '' to KCL type
2025/03/08 14:37:06 mapped to KCL type: str
2025/03/08 14:37:06 array item type for field tags: str (ref: )
2025/03/08 14:37:06 generated 6 properties for schema TestSchema
    generator_oas_test.go:133: 
        	Error Trace:	/home/tridentsx/src/oas2kcl/openapikcl/generator_oas_test.go:133
        	Error:      	"# No schema imports needed - schemas in same directory\n\n\nschema TestSchema:\n    # Test schema\n\n    age ?= int = 25\n    isActive ?= bool = true\n    name = str = \"default_name\"\n    check:\n        len(name) >= 1\n    priority ?= int = 2\n    check:\n        priority in [1, 2, 3]\n    status ?= str = \"active\"\n    check:\n        status in [\"active\", \"inactive\", \"pending\"]\n    tags ?= [str]" does not contain "name: str = \"default_name\""
        	Test:       	TestGenerateKCLSchemaOpenAPI
    generator_oas_test.go:134: 
        	Error Trace:	/home/tridentsx/src/oas2kcl/openapikcl/generator_oas_test.go:134
        	Error:      	"# No schema imports needed - schemas in same directory\n\n\nschema TestSchema:\n    # Test schema\n\n    age ?= int = 25\n    isActive ?= bool = true\n    name = str = \"default_name\"\n    check:\n        len(name) >= 1\n    priority ?= int = 2\n    check:\n        priority in [1, 2, 3]\n    status ?= str = \"active\"\n    check:\n        status in [\"active\", \"inactive\", \"pending\"]\n    tags ?= [str]" does not contain "age?: int = 25"
        	Test:       	TestGenerateKCLSchemaOpenAPI
    generator_oas_test.go:135: 
        	Error Trace:	/home/tridentsx/src/oas2kcl/openapikcl/generator_oas_test.go:135
        	Error:      	"# No schema imports needed - schemas in same directory\n\n\nschema TestSchema:\n    # Test schema\n\n    age ?= int = 25\n    isActive ?= bool = true\n    name = str = \"default_name\"\n    check:\n        len(name) >= 1\n    priority ?= int = 2\n    check:\n        priority in [1, 2, 3]\n    status ?= str = \"active\"\n    check:\n        status in [\"active\", \"inactive\", \"pending\"]\n    tags ?= [str]" does not contain "isActive?: bool = true"
        	Test:       	TestGenerateKCLSchemaOpenAPI
    generator_oas_test.go:136: 
        	Error Trace:	/home/tridentsx/src/oas2kcl/openapikcl/generator_oas_test.go:136
        	Error:      	"# No schema imports needed - schemas in same directory\n\n\nschema TestSchema:\n    # Test schema\n\n    age ?= int = 25\n    isActive ?= bool = true\n    name = str = \"default_name\"\n    check:\n        len(name) >= 1\n    priority ?= int = 2\n    check:\n        priority in [1, 2, 3]\n    status ?= str = \"active\"\n    check:\n        status in [\"active\", \"inactive\", \"pending\"]\n    tags ?= [str]" does not contain "status?: str = \"active\""
        	Test:       	TestGenerateKCLSchemaOpenAPI
    generator_oas_test.go:137: 
        	Error Trace:	/home/tridentsx/src/oas2kcl/openapikcl/generator_oas_test.go:137
        	Error:      	"# No schema imports needed - schemas in same directory\n\n\nschema TestSchema:\n    # Test schema\n\n    age ?= int = 25\n    isActive ?= bool = true\n    name = str = \"default_name\"\n    check:\n        len(name) >= 1\n    priority ?= int = 2\n    check:\n        priority in [1, 2, 3]\n    status ?= str = \"active\"\n    check:\n        status in [\"active\", \"inactive\", \"pending\"]\n    tags ?= [str]" does not contain "priority?: int = 2"
        	Test:       	TestGenerateKCLSchemaOpenAPI
    generator_oas_test.go:138: 
        	Error Trace:	/home/tridentsx/src/oas2kcl/openapikcl/generator_oas_test.go:138
        	Error:      	"# No schema imports needed - schemas in same directory\n\n\nschema TestSchema:\n    # Test schema\n\n    age ?= int = 25\n    isActive ?= bool = true\n    name = str = \"default_name\"\n    check:\n        len(name) >= 1\n    priority ?= int = 2\n    check:\n        priority in [1, 2, 3]\n    status ?= str = \"active\"\n    check:\n        status in [\"active\", \"inactive\", \"pending\"]\n    tags ?= [str]" does not contain "tags?: [str]"
        	Test:       	TestGenerateKCLSchemaOpenAPI
--- FAIL: TestGenerateKCLSchemaOpenAPI (0.00s)
=== RUN   TestGenerateKCLSchemasOpenAPI
2025/03/08 14:37:06 processing OpenAPI schema (version: 3.0)
2025/03/08 14:37:06 processing 1 schemas in order
2025/03/08 14:37:06 field age has type: integer
2025/03/08 14:37:06 converting OpenAPI type 'integer' with format '' to KCL type
2025/03/08 14:37:06 mapped to KCL type: int
2025/03/08 14:37:06 field name has type: string
2025/03/08 14:37:06 converting OpenAPI type 'string' with format '' to KCL type
2025/03/08 14:37:06 mapped to KCL type: str
2025/03/08 14:37:06 field age has type: integer
2025/03/08 14:37:06 converting OpenAPI type 'integer' with format '' to KCL type
2025/03/08 14:37:06 mapped to KCL type: int
2025/03/08 14:37:06 field name has type: string
2025/03/08 14:37:06 converting OpenAPI type 'string' with format '' to KCL type
2025/03/08 14:37:06 mapped to KCL type: str
2025/03/08 14:37:06 generated 2 properties for schema User
2025/03/08 14:37:06 Schema User written to /tmp/kcl-test-4015619532/User.k
2025/03/08 14:37:06 generating main.k file with 1 schema imports
2025/03/08 14:37:06 successfully generated KCL schemas in /tmp/kcl-test-4015619532
    generator_oas_test.go:176: User.k contents:
        # No schema imports needed - schemas in same directory
        
        
        schema User:
            # The user's age
            age ?= int
            # The user's name
            name = str
    generator_oas_test.go:178: 
        	Error Trace:	/home/tridentsx/src/oas2kcl/openapikcl/generator_oas_test.go:178
        	Error:      	"# No schema imports needed - schemas in same directory\n\n\nschema User:\n    # The user's age\n    age ?= int\n    # The user's name\n    name = str" does not contain "name: str"
        	Test:       	TestGenerateKCLSchemasOpenAPI
    generator_oas_test.go:179: 
        	Error Trace:	/home/tridentsx/src/oas2kcl/openapikcl/generator_oas_test.go:179
        	Error:      	"# No schema imports needed - schemas in same directory\n\n\nschema User:\n    # The user's age\n    age ?= int\n    # The user's name\n    name = str" does not contain "age?: int"
        	Test:       	TestGenerateKCLSchemasOpenAPI
    generator_oas_test.go:224: 
        	Error Trace:	/home/tridentsx/src/oas2kcl/openapikcl/generator_oas_test.go:224
        	Error:      	Received unexpected error:
        	            	exit status 1
        	Test:       	TestGenerateKCLSchemasOpenAPI
        	Messages:   	KCL validation should succeed: Error: error[E1001]: InvalidSyntax
        	            	 [1;38;5;12m-->[0m /tmp/kcl-test-4015619532/User.k:6:10
        	            	[1;38;5;12m  |[0m
        	            	[1;38;5;12m6 |[0m     age ?= int
        	            	[1;38;5;12m  |[0m[1;38;5;9m          ^[0m [1;38;5;9mexpected one of [":"] got =[0m
        	            	[1;38;5;12m  |[0m
        	            	
        	            	
        	            	error[E1001]: InvalidSyntax
        	            	 [1;38;5;12m-->[0m /tmp/kcl-test-4015619532/User.k:6:10
        	            	[1;38;5;12m  |[0m
        	            	[1;38;5;12m6 |[0m     age ?= int
        	            	[1;38;5;12m  |[0m[1;38;5;9m          ^[0m [1;38;5;9mexpected one of [":"] got =[0m
        	            	[1;38;5;12m  |[0m
        	            	
        	            	
    generator_oas_test.go:228: KCL output: Error: error[E1001]: InvalidSyntax
         [1;38;5;12m-->[0m /tmp/kcl-test-4015619532/User.k:6:10
        [1;38;5;12m  |[0m
        [1;38;5;12m6 |[0m     age ?= int
        [1;38;5;12m  |[0m[1;38;5;9m          ^[0m [1;38;5;9mexpected one of [":"] got =[0m
        [1;38;5;12m  |[0m
        
        
        error[E1001]: InvalidSyntax
         [1;38;5;12m-->[0m /tmp/kcl-test-4015619532/User.k:6:10
        [1;38;5;12m  |[0m
        [1;38;5;12m6 |[0m     age ?= int
        [1;38;5;12m  |[0m[1;38;5;9m          ^[0m [1;38;5;9mexpected one of [":"] got =[0m
        [1;38;5;12m  |[0m
        
        
    generator_oas_test.go:242: Listing all generated KCL files:
    generator_oas_test.go:250: --- User.k ---
        # No schema imports needed - schemas in same directory
        
        
        schema User:
            # The user's age
            age ?= int
            # The user's name
            name = str
    generator_oas_test.go:250: --- main.k ---
        # KCL schemas generated from test
        
        # No imports needed for schemas in the same directory
        # This avoids circular dependency issues
        
        schema ValidationSchema:
            # This schema can be used to validate instances
            # Example: myInstance: SomeSchema
            _ignore?: bool = True # Empty schema
        
    generator_oas_test.go:250: --- validation_test.k ---
        
        # Basic validation test 
        # Create an instance of User schema
        user = {
            name = "Test User"
            age = 30
        }
        
        # Validate it against the User schema - no import needed
        check_user = User {
            name = user.name
            age = user.age
        }
        
--- FAIL: TestGenerateKCLSchemasOpenAPI (0.43s)
=== RUN   TestSchemaInheritanceOpenAPI
--- PASS: TestSchemaInheritanceOpenAPI (0.00s)
=== RUN   TestGenerateKCLFromFile
2025/03/08 14:37:06 starting KCL schema generation
2025/03/08 14:37:06 detected schema type: OpenAPI 3.0
2025/03/08 14:37:06 processing OpenAPI schema (version: 3.0)
2025/03/08 14:37:06 processing 13 schemas in order
2025/03/08 14:37:06 field city has type: string
2025/03/08 14:37:06 converting OpenAPI type 'string' with format '' to KCL type
2025/03/08 14:37:06 mapped to KCL type: str
2025/03/08 14:37:06 field country has type: string
2025/03/08 14:37:06 converting OpenAPI type 'string' with format '' to KCL type
2025/03/08 14:37:06 mapped to KCL type: str
2025/03/08 14:37:06 field street has type: string
2025/03/08 14:37:06 converting OpenAPI type 'string' with format '' to KCL type
2025/03/08 14:37:06 mapped to KCL type: str
2025/03/08 14:37:06 field city has type: string
2025/03/08 14:37:06 converting OpenAPI type 'string' with format '' to KCL type
2025/03/08 14:37:06 mapped to KCL type: str
2025/03/08 14:37:06 field country has type: string
2025/03/08 14:37:06 converting OpenAPI type 'string' with format '' to KCL type
2025/03/08 14:37:06 mapped to KCL type: str
2025/03/08 14:37:06 field street has type: string
2025/03/08 14:37:06 converting OpenAPI type 'string' with format '' to KCL type
2025/03/08 14:37:06 mapped to KCL type: str
2025/03/08 14:37:06 generated 3 properties for schema Address
2025/03/08 14:37:06 Schema Address written to /tmp/kcl-test-schema-1530556478/Address.k
2025/03/08 14:37:06 generated 0 properties for schema ArrayType
2025/03/08 14:37:06 Schema ArrayType written to /tmp/kcl-test-schema-1530556478/ArrayType.k
2025/03/08 14:37:06 generated 0 properties for schema BooleanType
2025/03/08 14:37:06 Schema BooleanType written to /tmp/kcl-test-schema-1530556478/BooleanType.k
2025/03/08 14:37:06 field address has reference: #/components/schemas/Address
2025/03/08 14:37:06 extracted reference name: Address
2025/03/08 14:37:06 formatted reference name: Address
2025/03/08 14:37:06 using reference Address for field address
2025/03/08 14:37:06 field id has type: string
2025/03/08 14:37:06 converting OpenAPI type 'string' with format '' to KCL type
2025/03/08 14:37:06 mapped to KCL type: str
2025/03/08 14:37:06 field name has type: string
2025/03/08 14:37:06 converting OpenAPI type 'string' with format '' to KCL type
2025/03/08 14:37:06 mapped to KCL type: str
2025/03/08 14:37:06 field address has reference: #/components/schemas/Address
2025/03/08 14:37:06 extracted reference name: Address
2025/03/08 14:37:06 formatted reference name: Address
2025/03/08 14:37:06 using reference Address for field address
2025/03/08 14:37:06 field id has type: string
2025/03/08 14:37:06 converting OpenAPI type 'string' with format '' to KCL type
2025/03/08 14:37:06 mapped to KCL type: str
2025/03/08 14:37:06 field name has type: string
2025/03/08 14:37:06 converting OpenAPI type 'string' with format '' to KCL type
2025/03/08 14:37:06 mapped to KCL type: str
2025/03/08 14:37:06 generated 3 properties for schema Customer
2025/03/08 14:37:06 Schema Customer written to /tmp/kcl-test-schema-1530556478/Customer.k
2025/03/08 14:37:06 generated 0 properties for schema EmptyObject
2025/03/08 14:37:06 Schema EmptyObject written to /tmp/kcl-test-schema-1530556478/EmptyObject.k
2025/03/08 14:37:06 field page has type: integer
2025/03/08 14:37:06 converting OpenAPI type 'integer' with format '' to KCL type
2025/03/08 14:37:06 mapped to KCL type: int
2025/03/08 14:37:06 field totalCount has type: integer
2025/03/08 14:37:06 converting OpenAPI type 'integer' with format '' to KCL type
2025/03/08 14:37:06 mapped to KCL type: int
2025/03/08 14:37:06 field page has type: integer
2025/03/08 14:37:06 converting OpenAPI type 'integer' with format '' to KCL type
2025/03/08 14:37:06 mapped to KCL type: int
2025/03/08 14:37:06 field totalCount has type: integer
2025/03/08 14:37:06 converting OpenAPI type 'integer' with format '' to KCL type
2025/03/08 14:37:06 mapped to KCL type: int
2025/03/08 14:37:06 generated 2 properties for schema Metadata
2025/03/08 14:37:06 Schema Metadata written to /tmp/kcl-test-schema-1530556478/Metadata.k
2025/03/08 14:37:06 generated 0 properties for schema NumberType
2025/03/08 14:37:06 Schema NumberType written to /tmp/kcl-test-schema-1530556478/NumberType.k
2025/03/08 14:37:06 field customer has reference: #/components/schemas/Customer
2025/03/08 14:37:06 extracted reference name: Customer
2025/03/08 14:37:06 formatted reference name: Customer
2025/03/08 14:37:06 using reference Customer for field customer
2025/03/08 14:37:06 field id has type: string
2025/03/08 14:37:06 converting OpenAPI type 'string' with format '' to KCL type
2025/03/08 14:37:06 mapped to KCL type: str
2025/03/08 14:37:06 field items has type: array
2025/03/08 14:37:06 processing array items for field items
2025/03/08 14:37:06 field item has reference: #/components/schemas/OrderItem
2025/03/08 14:37:06 extracted reference name: OrderItem
2025/03/08 14:37:06 formatted reference name: OrderItem
2025/03/08 14:37:06 using reference OrderItem for field item
2025/03/08 14:37:06 array item type for field items: OrderItem (ref: OrderItem)
2025/03/08 14:37:06 field items.items has reference: #/components/schemas/OrderItem
2025/03/08 14:37:06 extracted reference name: OrderItem
2025/03/08 14:37:06 formatted reference name: OrderItem
2025/03/08 14:37:06 using reference OrderItem for field items.items
2025/03/08 14:37:06 field status has reference: #/components/schemas/OrderStatus
2025/03/08 14:37:06 extracted reference name: OrderStatus
2025/03/08 14:37:06 formatted reference name: OrderStatus
2025/03/08 14:37:06 using reference OrderStatus for field status
2025/03/08 14:37:06 field customer has reference: #/components/schemas/Customer
2025/03/08 14:37:06 extracted reference name: Customer
2025/03/08 14:37:06 formatted reference name: Customer
2025/03/08 14:37:06 using reference Customer for field customer
2025/03/08 14:37:06 field id has type: string
2025/03/08 14:37:06 converting OpenAPI type 'string' with format '' to KCL type
2025/03/08 14:37:06 mapped to KCL type: str
2025/03/08 14:37:06 field items has type: array
2025/03/08 14:37:06 processing array items for field items
2025/03/08 14:37:06 field item has reference: #/components/schemas/OrderItem
2025/03/08 14:37:06 extracted reference name: OrderItem
2025/03/08 14:37:06 formatted reference name: OrderItem
2025/03/08 14:37:06 using reference OrderItem for field item
2025/03/08 14:37:06 array item type for field items: OrderItem (ref: OrderItem)
2025/03/08 14:37:06 field status has reference: #/components/schemas/OrderStatus
2025/03/08 14:37:06 extracted reference name: OrderStatus
2025/03/08 14:37:06 formatted reference name: OrderStatus
2025/03/08 14:37:06 using reference OrderStatus for field status
2025/03/08 14:37:06 generated 4 properties for schema Order
2025/03/08 14:37:06 Schema Order written to /tmp/kcl-test-schema-1530556478/Order.k
2025/03/08 14:37:06 field price has reference: #/components/schemas/Price
2025/03/08 14:37:06 extracted reference name: Price
2025/03/08 14:37:06 formatted reference name: Price
2025/03/08 14:37:06 using reference Price for field price
2025/03/08 14:37:06 field productId has type: string
2025/03/08 14:37:06 converting OpenAPI type 'string' with format '' to KCL type
2025/03/08 14:37:06 mapped to KCL type: str
2025/03/08 14:37:06 field quantity has type: integer
2025/03/08 14:37:06 converting OpenAPI type 'integer' with format '' to KCL type
2025/03/08 14:37:06 mapped to KCL type: int
2025/03/08 14:37:06 field price has reference: #/components/schemas/Price
2025/03/08 14:37:06 extracted reference name: Price
2025/03/08 14:37:06 formatted reference name: Price
2025/03/08 14:37:06 using reference Price for field price
2025/03/08 14:37:06 field productId has type: string
2025/03/08 14:37:06 converting OpenAPI type 'string' with format '' to KCL type
2025/03/08 14:37:06 mapped to KCL type: str
2025/03/08 14:37:06 field quantity has type: integer
2025/03/08 14:37:06 converting OpenAPI type 'integer' with format '' to KCL type
2025/03/08 14:37:06 mapped to KCL type: int
2025/03/08 14:37:06 generated 3 properties for schema OrderItem
2025/03/08 14:37:06 Schema OrderItem written to /tmp/kcl-test-schema-1530556478/OrderItem.k
2025/03/08 14:37:06 field metadata has reference: #/components/schemas/Metadata
2025/03/08 14:37:06 extracted reference name: Metadata
2025/03/08 14:37:06 formatted reference name: Metadata
2025/03/08 14:37:06 using reference Metadata for field metadata
2025/03/08 14:37:06 field orders has type: array
2025/03/08 14:37:06 processing array items for field orders
2025/03/08 14:37:06 field item has reference: #/components/schemas/Order
2025/03/08 14:37:06 extracted reference name: Order
2025/03/08 14:37:06 formatted reference name: Order
2025/03/08 14:37:06 using reference Order for field item
2025/03/08 14:37:06 array item type for field orders: Order (ref: Order)
2025/03/08 14:37:06 field orders.items has reference: #/components/schemas/Order
2025/03/08 14:37:06 extracted reference name: Order
2025/03/08 14:37:06 formatted reference name: Order
2025/03/08 14:37:06 using reference Order for field orders.items
2025/03/08 14:37:06 field metadata has reference: #/components/schemas/Metadata
2025/03/08 14:37:06 extracted reference name: Metadata
2025/03/08 14:37:06 formatted reference name: Metadata
2025/03/08 14:37:06 using reference Metadata for field metadata
2025/03/08 14:37:06 field orders has type: array
2025/03/08 14:37:06 processing array items for field orders
2025/03/08 14:37:06 field item has reference: #/components/schemas/Order
2025/03/08 14:37:06 extracted reference name: Order
2025/03/08 14:37:06 formatted reference name: Order
2025/03/08 14:37:06 using reference Order for field item
2025/03/08 14:37:06 array item type for field orders: Order (ref: Order)
2025/03/08 14:37:06 generated 2 properties for schema OrderResponse
2025/03/08 14:37:06 Schema OrderResponse written to /tmp/kcl-test-schema-1530556478/OrderResponse.k
2025/03/08 14:37:06 generated 0 properties for schema OrderStatus
2025/03/08 14:37:06 Schema OrderStatus written to /tmp/kcl-test-schema-1530556478/OrderStatus.k
2025/03/08 14:37:06 field amount has type: number
2025/03/08 14:37:06 converting OpenAPI type 'number' with format '' to KCL type
2025/03/08 14:37:06 mapped to KCL type: float
2025/03/08 14:37:06 field currency has type: string
2025/03/08 14:37:06 converting OpenAPI type 'string' with format '' to KCL type
2025/03/08 14:37:06 mapped to KCL type: str
2025/03/08 14:37:06 field amount has type: number
2025/03/08 14:37:06 converting OpenAPI type 'number' with format '' to KCL type
2025/03/08 14:37:06 mapped to KCL type: float
2025/03/08 14:37:06 field currency has type: string
2025/03/08 14:37:06 converting OpenAPI type 'string' with format '' to KCL type
2025/03/08 14:37:06 mapped to KCL type: str
2025/03/08 14:37:06 generated 2 properties for schema Price
2025/03/08 14:37:06 Schema Price written to /tmp/kcl-test-schema-1530556478/Price.k
2025/03/08 14:37:06 generated 0 properties for schema StringType
2025/03/08 14:37:06 Schema StringType written to /tmp/kcl-test-schema-1530556478/StringType.k
2025/03/08 14:37:06 generating main.k file with 13 schema imports
2025/03/08 14:37:06 successfully generated KCL schemas in /tmp/kcl-test-schema-1530556478
Address.k
ArrayType.k
BooleanType.k
Customer.k
EmptyObject.k
Metadata.k
NumberType.k
Order.k
OrderItem.k
OrderResponse.k
OrderStatus.k
Price.k
StringType.k
main.k
    generator_oas_test.go:422: 
        	Error Trace:	/home/tridentsx/src/oas2kcl/openapikcl/generator_oas_test.go:422
        	Error:      	Received unexpected error:
        	            	exit status 1
        	Test:       	TestGenerateKCLFromFile
        	Messages:   	KCL validation should succeed: Error: error[E1001]: InvalidSyntax
        	            	 [1;38;5;12m-->[0m /tmp/kcl-test-schema-1530556478/Address.k:5:11
        	            	[1;38;5;12m  |[0m
        	            	[1;38;5;12m5 |[0m     city ?= str
        	            	[1;38;5;12m  |[0m[1;38;5;9m           ^[0m [1;38;5;9mexpected one of [":"] got =[0m
        	            	[1;38;5;12m  |[0m
        	            	
        	            	
        	            	error[E1001]: InvalidSyntax
        	            	 [1;38;5;12m-->[0m /tmp/kcl-test-schema-1530556478/Address.k:6:14
        	            	[1;38;5;12m  |[0m
        	            	[1;38;5;12m6 |[0m     country ?= str
        	            	[1;38;5;12m  |[0m[1;38;5;9m              ^[0m [1;38;5;9mexpected one of [":"] got =[0m
        	            	[1;38;5;12m  |[0m
        	            	
        	            	
        	            	error[E1001]: InvalidSyntax
        	            	 [1;38;5;12m-->[0m /tmp/kcl-test-schema-1530556478/Address.k:7:13
        	            	[1;38;5;12m  |[0m
        	            	[1;38;5;12m7 |[0m     street ?= str
        	            	[1;38;5;12m  |[0m[1;38;5;9m             ^[0m [1;38;5;9mexpected one of [":"] got =[0m
        	            	[1;38;5;12m  |[0m
        	            	
        	            	
        	            	error[E1001]: InvalidSyntax
        	            	 [1;38;5;12m-->[0m /tmp/kcl-test-schema-1530556478/Customer.k:5:14
        	            	[1;38;5;12m  |[0m
        	            	[1;38;5;12m5 |[0m     address ?= Address
        	            	[1;38;5;12m  |[0m[1;38;5;9m              ^[0m [1;38;5;9mexpected one of [":"] got =[0m
        	            	[1;38;5;12m  |[0m
        	            	
        	            	
        	            	error[E1001]: InvalidSyntax
        	            	 [1;38;5;12m-->[0m /tmp/kcl-test-schema-1530556478/Customer.k:6:9
        	            	[1;38;5;12m  |[0m
        	            	[1;38;5;12m6 |[0m     id ?= str
        	            	[1;38;5;12m  |[0m[1;38;5;9m         ^[0m [1;38;5;9mexpected one of [":"] got =[0m
        	            	[1;38;5;12m  |[0m
        	            	
        	            	
        	            	error[E1001]: InvalidSyntax
        	            	 [1;38;5;12m-->[0m /tmp/kcl-test-schema-1530556478/Customer.k:7:11
        	            	[1;38;5;12m  |[0m
        	            	[1;38;5;12m7 |[0m     name ?= str
        	            	[1;38;5;12m  |[0m[1;38;5;9m           ^[0m [1;38;5;9mexpected one of [":"] got =[0m
        	            	[1;38;5;12m  |[0m
        	            	
        	            	
        	            	error[E1001]: InvalidSyntax
        	            	 [1;38;5;12m-->[0m /tmp/kcl-test-schema-1530556478/Metadata.k:5:11
        	            	[1;38;5;12m  |[0m
        	            	[1;38;5;12m5 |[0m     page ?= int
        	            	[1;38;5;12m  |[0m[1;38;5;9m           ^[0m [1;38;5;9mexpected one of [":"] got =[0m
        	            	[1;38;5;12m  |[0m
        	            	
        	            	
        	            	error[E1001]: InvalidSyntax
        	            	 [1;38;5;12m-->[0m /tmp/kcl-test-schema-1530556478/Metadata.k:6:17
        	            	[1;38;5;12m  |[0m
        	            	[1;38;5;12m6 |[0m     totalCount ?= int
        	            	[1;38;5;12m  |[0m[1;38;5;9m                 ^[0m [1;38;5;9mexpected one of [":"] got =[0m
        	            	[1;38;5;12m  |[0m
        	            	
        	            	
        	            	error[E1001]: InvalidSyntax
        	            	 [1;38;5;12m-->[0m /tmp/kcl-test-schema-1530556478/Order.k:5:15
        	            	[1;38;5;12m  |[0m
        	            	[1;38;5;12m5 |[0m     customer ?= Customer
        	            	[1;38;5;12m  |[0m[1;38;5;9m               ^[0m [1;38;5;9mexpected one of [":"] got =[0m
        	            	[1;38;5;12m  |[0m
        	            	
        	            	
        	            	error[E1001]: InvalidSyntax
        	            	 [1;38;5;12m-->[0m /tmp/kcl-test-schema-1530556478/Order.k:6:9
        	            	[1;38;5;12m  |[0m
        	            	[1;38;5;12m6 |[0m     id ?= str
        	            	[1;38;5;12m  |[0m[1;38;5;9m         ^[0m [1;38;5;9mexpected one of [":"] got =[0m
        	            	[1;38;5;12m  |[0m
        	            	
        	            	
        	            	error[E1001]: InvalidSyntax
        	            	 [1;38;5;12m-->[0m /tmp/kcl-test-schema-1530556478/Order.k:7:12
        	            	[1;38;5;12m  |[0m
        	            	[1;38;5;12m7 |[0m     items ?= [OrderItem]
        	            	[1;38;5;12m  |[0m[1;38;5;9m            ^[0m [1;38;5;9mexpected one of [":"] got =[0m
        	            	[1;38;5;12m  |[0m
        	            	
        	            	
        	            	error[E1001]: InvalidSyntax
        	            	 [1;38;5;12m-->[0m /tmp/kcl-test-schema-1530556478/Order.k:8:13
        	            	[1;38;5;12m  |[0m
        	            	[1;38;5;12m8 |[0m     status ?= OrderStatus
        	            	[1;38;5;12m  |[0m[1;38;5;9m             ^[0m [1;38;5;9mexpected one of [":"] got =[0m
        	            	[1;38;5;12m  |[0m
        	            	
        	            	
        	            	error[E1001]: InvalidSyntax
        	            	 [1;38;5;12m-->[0m /tmp/kcl-test-schema-1530556478/OrderItem.k:5:12
        	            	[1;38;5;12m  |[0m
        	            	[1;38;5;12m5 |[0m     price ?= Price
        	            	[1;38;5;12m  |[0m[1;38;5;9m            ^[0m [1;38;5;9mexpected one of [":"] got =[0m
        	            	[1;38;5;12m  |[0m
        	            	
        	            	
        	            	error[E1001]: InvalidSyntax
        	            	 [1;38;5;12m-->[0m /tmp/kcl-test-schema-1530556478/OrderItem.k:6:16
        	            	[1;38;5;12m  |[0m
        	            	[1;38;5;12m6 |[0m     productId ?= str
        	            	[1;38;5;12m  |[0m[1;38;5;9m                ^[0m [1;38;5;9mexpected one of [":"] got =[0m
        	            	[1;38;5;12m  |[0m
        	            	
        	            	
        	            	error[E1001]: InvalidSyntax
        	            	 [1;38;5;12m-->[0m /tmp/kcl-test-schema-1530556478/OrderItem.k:7:15
        	            	[1;38;5;12m  |[0m
        	            	[1;38;5;12m7 |[0m     quantity ?= int
        	            	[1;38;5;12m  |[0m[1;38;5;9m               ^[0m [1;38;5;9mexpected one of [":"] got =[0m
        	            	[1;38;5;12m  |[0m
        	            	
        	            	
        	            	error[E1001]: InvalidSyntax
        	            	 [1;38;5;12m-->[0m /tmp/kcl-test-schema-1530556478/OrderResponse.k:5:15
        	            	[1;38;5;12m  |[0m
        	            	[1;38;5;12m5 |[0m     metadata ?= Metadata
        	            	[1;38;5;12m  |[0m[1;38;5;9m               ^[0m [1;38;5;9mexpected one of [":"] got =[0m
        	            	[1;38;5;12m  |[0m
        	            	
        	            	
        	            	error[E1001]: InvalidSyntax
        	            	 [1;38;5;12m-->[0m /tmp/kcl-test-schema-1530556478/OrderResponse.k:6:13
        	            	[1;38;5;12m  |[0m
        	            	[1;38;5;12m6 |[0m     orders ?= [Order]
        	            	[1;38;5;12m  |[0m[1;38;5;9m             ^[0m [1;38;5;9mexpected one of [":"] got =[0m
        	            	[1;38;5;12m  |[0m
        	            	
        	            	
        	            	error[E1001]: InvalidSyntax
        	            	 [1;38;5;12m-->[0m /tmp/kcl-test-schema-1530556478/Price.k:5:13
        	            	[1;38;5;12m  |[0m
        	            	[1;38;5;12m5 |[0m     amount ?= float
        	            	[1;38;5;12m  |[0m[1;38;5;9m             ^[0m [1;38;5;9mexpected one of [":"] got =[0m
        	            	[1;38;5;12m  |[0m
        	            	
        	            	
        	            	error[E1001]: InvalidSyntax
        	            	 [1;38;5;12m-->[0m /tmp/kcl-test-schema-1530556478/Price.k:6:15
        	            	[1;38;5;12m  |[0m
        	            	[1;38;5;12m6 |[0m     currency ?= str
        	            	[1;38;5;12m  |[0m[1;38;5;9m               ^[0m [1;38;5;9mexpected one of [":"] got =[0m
        	            	[1;38;5;12m  |[0m
        	            	
        	            	
        	            	error[E1001]: InvalidSyntax
        	            	 [1;38;5;12m-->[0m /tmp/kcl-test-schema-1530556478/Address.k:5:11
        	            	[1;38;5;12m  |[0m
        	            	[1;38;5;12m5 |[0m     city ?= str
        	            	[1;38;5;12m  |[0m[1;38;5;9m           ^[0m [1;38;5;9mexpected one of [":"] got =[0m
        	            	[1;38;5;12m  |[0m
        	            	
        	            	
        	            	error[E1001]: InvalidSyntax
        	            	 [1;38;5;12m-->[0m /tmp/kcl-test-schema-1530556478/Address.k:6:14
        	            	[1;38;5;12m  |[0m
        	            	[1;38;5;12m6 |[0m     country ?= str
        	            	[1;38;5;12m  |[0m[1;38;5;9m              ^[0m [1;38;5;9mexpected one of [":"] got =[0m
        	            	[1;38;5;12m  |[0m
        	            	
        	            	
        	            	error[E1001]: InvalidSyntax
        	            	 [1;38;5;12m-->[0m /tmp/kcl-test-schema-1530556478/Address.k:7:13
        	            	[1;38;5;12m  |[0m
        	            	[1;38;5;12m7 |[0m     street ?= str
        	            	[1;38;5;12m  |[0m[1;38;5;9m             ^[0m [1;38;5;9mexpected one of [":"] got =[0m
        	            	[1;38;5;12m  |[0m
        	            	
        	            	
        	            	error[E1001]: InvalidSyntax
        	            	 [1;38;5;12m-->[0m /tmp/kcl-test-schema-1530556478/Customer.k:5:14
        	            	[1;38;5;12m  |[0m
        	            	[1;38;5;12m5 |[0m     address ?= Address
        	            	[1;38;5;12m  |[0m[1;38;5;9m              ^[0m [1;38;5;9mexpected one of [":"] got =[0m
        	            	[1;38;5;12m  |[0m
        	            	
        	            	
        	            	error[E1001]: InvalidSyntax
        	            	 [1;38;5;12m-->[0m /tmp/kcl-test-schema-1530556478/Customer.k:6:9
        	            	[1;38;5;12m  |[0m
        	            	[1;38;5;12m6 |[0m     id ?= str
        	            	[1;38;5;12m  |[0m[1;38;5;9m         ^[0m [1;38;5;9mexpected one of [":"] got =[0m
        	            	[1;38;5;12m  |[0m
        	            	
        	            	
        	            	error[E1001]: InvalidSyntax
        	            	 [1;38;5;12m-->[0m /tmp/kcl-test-schema-1530556478/Customer.k:7:11
        	            	[1;38;5;12m  |[0m
        	            	[1;38;5;12m7 |[0m     name ?= str
        	            	[1;38;5;12m  |[0m[1;38;5;9m           ^[0m [1;38;5;9mexpected one of [":"] got =[0m
        	            	[1;38;5;12m  |[0m
        	            	
        	            	
        	            	error[E1001]: InvalidSyntax
        	            	 [1;38;5;12m-->[0m /tmp/kcl-test-schema-1530556478/Metadata.k:5:11
        	            	[1;38;5;12m  |[0m
        	            	[1;38;5;12m5 |[0m     page ?= int
        	            	[1;38;5;12m  |[0m[1;38;5;9m           ^[0m [1;38;5;9mexpected one of [":"] got =[0m
        	            	[1;38;5;12m  |[0m
        	            	
        	            	
        	            	error[E1001]: InvalidSyntax
        	            	 [1;38;5;12m-->[0m /tmp/kcl-test-schema-1530556478/Metadata.k:6:17
        	            	[1;38;5;12m  |[0m
        	            	[1;38;5;12m6 |[0m     totalCount ?= int
        	            	[1;38;5;12m  |[0m[1;38;5;9m                 ^[0m [1;38;5;9mexpected one of [":"] got =[0m
        	            	[1;38;5;12m  |[0m
        	            	
        	            	
        	            	error[E1001]: InvalidSyntax
        	            	 [1;38;5;12m-->[0m /tmp/kcl-test-schema-1530556478/Order.k:5:15
        	            	[1;38;5;12m  |[0m
        	            	[1;38;5;12m5 |[0m     customer ?= Customer
        	            	[1;38;5;12m  |[0m[1;38;5;9m               ^[0m [1;38;5;9mexpected one of [":"] got =[0m
        	            	[1;38;5;12m  |[0m
        	            	
        	            	
        	            	error[E1001]: InvalidSyntax
        	            	 [1;38;5;12m-->[0m /tmp/kcl-test-schema-1530556478/Order.k:6:9
        	            	[1;38;5;12m  |[0m
        	            	[1;38;5;12m6 |[0m     id ?= str
        	            	[1;38;5;12m  |[0m[1;38;5;9m         ^[0m [1;38;5;9mexpected one of [":"] got =[0m
        	            	[1;38;5;12m  |[0m
        	            	
        	            	
        	            	error[E1001]: InvalidSyntax
        	            	 [1;38;5;12m-->[0m /tmp/kcl-test-schema-1530556478/Order.k:7:12
        	            	[1;38;5;12m  |[0m
        	            	[1;38;5;12m7 |[0m     items ?= [OrderItem]
        	            	[1;38;5;12m  |[0m[1;38;5;9m            ^[0m [1;38;5;9mexpected one of [":"] got =[0m
        	            	[1;38;5;12m  |[0m
        	            	
        	            	
        	            	error[E1001]: InvalidSyntax
        	            	 [1;38;5;12m-->[0m /tmp/kcl-test-schema-1530556478/Order.k:8:13
        	            	[1;38;5;12m  |[0m
        	            	[1;38;5;12m8 |[0m     status ?= OrderStatus
        	            	[1;38;5;12m  |[0m[1;38;5;9m             ^[0m [1;38;5;9mexpected one of [":"] got =[0m
        	            	[1;38;5;12m  |[0m
        	            	
        	            	
        	            	error[E1001]: InvalidSyntax
        	            	 [1;38;5;12m-->[0m /tmp/kcl-test-schema-1530556478/OrderItem.k:5:12
        	            	[1;38;5;12m  |[0m
        	            	[1;38;5;12m5 |[0m     price ?= Price
        	            	[1;38;5;12m  |[0m[1;38;5;9m            ^[0m [1;38;5;9mexpected one of [":"] got =[0m
        	            	[1;38;5;12m  |[0m
        	            	
        	            	
        	            	error[E1001]: InvalidSyntax
        	            	 [1;38;5;12m-->[0m /tmp/kcl-test-schema-1530556478/OrderItem.k:6:16
        	            	[1;38;5;12m  |[0m
        	            	[1;38;5;12m6 |[0m     productId ?= str
        	            	[1;38;5;12m  |[0m[1;38;5;9m                ^[0m [1;38;5;9mexpected one of [":"] got =[0m
        	            	[1;38;5;12m  |[0m
        	            	
        	            	
        	            	error[E1001]: InvalidSyntax
        	            	 [1;38;5;12m-->[0m /tmp/kcl-test-schema-1530556478/OrderItem.k:7:15
        	            	[1;38;5;12m  |[0m
        	            	[1;38;5;12m7 |[0m     quantity ?= int
        	            	[1;38;5;12m  |[0m[1;38;5;9m               ^[0m [1;38;5;9mexpected one of [":"] got =[0m
        	            	[1;38;5;12m  |[0m
        	            	
        	            	
        	            	error[E1001]: InvalidSyntax
        	            	 [1;38;5;12m-->[0m /tmp/kcl-test-schema-1530556478/OrderResponse.k:5:15
        	            	[1;38;5;12m  |[0m
        	            	[1;38;5;12m5 |[0m     metadata ?= Metadata
        	            	[1;38;5;12m  |[0m[1;38;5;9m               ^[0m [1;38;5;9mexpected one of [":"] got =[0m
        	            	[1;38;5;12m  |[0m
        	            	
        	            	
        	            	error[E1001]: InvalidSyntax
        	            	 [1;38;5;12m-->[0m /tmp/kcl-test-schema-1530556478/OrderResponse.k:6:13
        	            	[1;38;5;12m  |[0m
        	            	[1;38;5;12m6 |[0m     orders ?= [Order]
        	            	[1;38;5;12m  |[0m[1;38;5;9m             ^[0m [1;38;5;9mexpected one of [":"] got =[0m
        	            	[1;38;5;12m  |[0m
        	            	
        	            	
        	            	error[E1001]: InvalidSyntax
        	            	 [1;38;5;12m-->[0m /tmp/kcl-test-schema-1530556478/Price.k:5:13
        	            	[1;38;5;12m  |[0m
        	            	[1;38;5;12m5 |[0m     amount ?= float
        	            	[1;38;5;12m  |[0m[1;38;5;9m             ^[0m [1;38;5;9mexpected one of [":"] got =[0m
        	            	[1;38;5;12m  |[0m
        	            	
        	            	
        	            	error[E1001]: InvalidSyntax
        	            	 [1;38;5;12m-->[0m /tmp/kcl-test-schema-1530556478/Price.k:6:15
        	            	[1;38;5;12m  |[0m
        	            	[1;38;5;12m6 |[0m     currency ?= str
        	            	[1;38;5;12m  |[0m[1;38;5;9m               ^[0m [1;38;5;9mexpected one of [":"] got =[0m
        	            	[1;38;5;12m  |[0m
        	            	
        	            	
    generator_oas_test.go:426: KCL output: Error: error[E1001]: InvalidSyntax
         [1;38;5;12m-->[0m /tmp/kcl-test-schema-1530556478/Address.k:5:11
        [1;38;5;12m  |[0m
        [1;38;5;12m5 |[0m     city ?= str
        [1;38;5;12m  |[0m[1;38;5;9m           ^[0m [1;38;5;9mexpected one of [":"] got =[0m
        [1;38;5;12m  |[0m
        
        
        error[E1001]: InvalidSyntax
         [1;38;5;12m-->[0m /tmp/kcl-test-schema-1530556478/Address.k:6:14
        [1;38;5;12m  |[0m
        [1;38;5;12m6 |[0m     country ?= str
        [1;38;5;12m  |[0m[1;38;5;9m              ^[0m [1;38;5;9mexpected one of [":"] got =[0m
        [1;38;5;12m  |[0m
        
        
        error[E1001]: InvalidSyntax
         [1;38;5;12m-->[0m /tmp/kcl-test-schema-1530556478/Address.k:7:13
        [1;38;5;12m  |[0m
        [1;38;5;12m7 |[0m     street ?= str
        [1;38;5;12m  |[0m[1;38;5;9m             ^[0m [1;38;5;9mexpected one of [":"] got =[0m
        [1;38;5;12m  |[0m
        
        
        error[E1001]: InvalidSyntax
         [1;38;5;12m-->[0m /tmp/kcl-test-schema-1530556478/Customer.k:5:14
        [1;38;5;12m  |[0m
        [1;38;5;12m5 |[0m     address ?= Address
        [1;38;5;12m  |[0m[1;38;5;9m              ^[0m [1;38;5;9mexpected one of [":"] got =[0m
        [1;38;5;12m  |[0m
        
        
        error[E1001]: InvalidSyntax
         [1;38;5;12m-->[0m /tmp/kcl-test-schema-1530556478/Customer.k:6:9
        [1;38;5;12m  |[0m
        [1;38;5;12m6 |[0m     id ?= str
        [1;38;5;12m  |[0m[1;38;5;9m         ^[0m [1;38;5;9mexpected one of [":"] got =[0m
        [1;38;5;12m  |[0m
        
        
        error[E1001]: InvalidSyntax
         [1;38;5;12m-->[0m /tmp/kcl-test-schema-1530556478/Customer.k:7:11
        [1;38;5;12m  |[0m
        [1;38;5;12m7 |[0m     name ?= str
        [1;38;5;12m  |[0m[1;38;5;9m           ^[0m [1;38;5;9mexpected one of [":"] got =[0m
        [1;38;5;12m  |[0m
        
        
        error[E1001]: InvalidSyntax
         [1;38;5;12m-->[0m /tmp/kcl-test-schema-1530556478/Metadata.k:5:11
        [1;38;5;12m  |[0m
        [1;38;5;12m5 |[0m     page ?= int
        [1;38;5;12m  |[0m[1;38;5;9m           ^[0m [1;38;5;9mexpected one of [":"] got =[0m
        [1;38;5;12m  |[0m
        
        
        error[E1001]: InvalidSyntax
         [1;38;5;12m-->[0m /tmp/kcl-test-schema-1530556478/Metadata.k:6:17
        [1;38;5;12m  |[0m
        [1;38;5;12m6 |[0m     totalCount ?= int
        [1;38;5;12m  |[0m[1;38;5;9m                 ^[0m [1;38;5;9mexpected one of [":"] got =[0m
        [1;38;5;12m  |[0m
        
        
        error[E1001]: InvalidSyntax
         [1;38;5;12m-->[0m /tmp/kcl-test-schema-1530556478/Order.k:5:15
        [1;38;5;12m  |[0m
        [1;38;5;12m5 |[0m     customer ?= Customer
        [1;38;5;12m  |[0m[1;38;5;9m               ^[0m [1;38;5;9mexpected one of [":"] got =[0m
        [1;38;5;12m  |[0m
        
        
        error[E1001]: InvalidSyntax
         [1;38;5;12m-->[0m /tmp/kcl-test-schema-1530556478/Order.k:6:9
        [1;38;5;12m  |[0m
        [1;38;5;12m6 |[0m     id ?= str
        [1;38;5;12m  |[0m[1;38;5;9m         ^[0m [1;38;5;9mexpected one of [":"] got =[0m
        [1;38;5;12m  |[0m
        
        
        error[E1001]: InvalidSyntax
         [1;38;5;12m-->[0m /tmp/kcl-test-schema-1530556478/Order.k:7:12
        [1;38;5;12m  |[0m
        [1;38;5;12m7 |[0m     items ?= [OrderItem]
        [1;38;5;12m  |[0m[1;38;5;9m            ^[0m [1;38;5;9mexpected one of [":"] got =[0m
        [1;38;5;12m  |[0m
        
        
        error[E1001]: InvalidSyntax
         [1;38;5;12m-->[0m /tmp/kcl-test-schema-1530556478/Order.k:8:13
        [1;38;5;12m  |[0m
        [1;38;5;12m8 |[0m     status ?= OrderStatus
        [1;38;5;12m  |[0m[1;38;5;9m             ^[0m [1;38;5;9mexpected one of [":"] got =[0m
        [1;38;5;12m  |[0m
        
        
        error[E1001]: InvalidSyntax
         [1;38;5;12m-->[0m /tmp/kcl-test-schema-1530556478/OrderItem.k:5:12
        [1;38;5;12m  |[0m
        [1;38;5;12m5 |[0m     price ?= Price
        [1;38;5;12m  |[0m[1;38;5;9m            ^[0m [1;38;5;9mexpected one of [":"] got =[0m
        [1;38;5;12m  |[0m
        
        
        error[E1001]: InvalidSyntax
         [1;38;5;12m-->[0m /tmp/kcl-test-schema-1530556478/OrderItem.k:6:16
        [1;38;5;12m  |[0m
        [1;38;5;12m6 |[0m     productId ?= str
        [1;38;5;12m  |[0m[1;38;5;9m                ^[0m [1;38;5;9mexpected one of [":"] got =[0m
        [1;38;5;12m  |[0m
        
        
        error[E1001]: InvalidSyntax
         [1;38;5;12m-->[0m /tmp/kcl-test-schema-1530556478/OrderItem.k:7:15
        [1;38;5;12m  |[0m
        [1;38;5;12m7 |[0m     quantity ?= int
        [1;38;5;12m  |[0m[1;38;5;9m               ^[0m [1;38;5;9mexpected one of [":"] got =[0m
        [1;38;5;12m  |[0m
        
        
        error[E1001]: InvalidSyntax
         [1;38;5;12m-->[0m /tmp/kcl-test-schema-1530556478/OrderResponse.k:5:15
        [1;38;5;12m  |[0m
        [1;38;5;12m5 |[0m     metadata ?= Metadata
        [1;38;5;12m  |[0m[1;38;5;9m               ^[0m [1;38;5;9mexpected one of [":"] got =[0m
        [1;38;5;12m  |[0m
        
        
        error[E1001]: InvalidSyntax
         [1;38;5;12m-->[0m /tmp/kcl-test-schema-1530556478/OrderResponse.k:6:13
        [1;38;5;12m  |[0m
        [1;38;5;12m6 |[0m     orders ?= [Order]
        [1;38;5;12m  |[0m[1;38;5;9m             ^[0m [1;38;5;9mexpected one of [":"] got =[0m
        [1;38;5;12m  |[0m
        
        
        error[E1001]: InvalidSyntax
         [1;38;5;12m-->[0m /tmp/kcl-test-schema-1530556478/Price.k:5:13
        [1;38;5;12m  |[0m
        [1;38;5;12m5 |[0m     amount ?= float
        [1;38;5;12m  |[0m[1;38;5;9m             ^[0m [1;38;5;9mexpected one of [":"] got =[0m
        [1;38;5;12m  |[0m
        
        
        error[E1001]: InvalidSyntax
         [1;38;5;12m-->[0m /tmp/kcl-test-schema-1530556478/Price.k:6:15
        [1;38;5;12m  |[0m
        [1;38;5;12m6 |[0m     currency ?= str
        [1;38;5;12m  |[0m[1;38;5;9m               ^[0m [1;38;5;9mexpected one of [":"] got =[0m
        [1;38;5;12m  |[0m
        
        
        error[E1001]: InvalidSyntax
         [1;38;5;12m-->[0m /tmp/kcl-test-schema-1530556478/Address.k:5:11
        [1;38;5;12m  |[0m
        [1;38;5;12m5 |[0m     city ?= str
        [1;38;5;12m  |[0m[1;38;5;9m           ^[0m [1;38;5;9mexpected one of [":"] got =[0m
        [1;38;5;12m  |[0m
        
        
        error[E1001]: InvalidSyntax
         [1;38;5;12m-->[0m /tmp/kcl-test-schema-1530556478/Address.k:6:14
        [1;38;5;12m  |[0m
        [1;38;5;12m6 |[0m     country ?= str
        [1;38;5;12m  |[0m[1;38;5;9m              ^[0m [1;38;5;9mexpected one of [":"] got =[0m
        [1;38;5;12m  |[0m
        
        
        error[E1001]: InvalidSyntax
         [1;38;5;12m-->[0m /tmp/kcl-test-schema-1530556478/Address.k:7:13
        [1;38;5;12m  |[0m
        [1;38;5;12m7 |[0m     street ?= str
        [1;38;5;12m  |[0m[1;38;5;9m             ^[0m [1;38;5;9mexpected one of [":"] got =[0m
        [1;38;5;12m  |[0m
        
        
        error[E1001]: InvalidSyntax
         [1;38;5;12m-->[0m /tmp/kcl-test-schema-1530556478/Customer.k:5:14
        [1;38;5;12m  |[0m
        [1;38;5;12m5 |[0m     address ?= Address
        [1;38;5;12m  |[0m[1;38;5;9m              ^[0m [1;38;5;9mexpected one of [":"] got =[0m
        [1;38;5;12m  |[0m
        
        
        error[E1001]: InvalidSyntax
         [1;38;5;12m-->[0m /tmp/kcl-test-schema-1530556478/Customer.k:6:9
        [1;38;5;12m  |[0m
        [1;38;5;12m6 |[0m     id ?= str
        [1;38;5;12m  |[0m[1;38;5;9m         ^[0m [1;38;5;9mexpected one of [":"] got =[0m
        [1;38;5;12m  |[0m
        
        
        error[E1001]: InvalidSyntax
         [1;38;5;12m-->[0m /tmp/kcl-test-schema-1530556478/Customer.k:7:11
        [1;38;5;12m  |[0m
        [1;38;5;12m7 |[0m     name ?= str
        [1;38;5;12m  |[0m[1;38;5;9m           ^[0m [1;38;5;9mexpected one of [":"] got =[0m
        [1;38;5;12m  |[0m
        
        
        error[E1001]: InvalidSyntax
         [1;38;5;12m-->[0m /tmp/kcl-test-schema-1530556478/Metadata.k:5:11
        [1;38;5;12m  |[0m
        [1;38;5;12m5 |[0m     page ?= int
        [1;38;5;12m  |[0m[1;38;5;9m           ^[0m [1;38;5;9mexpected one of [":"] got =[0m
        [1;38;5;12m  |[0m
        
        
        error[E1001]: InvalidSyntax
         [1;38;5;12m-->[0m /tmp/kcl-test-schema-1530556478/Metadata.k:6:17
        [1;38;5;12m  |[0m
        [1;38;5;12m6 |[0m     totalCount ?= int
        [1;38;5;12m  |[0m[1;38;5;9m                 ^[0m [1;38;5;9mexpected one of [":"] got =[0m
        [1;38;5;12m  |[0m
        
        
        error[E1001]: InvalidSyntax
         [1;38;5;12m-->[0m /tmp/kcl-test-schema-1530556478/Order.k:5:15
        [1;38;5;12m  |[0m
        [1;38;5;12m5 |[0m     customer ?= Customer
        [1;38;5;12m  |[0m[1;38;5;9m               ^[0m [1;38;5;9mexpected one of [":"] got =[0m
        [1;38;5;12m  |[0m
        
        
        error[E1001]: InvalidSyntax
         [1;38;5;12m-->[0m /tmp/kcl-test-schema-1530556478/Order.k:6:9
        [1;38;5;12m  |[0m
        [1;38;5;12m6 |[0m     id ?= str
        [1;38;5;12m  |[0m[1;38;5;9m         ^[0m [1;38;5;9mexpected one of [":"] got =[0m
        [1;38;5;12m  |[0m
        
        
        error[E1001]: InvalidSyntax
         [1;38;5;12m-->[0m /tmp/kcl-test-schema-1530556478/Order.k:7:12
        [1;38;5;12m  |[0m
        [1;38;5;12m7 |[0m     items ?= [OrderItem]
        [1;38;5;12m  |[0m[1;38;5;9m            ^[0m [1;38;5;9mexpected one of [":"] got =[0m
        [1;38;5;12m  |[0m
        
        
        error[E1001]: InvalidSyntax
         [1;38;5;12m-->[0m /tmp/kcl-test-schema-1530556478/Order.k:8:13
        [1;38;5;12m  |[0m
        [1;38;5;12m8 |[0m     status ?= OrderStatus
        [1;38;5;12m  |[0m[1;38;5;9m             ^[0m [1;38;5;9mexpected one of [":"] got =[0m
        [1;38;5;12m  |[0m
        
        
        error[E1001]: InvalidSyntax
         [1;38;5;12m-->[0m /tmp/kcl-test-schema-1530556478/OrderItem.k:5:12
        [1;38;5;12m  |[0m
        [1;38;5;12m5 |[0m     price ?= Price
        [1;38;5;12m  |[0m[1;38;5;9m            ^[0m [1;38;5;9mexpected one of [":"] got =[0m
        [1;38;5;12m  |[0m
        
        
        error[E1001]: InvalidSyntax
         [1;38;5;12m-->[0m /tmp/kcl-test-schema-1530556478/OrderItem.k:6:16
        [1;38;5;12m  |[0m
        [1;38;5;12m6 |[0m     productId ?= str
        [1;38;5;12m  |[0m[1;38;5;9m                ^[0m [1;38;5;9mexpected one of [":"] got =[0m
        [1;38;5;12m  |[0m
        
        
        error[E1001]: InvalidSyntax
         [1;38;5;12m-->[0m /tmp/kcl-test-schema-1530556478/OrderItem.k:7:15
        [1;38;5;12m  |[0m
        [1;38;5;12m7 |[0m     quantity ?= int
        [1;38;5;12m  |[0m[1;38;5;9m               ^[0m [1;38;5;9mexpected one of [":"] got =[0m
        [1;38;5;12m  |[0m
        
        
        error[E1001]: InvalidSyntax
         [1;38;5;12m-->[0m /tmp/kcl-test-schema-1530556478/OrderResponse.k:5:15
        [1;38;5;12m  |[0m
        [1;38;5;12m5 |[0m     metadata ?= Metadata
        [1;38;5;12m  |[0m[1;38;5;9m               ^[0m [1;38;5;9mexpected one of [":"] got =[0m
        [1;38;5;12m  |[0m
        
        
        error[E1001]: InvalidSyntax
         [1;38;5;12m-->[0m /tmp/kcl-test-schema-1530556478/OrderResponse.k:6:13
        [1;38;5;12m  |[0m
        [1;38;5;12m6 |[0m     orders ?= [Order]
        [1;38;5;12m  |[0m[1;38;5;9m             ^[0m [1;38;5;9mexpected one of [":"] got =[0m
        [1;38;5;12m  |[0m
        
        
        error[E1001]: InvalidSyntax
         [1;38;5;12m-->[0m /tmp/kcl-test-schema-1530556478/Price.k:5:13
        [1;38;5;12m  |[0m
        [1;38;5;12m5 |[0m     amount ?= float
        [1;38;5;12m  |[0m[1;38;5;9m             ^[0m [1;38;5;9mexpected one of [":"] got =[0m
        [1;38;5;12m  |[0m
        
        
        error[E1001]: InvalidSyntax
         [1;38;5;12m-->[0m /tmp/kcl-test-schema-1530556478/Price.k:6:15
        [1;38;5;12m  |[0m
        [1;38;5;12m6 |[0m     currency ?= str
        [1;38;5;12m  |[0m[1;38;5;9m               ^[0m [1;38;5;9mexpected one of [":"] got =[0m
        [1;38;5;12m  |[0m
        
        
--- FAIL: TestGenerateKCLFromFile (0.44s)
=== RUN   TestDetectSpecFormat
=== RUN   TestDetectSpecFormat/OpenAPI_3.0.x
=== RUN   TestDetectSpecFormat/Swagger_2.0
=== RUN   TestDetectSpecFormat/JSON_Schema_Draft-07
=== RUN   TestDetectSpecFormat/JSON_Schema_Draft-2019-09
=== RUN   TestDetectSpecFormat/Unknown_Format
--- PASS: TestDetectSpecFormat (0.00s)
    --- PASS: TestDetectSpecFormat/OpenAPI_3.0.x (0.00s)
    --- PASS: TestDetectSpecFormat/Swagger_2.0 (0.00s)
    --- PASS: TestDetectSpecFormat/JSON_Schema_Draft-07 (0.00s)
    --- PASS: TestDetectSpecFormat/JSON_Schema_Draft-2019-09 (0.00s)
    --- PASS: TestDetectSpecFormat/Unknown_Format (0.00s)
=== RUN   TestGenerateKCL
=== RUN   TestGenerateKCL/petstore.json
2025/03/08 14:37:06 reading OpenAPI schema file: ./testdata/oas/input/petstore.json
2025/03/08 14:37:06 detected JSON format from file extension: .json
2025/03/08 14:37:06 parsing OpenAPI schema
2025/03/08 14:37:06 validating OpenAPI document
2025/03/08 14:37:06 flattening OpenAPI specification
2025/03/08 14:37:06 starting specification flattening process
2025/03/08 14:37:06 processing schemas in order: [Error Pet Pets]
2025/03/08 14:37:06 flattening schema: Error
2025/03/08 14:37:06 flattening schema: Pet
2025/03/08 14:37:06 flattening schema: Pets
2025/03/08 14:37:06 resolving reference: #/components/schemas/Pet
2025/03/08 14:37:06 flattened 3 schemas successfully
2025/03/08 14:37:06 successfully flattened OpenAPI specification
2025/03/08 14:37:06 successfully loaded and validated OpenAPI schema
2025/03/08 14:37:06 starting KCL schema generation
2025/03/08 14:37:06 detected schema type: OpenAPI 3.0
2025/03/08 14:37:06 processing OpenAPI schema (version: 3.0)
2025/03/08 14:37:06 processing 3 schemas in order
2025/03/08 14:37:06 field code has type: integer
2025/03/08 14:37:06 converting OpenAPI type 'integer' with format 'int32' to KCL type
2025/03/08 14:37:06 mapped to KCL type: int
2025/03/08 14:37:06 field message has type: string
2025/03/08 14:37:06 converting OpenAPI type 'string' with format '' to KCL type
2025/03/08 14:37:06 mapped to KCL type: str
2025/03/08 14:37:06 field code has type: integer
2025/03/08 14:37:06 converting OpenAPI type 'integer' with format 'int32' to KCL type
2025/03/08 14:37:06 mapped to KCL type: int
2025/03/08 14:37:06 field message has type: string
2025/03/08 14:37:06 converting OpenAPI type 'string' with format '' to KCL type
2025/03/08 14:37:06 mapped to KCL type: str
2025/03/08 14:37:06 generated 2 properties for schema Error
2025/03/08 14:37:06 Schema Error written to /tmp/kcl-test-1689479550/Error.k
2025/03/08 14:37:06 field id has type: integer
2025/03/08 14:37:06 converting OpenAPI type 'integer' with format 'int64' to KCL type
2025/03/08 14:37:06 mapped to KCL type: int
2025/03/08 14:37:06 field name has type: string
2025/03/08 14:37:06 converting OpenAPI type 'string' with format '' to KCL type
2025/03/08 14:37:06 mapped to KCL type: str
2025/03/08 14:37:06 field tag has type: string
2025/03/08 14:37:06 converting OpenAPI type 'string' with format '' to KCL type
2025/03/08 14:37:06 mapped to KCL type: str
2025/03/08 14:37:06 field id has type: integer
2025/03/08 14:37:06 converting OpenAPI type 'integer' with format 'int64' to KCL type
2025/03/08 14:37:06 mapped to KCL type: int
2025/03/08 14:37:06 field name has type: string
2025/03/08 14:37:06 converting OpenAPI type 'string' with format '' to KCL type
2025/03/08 14:37:06 mapped to KCL type: str
2025/03/08 14:37:06 field tag has type: string
2025/03/08 14:37:06 converting OpenAPI type 'string' with format '' to KCL type
2025/03/08 14:37:06 mapped to KCL type: str
2025/03/08 14:37:06 generated 3 properties for schema Pet
2025/03/08 14:37:06 Schema Pet written to /tmp/kcl-test-1689479550/Pet.k
2025/03/08 14:37:06 generated 0 properties for schema Pets
2025/03/08 14:37:06 Schema Pets written to /tmp/kcl-test-1689479550/Pets.k
2025/03/08 14:37:06 generating main.k file with 3 schema imports
2025/03/08 14:37:06 successfully generated KCL schemas in /tmp/kcl-test-1689479550
--- PASS: TestGenerateKCL (0.01s)
    --- PASS: TestGenerateKCL/petstore.json (0.01s)
=== RUN   TestJSONSchemaComposition
=== RUN   TestJSONSchemaComposition/Test_allOf_Composition
2025/03/08 14:37:06 processing JSON Schema
2025/03/08 14:37:06 generating KCL schema for Pet from JSON Schema with defaults
2025/03/08 14:37:06 generated 3 properties for schema Pet
2025/03/08 14:37:06 successfully generated KCL schema in /tmp/kcl-test-3421235776
    jsonschema_test.go:138: Generated schema: # No schema imports needed - schemas in same directory
        
        schema Pet:
            name?: str
            breed?: str
            age?: int
    jsonschema_test.go:150: Testing validation of testdata/jsonschema/allof/dummy.yaml against the generated KCL schema
    jsonschema_test.go:189: KCL validation output: {}
        Validation successful for: Pet
=== RUN   TestJSONSchemaComposition/Test_oneOf_Composition
2025/03/08 14:37:07 processing JSON Schema
2025/03/08 14:37:07 generating KCL schema for Payment from JSON Schema with defaults
2025/03/08 14:37:07 generated 1 properties for schema Payment
2025/03/08 14:37:07 successfully generated KCL schema in /tmp/kcl-test-4232887118
    jsonschema_test.go:138: Generated schema: # No schema imports needed - schemas in same directory
        
        schema Payment:
            type_value: str
        
            check:
                type_value in ["credit_card", "bank_transfer"]
    jsonschema_test.go:150: Testing validation of testdata/jsonschema/oneof/dummy.yaml against the generated KCL schema
    jsonschema_test.go:189: KCL validation output: {}
        Validation successful for: Payment
=== RUN   TestJSONSchemaComposition/Test_anyOf_Composition
2025/03/08 14:37:07 processing JSON Schema
2025/03/08 14:37:07 generating KCL schema for Identifier from JSON Schema with defaults
2025/03/08 14:37:07 generated 0 properties for schema Identifier
2025/03/08 14:37:07 successfully generated KCL schema in /tmp/kcl-test-51391850
    jsonschema_test.go:138: Generated schema: # No schema imports needed - schemas in same directory
        
        schema Identifier:
            # No properties defined
    jsonschema_test.go:150: Testing validation of testdata/jsonschema/anyof/dummy.yaml against the generated KCL schema
    jsonschema_test.go:189: KCL validation output: {}
        Validation successful for: Identifier
=== RUN   TestJSONSchemaComposition/Test_Nested_Composition
2025/03/08 14:37:07 processing JSON Schema
2025/03/08 14:37:07 generating KCL schema for ComplexSchema from JSON Schema with defaults
2025/03/08 14:37:07 generated 2 properties for schema ComplexSchema
2025/03/08 14:37:07 successfully generated KCL schema in /tmp/kcl-test-2745483350
    jsonschema_test.go:138: Generated schema: # No schema imports needed - schemas in same directory
        
        schema ComplexSchema:
            user?: any
            id: str
        
            check:
                # oneOf validation using discriminator: type
                if user.type == individual:
                if user.type == organization:
                    # Conditional validation: if region exists
                    if user.user has region:
    jsonschema_test.go:150: Testing validation of testdata/jsonschema/nested/dummy.yaml against the generated KCL schema
    jsonschema_test.go:189: KCL validation output: {}
        Validation successful for: ComplexSchema
=== RUN   TestJSONSchemaComposition/Test_If-Then-Else_Condition
2025/03/08 14:37:07 processing JSON Schema
2025/03/08 14:37:07 generating KCL schema for Shipping from JSON Schema with defaults
2025/03/08 14:37:07 generated 3 properties for schema Shipping
2025/03/08 14:37:07 successfully generated KCL schema in /tmp/kcl-test-2020576391
    jsonschema_test.go:138: Generated schema: # No schema imports needed - schemas in same directory
        
        schema Shipping:
            stateCode?: str
            zipCode?: str
            country: str
        
            check:
                # Conditional validation: if country == "US"
                if country == "US":
    jsonschema_test.go:150: Testing validation of testdata/jsonschema/ifthenelse/dummy.yaml against the generated KCL schema
    jsonschema_test.go:189: KCL validation output: {}
        Validation successful for: Shipping
=== RUN   TestJSONSchemaComposition/Test_Complex_Workflow_Schema
2025/03/08 14:37:07 processing JSON Schema
2025/03/08 14:37:07 resolving reference to env
2025/03/08 14:37:07 resolving reference to defaults
2025/03/08 14:37:07 resolving reference to permissions
2025/03/08 14:37:07 generating KCL schema for Schema from JSON Schema with defaults
2025/03/08 14:37:07 generated 7 properties for schema Schema
2025/03/08 14:37:07 successfully generated KCL schema in /tmp/kcl-test-1152176257
    jsonschema_test.go:138: Generated schema: # No schema imports needed - schemas in same directory
        
        schema Schema:
            name?: str
            on: any
            permissions?: any
            concurrency?: any
            defaults?: any
            env?: any
            jobs: {str:any}
        
            check:
                # oneOf validation with no discriminator - exactly one of these schemas must match
                # oneOf validation with no discriminator - exactly one of these schemas must match
                len(jobs) >= 1
    jsonschema_test.go:150: Testing validation of testdata/jsonschema/complex-workflow/dummy.yaml against the generated KCL schema
    jsonschema_test.go:189: KCL validation output: {}
        Validation successful for: Schema
=== RUN   TestJSONSchemaComposition/Test_AS3_API_Request_Schema
2025/03/08 14:37:08 processing JSON Schema
2025/03/08 14:37:08 generating KCL schema for AS3_API_Request from JSON Schema with defaults
2025/03/08 14:37:08 generated 0 properties for schema AS3_API_Request
2025/03/08 14:37:08 successfully generated KCL schema in /tmp/kcl-test-2035306003
    jsonschema_test.go:138: Generated schema: # No schema imports needed - schemas in same directory
        
        schema AS3_API_Request:
            # No properties defined
    jsonschema_test.go:150: Testing validation of testdata/jsonschema/as3/dummy.yaml against the generated KCL schema
    jsonschema_test.go:189: KCL validation output: {}
        Validation successful for: AS3_API_Request
=== RUN   TestJSONSchemaComposition/Test_Additional_Properties_Schema
2025/03/08 14:37:08 processing JSON Schema
2025/03/08 14:37:08 generating KCL schema for Schema from JSON Schema with defaults
2025/03/08 14:37:08 generated 2 properties for schema Schema
2025/03/08 14:37:08 successfully generated KCL schema in /tmp/kcl-test-1177248832
    jsonschema_test.go:133: 
        	Error Trace:	/home/tridentsx/src/oas2kcl/openapikcl/jsonschema_test.go:133
        	Error:      	"# No schema imports needed - schemas in same directory\n\nschema Schema:\n    name?: str\n    socket?: {str:any} = {HTTP: 80, HTTPS: 443}" does not contain "socket?: {str:int} = {HTTP: 80, HTTPS: 443}"
        	Test:       	TestJSONSchemaComposition/Test_Additional_Properties_Schema
    jsonschema_test.go:138: Generated schema: # No schema imports needed - schemas in same directory
        
        schema Schema:
            name?: str
            socket?: {str:any} = {HTTP: 80, HTTPS: 443}
    jsonschema_test.go:150: Testing validation of testdata/jsonschema/additional/dummy.yaml against the generated KCL schema
    jsonschema_test.go:189: KCL validation output: {}
        Validation successful for: Schema
--- FAIL: TestJSONSchemaComposition (1.94s)
    --- PASS: TestJSONSchemaComposition/Test_allOf_Composition (0.13s)
    --- PASS: TestJSONSchemaComposition/Test_oneOf_Composition (0.14s)
    --- PASS: TestJSONSchemaComposition/Test_anyOf_Composition (0.17s)
    --- PASS: TestJSONSchemaComposition/Test_Nested_Composition (0.13s)
    --- PASS: TestJSONSchemaComposition/Test_If-Then-Else_Condition (0.15s)
    --- PASS: TestJSONSchemaComposition/Test_Complex_Workflow_Schema (0.21s)
    --- PASS: TestJSONSchemaComposition/Test_AS3_API_Request_Schema (0.77s)
    --- FAIL: TestJSONSchemaComposition/Test_Additional_Properties_Schema (0.22s)
=== RUN   TestLoadOpenAPISchema
=== RUN   TestLoadOpenAPISchema/Load_OpenAPI_3.0
2025/03/08 14:37:08 reading OpenAPI schema file: testdata/oas/input/petstore.json
2025/03/08 14:37:08 detected JSON format from file extension: .json
2025/03/08 14:37:08 parsing OpenAPI schema
2025/03/08 14:37:08 validating OpenAPI document
2025/03/08 14:37:08 successfully loaded and validated OpenAPI schema
=== RUN   TestLoadOpenAPISchema/Load_OpenAPI_2.0
2025/03/08 14:37:08 reading OpenAPI schema file: testdata/oas/input/petstore_v2.json
2025/03/08 14:37:08 detected JSON format from file extension: .json
2025/03/08 14:37:08 skipping validation for converted OpenAPI 2.0 document
2025/03/08 14:37:08 using loader with context: true
--- PASS: TestLoadOpenAPISchema (0.01s)
    --- PASS: TestLoadOpenAPISchema/Load_OpenAPI_3.0 (0.00s)
    --- PASS: TestLoadOpenAPISchema/Load_OpenAPI_2.0 (0.00s)
=== RUN   TestLoadOpenAPISchemaWithFlattening
=== RUN   TestLoadOpenAPISchemaWithFlattening/Flatten_OpenAPI_3.0
2025/03/08 14:37:08 reading OpenAPI schema file: testdata/oas/input/petstore.json
2025/03/08 14:37:08 detected JSON format from file extension: .json
2025/03/08 14:37:08 parsing OpenAPI schema
2025/03/08 14:37:08 validating OpenAPI document
2025/03/08 14:37:08 flattening OpenAPI specification
2025/03/08 14:37:08 starting specification flattening process
2025/03/08 14:37:08 processing schemas in order: [Error Pet Pets]
2025/03/08 14:37:08 flattening schema: Error
2025/03/08 14:37:08 flattening schema: Pet
2025/03/08 14:37:08 flattening schema: Pets
2025/03/08 14:37:08 resolving reference: #/components/schemas/Pet
2025/03/08 14:37:08 flattened 3 schemas successfully
2025/03/08 14:37:08 successfully flattened OpenAPI specification
2025/03/08 14:37:08 successfully loaded and validated OpenAPI schema
=== RUN   TestLoadOpenAPISchemaWithFlattening/Flatten_OpenAPI_2.0
2025/03/08 14:37:08 reading OpenAPI schema file: testdata/oas/input/petstore_v2.json
2025/03/08 14:37:08 detected JSON format from file extension: .json
2025/03/08 14:37:08 skipping validation for converted OpenAPI 2.0 document
2025/03/08 14:37:08 using loader with context: true
2025/03/08 14:37:08 starting specification flattening process
2025/03/08 14:37:08 starting specification flattening process
2025/03/08 14:37:08 processing schemas in order: [ErrorModel Pet PetInput]
2025/03/08 14:37:08 flattening schema: ErrorModel
2025/03/08 14:37:08 flattening schema: Pet
2025/03/08 14:37:08 flattening schema: PetInput
2025/03/08 14:37:08 flattened 3 schemas successfully
--- PASS: TestLoadOpenAPISchemaWithFlattening (0.01s)
    --- PASS: TestLoadOpenAPISchemaWithFlattening/Flatten_OpenAPI_3.0 (0.01s)
    --- PASS: TestLoadOpenAPISchemaWithFlattening/Flatten_OpenAPI_2.0 (0.00s)
=== RUN   TestOASToKCLGeneration
=== RUN   TestOASToKCLGeneration/Petstore_OpenAPI_3.0
    oas_test.go:54: Generating KCL schemas from OpenAPI spec: testdata/oas/input/petstore.json
2025/03/08 14:37:08 reading OpenAPI schema file: testdata/oas/input/petstore.json
2025/03/08 14:37:08 detected JSON format from file extension: .json
2025/03/08 14:37:08 parsing OpenAPI schema
2025/03/08 14:37:08 validating OpenAPI document
2025/03/08 14:37:08 flattening OpenAPI specification
2025/03/08 14:37:08 starting specification flattening process
2025/03/08 14:37:08 processing schemas in order: [Error Pet Pets]
2025/03/08 14:37:08 flattening schema: Error
2025/03/08 14:37:08 flattening schema: Pet
2025/03/08 14:37:08 flattening schema: Pets
2025/03/08 14:37:08 resolving reference: #/components/schemas/Pet
2025/03/08 14:37:08 flattened 3 schemas successfully
2025/03/08 14:37:08 successfully flattened OpenAPI specification
2025/03/08 14:37:08 successfully loaded and validated OpenAPI schema
2025/03/08 14:37:08 starting KCL schema generation
2025/03/08 14:37:08 detected schema type: OpenAPI 3.0
2025/03/08 14:37:08 processing OpenAPI schema (version: 3.0)
2025/03/08 14:37:08 processing 3 schemas in order
2025/03/08 14:37:08 field code has type: integer
2025/03/08 14:37:08 converting OpenAPI type 'integer' with format 'int32' to KCL type
2025/03/08 14:37:08 mapped to KCL type: int
2025/03/08 14:37:08 field message has type: string
2025/03/08 14:37:08 converting OpenAPI type 'string' with format '' to KCL type
2025/03/08 14:37:08 mapped to KCL type: str
2025/03/08 14:37:08 field code has type: integer
2025/03/08 14:37:08 converting OpenAPI type 'integer' with format 'int32' to KCL type
2025/03/08 14:37:08 mapped to KCL type: int
2025/03/08 14:37:08 field message has type: string
2025/03/08 14:37:08 converting OpenAPI type 'string' with format '' to KCL type
2025/03/08 14:37:08 mapped to KCL type: str
2025/03/08 14:37:08 generated 2 properties for schema Error
2025/03/08 14:37:08 Schema Error written to /tmp/kcl-oas-test-120972719/Error.k
2025/03/08 14:37:08 field id has type: integer
2025/03/08 14:37:08 converting OpenAPI type 'integer' with format 'int64' to KCL type
2025/03/08 14:37:08 mapped to KCL type: int
2025/03/08 14:37:08 field name has type: string
2025/03/08 14:37:08 converting OpenAPI type 'string' with format '' to KCL type
2025/03/08 14:37:08 mapped to KCL type: str
2025/03/08 14:37:08 field tag has type: string
2025/03/08 14:37:08 converting OpenAPI type 'string' with format '' to KCL type
2025/03/08 14:37:08 mapped to KCL type: str
2025/03/08 14:37:08 field id has type: integer
2025/03/08 14:37:08 converting OpenAPI type 'integer' with format 'int64' to KCL type
2025/03/08 14:37:08 mapped to KCL type: int
2025/03/08 14:37:08 field name has type: string
2025/03/08 14:37:08 converting OpenAPI type 'string' with format '' to KCL type
2025/03/08 14:37:08 mapped to KCL type: str
2025/03/08 14:37:08 field tag has type: string
2025/03/08 14:37:08 converting OpenAPI type 'string' with format '' to KCL type
2025/03/08 14:37:08 mapped to KCL type: str
2025/03/08 14:37:08 generated 3 properties for schema Pet
2025/03/08 14:37:08 Schema Pet written to /tmp/kcl-oas-test-120972719/Pet.k
2025/03/08 14:37:08 generated 0 properties for schema Pets
2025/03/08 14:37:08 Schema Pets written to /tmp/kcl-oas-test-120972719/Pets.k
2025/03/08 14:37:08 generating main.k file with 3 schema imports
2025/03/08 14:37:08 successfully generated KCL schemas in /tmp/kcl-oas-test-120972719
    oas_test.go:64: Generated 4 KCL files
    oas_test.go:68: Generated file: Error.k
    oas_test.go:68: Generated file: Pet.k
    oas_test.go:68: Generated file: Pets.k
    oas_test.go:68: Generated file: main.k
    oas_test.go:109: KCL validation output: Testing validation of payload.json against KCL schemas
        Error: error[E1001]: InvalidSyntax
         [1;38;5;12m-->[0m /tmp/kcl-oas-test-120972719/Pet.k:7:10
        [1;38;5;12m  |[0m
        [1;38;5;12m7 |[0m     tag ?= str
        [1;38;5;12m  |[0m[1;38;5;9m          ^[0m [1;38;5;9mexpected one of [":"] got =[0m
        [1;38;5;12m  |[0m
        
        
        error[E1001]: InvalidSyntax
         [1;38;5;12m-->[0m /tmp/kcl-oas-test-120972719/Pet.k:7:10
        [1;38;5;12m  |[0m
        [1;38;5;12m7 |[0m     tag ?= str
        [1;38;5;12m  |[0m[1;38;5;9m          ^[0m [1;38;5;9mexpected one of [":"] got =[0m
        [1;38;5;12m  |[0m
        
        
        Validation failed with exit code: 1
    oas_test.go:110: 
        	Error Trace:	/home/tridentsx/src/oas2kcl/openapikcl/oas_test.go:110
        	Error:      	Received unexpected error:
        	            	exit status 1
        	Test:       	TestOASToKCLGeneration/Petstore_OpenAPI_3.0
        	Messages:   	KCL validation failed: Testing validation of payload.json against KCL schemas
        	            	Error: error[E1001]: InvalidSyntax
        	            	 [1;38;5;12m-->[0m /tmp/kcl-oas-test-120972719/Pet.k:7:10
        	            	[1;38;5;12m  |[0m
        	            	[1;38;5;12m7 |[0m     tag ?= str
        	            	[1;38;5;12m  |[0m[1;38;5;9m          ^[0m [1;38;5;9mexpected one of [":"] got =[0m
        	            	[1;38;5;12m  |[0m
        	            	
        	            	
        	            	error[E1001]: InvalidSyntax
        	            	 [1;38;5;12m-->[0m /tmp/kcl-oas-test-120972719/Pet.k:7:10
        	            	[1;38;5;12m  |[0m
        	            	[1;38;5;12m7 |[0m     tag ?= str
        	            	[1;38;5;12m  |[0m[1;38;5;9m          ^[0m [1;38;5;9mexpected one of [":"] got =[0m
        	            	[1;38;5;12m  |[0m
        	            	
        	            	
        	            	Validation failed with exit code: 1
    oas_test.go:111: 
        	Error Trace:	/home/tridentsx/src/oas2kcl/openapikcl/oas_test.go:111
        	Error:      	"Testing validation of payload.json against KCL schemas\nError: error[E1001]: InvalidSyntax\n \x1b[1;38;5;12m-->\x1b[0m /tmp/kcl-oas-test-120972719/Pet.k:7:10\n\x1b[1;38;5;12m  |\x1b[0m\n\x1b[1;38;5;12m7 |\x1b[0m     tag ?= str\n\x1b[1;38;5;12m  |\x1b[0m\x1b[1;38;5;9m          ^\x1b[0m \x1b[1;38;5;9mexpected one of [\":\"] got =\x1b[0m\n\x1b[1;38;5;12m  |\x1b[0m\n\n\nerror[E1001]: InvalidSyntax\n \x1b[1;38;5;12m-->\x1b[0m /tmp/kcl-oas-test-120972719/Pet.k:7:10\n\x1b[1;38;5;12m  |\x1b[0m\n\x1b[1;38;5;12m7 |\x1b[0m     tag ?= str\n\x1b[1;38;5;12m  |\x1b[0m\x1b[1;38;5;9m          ^\x1b[0m \x1b[1;38;5;9mexpected one of [\":\"] got =\x1b[0m\n\x1b[1;38;5;12m  |\x1b[0m\n\n\nValidation failed with exit code: 1\n" does not contain "Validation successful for OpenAPI payload"
        	Test:       	TestOASToKCLGeneration/Petstore_OpenAPI_3.0
        	Messages:   	The validation should succeed
=== RUN   TestOASToKCLGeneration/Complex_Schema_OpenAPI_3.0
    oas_test.go:54: Generating KCL schemas from OpenAPI spec: testdata/oas/input/complex.json
2025/03/08 14:37:09 reading OpenAPI schema file: testdata/oas/input/complex.json
2025/03/08 14:37:09 detected JSON format from file extension: .json
2025/03/08 14:37:09 parsing OpenAPI schema
2025/03/08 14:37:09 validating OpenAPI document
2025/03/08 14:37:09 flattening OpenAPI specification
2025/03/08 14:37:09 starting specification flattening process
2025/03/08 14:37:09 processing schemas in order: [Address ApiResponse BaseObject Category Customer Mixed Multi Order OrderItem Product]
2025/03/08 14:37:09 flattening schema: Address
2025/03/08 14:37:09 flattening schema: ApiResponse
2025/03/08 14:37:09 flattening schema: BaseObject
2025/03/08 14:37:09 flattening schema: Category
2025/03/08 14:37:09 resolving reference: #/components/schemas/Category
2025/03/08 14:37:09 flattening schema: Customer
2025/03/08 14:37:09 resolving reference: #/components/schemas/BaseObject
2025/03/08 14:37:09 resolving reference: #/components/schemas/Address
2025/03/08 14:37:09 flattening schema: Mixed
2025/03/08 14:37:09 flattening schema: Multi
2025/03/08 14:37:09 resolving reference: #/components/schemas/Category
2025/03/08 14:37:09 resolving reference: #/components/schemas/Product
2025/03/08 14:37:09 flattening schema: Order
2025/03/08 14:37:09 resolving reference: #/components/schemas/Customer
2025/03/08 14:37:09 resolving reference: #/components/schemas/OrderItem
2025/03/08 14:37:09 flattening schema: OrderItem
2025/03/08 14:37:09 resolving reference: #/components/schemas/Product
2025/03/08 14:37:09 flattening schema: Product
2025/03/08 14:37:09 resolving reference: #/components/schemas/BaseObject
2025/03/08 14:37:09 resolving reference: #/components/schemas/Category
2025/03/08 14:37:09 flattened 10 schemas successfully
2025/03/08 14:37:09 successfully flattened OpenAPI specification
2025/03/08 14:37:09 successfully loaded and validated OpenAPI schema
2025/03/08 14:37:09 starting KCL schema generation
2025/03/08 14:37:09 detected schema type: OpenAPI 3.0
2025/03/08 14:37:09 processing OpenAPI schema (version: 3.0)
2025/03/08 14:37:09 processing 10 schemas in order
2025/03/08 14:37:09 field city has type: string
2025/03/08 14:37:09 converting OpenAPI type 'string' with format '' to KCL type
2025/03/08 14:37:09 mapped to KCL type: str
2025/03/08 14:37:09 field country has type: string
2025/03/08 14:37:09 converting OpenAPI type 'string' with format '' to KCL type
2025/03/08 14:37:09 mapped to KCL type: str
2025/03/08 14:37:09 field postalCode has type: string
2025/03/08 14:37:09 converting OpenAPI type 'string' with format '' to KCL type
2025/03/08 14:37:09 mapped to KCL type: str
2025/03/08 14:37:09 field state has type: string
2025/03/08 14:37:09 converting OpenAPI type 'string' with format '' to KCL type
2025/03/08 14:37:09 mapped to KCL type: str
2025/03/08 14:37:09 field street has type: string
2025/03/08 14:37:09 converting OpenAPI type 'string' with format '' to KCL type
2025/03/08 14:37:09 mapped to KCL type: str
2025/03/08 14:37:09 field city has type: string
2025/03/08 14:37:09 converting OpenAPI type 'string' with format '' to KCL type
2025/03/08 14:37:09 mapped to KCL type: str
2025/03/08 14:37:09 field country has type: string
2025/03/08 14:37:09 converting OpenAPI type 'string' with format '' to KCL type
2025/03/08 14:37:09 mapped to KCL type: str
2025/03/08 14:37:09 field postalCode has type: string
2025/03/08 14:37:09 converting OpenAPI type 'string' with format '' to KCL type
2025/03/08 14:37:09 mapped to KCL type: str
2025/03/08 14:37:09 field state has type: string
2025/03/08 14:37:09 converting OpenAPI type 'string' with format '' to KCL type
2025/03/08 14:37:09 mapped to KCL type: str
2025/03/08 14:37:09 field street has type: string
2025/03/08 14:37:09 converting OpenAPI type 'string' with format '' to KCL type
2025/03/08 14:37:09 mapped to KCL type: str
2025/03/08 14:37:09 generated 5 properties for schema Address
2025/03/08 14:37:09 Schema Address written to /tmp/kcl-oas-test-2875939315/Address.k
2025/03/08 14:37:09 field code has type: integer
2025/03/08 14:37:09 converting OpenAPI type 'integer' with format 'int32' to KCL type
2025/03/08 14:37:09 mapped to KCL type: int
2025/03/08 14:37:09 field message has type: string
2025/03/08 14:37:09 converting OpenAPI type 'string' with format '' to KCL type
2025/03/08 14:37:09 mapped to KCL type: str
2025/03/08 14:37:09 field type has type: string
2025/03/08 14:37:09 converting OpenAPI type 'string' with format '' to KCL type
2025/03/08 14:37:09 mapped to KCL type: str
2025/03/08 14:37:09 field code has type: integer
2025/03/08 14:37:09 converting OpenAPI type 'integer' with format 'int32' to KCL type
2025/03/08 14:37:09 mapped to KCL type: int
2025/03/08 14:37:09 field message has type: string
2025/03/08 14:37:09 converting OpenAPI type 'string' with format '' to KCL type
2025/03/08 14:37:09 mapped to KCL type: str
2025/03/08 14:37:09 field type has type: string
2025/03/08 14:37:09 converting OpenAPI type 'string' with format '' to KCL type
2025/03/08 14:37:09 mapped to KCL type: str
2025/03/08 14:37:09 generated 3 properties for schema ApiResponse
2025/03/08 14:37:09 Schema ApiResponse written to /tmp/kcl-oas-test-2875939315/ApiResponse.k
2025/03/08 14:37:09 field createdAt has type: string
2025/03/08 14:37:09 converting OpenAPI type 'string' with format 'date-time' to KCL type
2025/03/08 14:37:09 mapped to KCL type: str
2025/03/08 14:37:09 field id has type: string
2025/03/08 14:37:09 converting OpenAPI type 'string' with format 'uuid' to KCL type
2025/03/08 14:37:09 mapped to KCL type: str
2025/03/08 14:37:09 field updatedAt has type: string
2025/03/08 14:37:09 converting OpenAPI type 'string' with format 'date-time' to KCL type
2025/03/08 14:37:09 mapped to KCL type: str
2025/03/08 14:37:09 field createdAt has type: string
2025/03/08 14:37:09 converting OpenAPI type 'string' with format 'date-time' to KCL type
2025/03/08 14:37:09 mapped to KCL type: str
2025/03/08 14:37:09 field id has type: string
2025/03/08 14:37:09 converting OpenAPI type 'string' with format 'uuid' to KCL type
2025/03/08 14:37:09 mapped to KCL type: str
2025/03/08 14:37:09 field updatedAt has type: string
2025/03/08 14:37:09 converting OpenAPI type 'string' with format 'date-time' to KCL type
2025/03/08 14:37:09 mapped to KCL type: str
2025/03/08 14:37:09 generated 3 properties for schema BaseObject
2025/03/08 14:37:09 Schema BaseObject written to /tmp/kcl-oas-test-2875939315/BaseObject.k
2025/03/08 14:37:09 field id has type: integer
2025/03/08 14:37:09 converting OpenAPI type 'integer' with format '' to KCL type
2025/03/08 14:37:09 mapped to KCL type: int
2025/03/08 14:37:09 field name has type: string
2025/03/08 14:37:09 converting OpenAPI type 'string' with format '' to KCL type
2025/03/08 14:37:09 mapped to KCL type: str
2025/03/08 14:37:09 field parentCategory has reference: #/components/schemas/Category
2025/03/08 14:37:09 extracted reference name: Category
2025/03/08 14:37:09 formatted reference name: Category
2025/03/08 14:37:09 detected self-reference for field parentCategory to schema Category
2025/03/08 14:37:09 field id has type: integer
2025/03/08 14:37:09 converting OpenAPI type 'integer' with format '' to KCL type
2025/03/08 14:37:09 mapped to KCL type: int
2025/03/08 14:37:09 field name has type: string
2025/03/08 14:37:09 converting OpenAPI type 'string' with format '' to KCL type
2025/03/08 14:37:09 mapped to KCL type: str
2025/03/08 14:37:09 field parentCategory has reference: #/components/schemas/Category
2025/03/08 14:37:09 extracted reference name: Category
2025/03/08 14:37:09 formatted reference name: Category
2025/03/08 14:37:09 detected self-reference for field parentCategory to schema Category
2025/03/08 14:37:09 generated 3 properties for schema Category
2025/03/08 14:37:09 Schema Category written to /tmp/kcl-oas-test-2875939315/Category.k
2025/03/08 14:37:09 field address has reference: #/components/schemas/Address
2025/03/08 14:37:09 extracted reference name: Address
2025/03/08 14:37:09 formatted reference name: Address
2025/03/08 14:37:09 using reference Address for field address
2025/03/08 14:37:09 field createdAt has type: string
2025/03/08 14:37:09 converting OpenAPI type 'string' with format 'date-time' to KCL type
2025/03/08 14:37:09 mapped to KCL type: str
2025/03/08 14:37:09 field email has type: string
2025/03/08 14:37:09 converting OpenAPI type 'string' with format 'email' to KCL type
2025/03/08 14:37:09 mapped to KCL type: str
2025/03/08 14:37:09 field firstName has type: string
2025/03/08 14:37:09 converting OpenAPI type 'string' with format '' to KCL type
2025/03/08 14:37:09 mapped to KCL type: str
2025/03/08 14:37:09 field id has type: string
2025/03/08 14:37:09 converting OpenAPI type 'string' with format 'uuid' to KCL type
2025/03/08 14:37:09 mapped to KCL type: str
2025/03/08 14:37:09 field lastName has type: string
2025/03/08 14:37:09 converting OpenAPI type 'string' with format '' to KCL type
2025/03/08 14:37:09 mapped to KCL type: str
2025/03/08 14:37:09 field phoneNumber has type: string
2025/03/08 14:37:09 converting OpenAPI type 'string' with format '' to KCL type
2025/03/08 14:37:09 mapped to KCL type: str
2025/03/08 14:37:09 field updatedAt has type: string
2025/03/08 14:37:09 converting OpenAPI type 'string' with format 'date-time' to KCL type
2025/03/08 14:37:09 mapped to KCL type: str
2025/03/08 14:37:09 field address has reference: #/components/schemas/Address
2025/03/08 14:37:09 extracted reference name: Address
2025/03/08 14:37:09 formatted reference name: Address
2025/03/08 14:37:09 using reference Address for field address
2025/03/08 14:37:09 field createdAt has type: string
2025/03/08 14:37:09 converting OpenAPI type 'string' with format 'date-time' to KCL type
2025/03/08 14:37:09 mapped to KCL type: str
2025/03/08 14:37:09 field email has type: string
2025/03/08 14:37:09 converting OpenAPI type 'string' with format 'email' to KCL type
2025/03/08 14:37:09 mapped to KCL type: str
2025/03/08 14:37:09 field firstName has type: string
2025/03/08 14:37:09 converting OpenAPI type 'string' with format '' to KCL type
2025/03/08 14:37:09 mapped to KCL type: str
2025/03/08 14:37:09 field id has type: string
2025/03/08 14:37:09 converting OpenAPI type 'string' with format 'uuid' to KCL type
2025/03/08 14:37:09 mapped to KCL type: str
2025/03/08 14:37:09 field lastName has type: string
2025/03/08 14:37:09 converting OpenAPI type 'string' with format '' to KCL type
2025/03/08 14:37:09 mapped to KCL type: str
2025/03/08 14:37:09 field phoneNumber has type: string
2025/03/08 14:37:09 converting OpenAPI type 'string' with format '' to KCL type
2025/03/08 14:37:09 mapped to KCL type: str
2025/03/08 14:37:09 field updatedAt has type: string
2025/03/08 14:37:09 converting OpenAPI type 'string' with format 'date-time' to KCL type
2025/03/08 14:37:09 mapped to KCL type: str
2025/03/08 14:37:09 generated 8 properties for schema Customer
2025/03/08 14:37:09 Schema Customer written to /tmp/kcl-oas-test-2875939315/Customer.k
2025/03/08 14:37:09 field type has type: string
2025/03/08 14:37:09 converting OpenAPI type 'string' with format '' to KCL type
2025/03/08 14:37:09 mapped to KCL type: str
2025/03/08 14:37:09 field type has type: string
2025/03/08 14:37:09 converting OpenAPI type 'string' with format '' to KCL type
2025/03/08 14:37:09 mapped to KCL type: str
2025/03/08 14:37:09 generated 1 properties for schema Mixed
2025/03/08 14:37:09 Schema Mixed written to /tmp/kcl-oas-test-2875939315/Mixed.k
2025/03/08 14:37:09 generated 0 properties for schema Multi
2025/03/08 14:37:09 Schema Multi written to /tmp/kcl-oas-test-2875939315/Multi.k
2025/03/08 14:37:09 field customer has reference: #/components/schemas/Customer
2025/03/08 14:37:09 extracted reference name: Customer
2025/03/08 14:37:09 formatted reference name: Customer
2025/03/08 14:37:09 using reference Customer for field customer
2025/03/08 14:37:09 field id has type: string
2025/03/08 14:37:09 converting OpenAPI type 'string' with format 'uuid' to KCL type
2025/03/08 14:37:09 mapped to KCL type: str
2025/03/08 14:37:09 field items has type: array
2025/03/08 14:37:09 processing array items for field items
2025/03/08 14:37:09 field item has reference: #/components/schemas/OrderItem
2025/03/08 14:37:09 extracted reference name: OrderItem
2025/03/08 14:37:09 formatted reference name: OrderItem
2025/03/08 14:37:09 using reference OrderItem for field item
2025/03/08 14:37:09 array item type for field items: OrderItem (ref: OrderItem)
2025/03/08 14:37:09 field items.items has reference: #/components/schemas/OrderItem
2025/03/08 14:37:09 extracted reference name: OrderItem
2025/03/08 14:37:09 formatted reference name: OrderItem
2025/03/08 14:37:09 using reference OrderItem for field items.items
2025/03/08 14:37:09 field status has type: string
2025/03/08 14:37:09 converting OpenAPI type 'string' with format '' to KCL type
2025/03/08 14:37:09 mapped to KCL type: str
2025/03/08 14:37:09 field totalAmount has type: number
2025/03/08 14:37:09 converting OpenAPI type 'number' with format 'float' to KCL type
2025/03/08 14:37:09 mapped to KCL type: float
2025/03/08 14:37:09 field customer has reference: #/components/schemas/Customer
2025/03/08 14:37:09 extracted reference name: Customer
2025/03/08 14:37:09 formatted reference name: Customer
2025/03/08 14:37:09 using reference Customer for field customer
2025/03/08 14:37:09 field id has type: string
2025/03/08 14:37:09 converting OpenAPI type 'string' with format 'uuid' to KCL type
2025/03/08 14:37:09 mapped to KCL type: str
2025/03/08 14:37:09 field items has type: array
2025/03/08 14:37:09 processing array items for field items
2025/03/08 14:37:09 field item has reference: #/components/schemas/OrderItem
2025/03/08 14:37:09 extracted reference name: OrderItem
2025/03/08 14:37:09 formatted reference name: OrderItem
2025/03/08 14:37:09 using reference OrderItem for field item
2025/03/08 14:37:09 array item type for field items: OrderItem (ref: OrderItem)
2025/03/08 14:37:09 field status has type: string
2025/03/08 14:37:09 converting OpenAPI type 'string' with format '' to KCL type
2025/03/08 14:37:09 mapped to KCL type: str
2025/03/08 14:37:09 field totalAmount has type: number
2025/03/08 14:37:09 converting OpenAPI type 'number' with format 'float' to KCL type
2025/03/08 14:37:09 mapped to KCL type: float
2025/03/08 14:37:09 generated 5 properties for schema Order
2025/03/08 14:37:09 Schema Order written to /tmp/kcl-oas-test-2875939315/Order.k
2025/03/08 14:37:09 field product has reference: #/components/schemas/Product
2025/03/08 14:37:09 extracted reference name: Product
2025/03/08 14:37:09 formatted reference name: Product
2025/03/08 14:37:09 using reference Product for field product
2025/03/08 14:37:09 field quantity has type: integer
2025/03/08 14:37:09 converting OpenAPI type 'integer' with format '' to KCL type
2025/03/08 14:37:09 mapped to KCL type: int
2025/03/08 14:37:09 field unitPrice has type: number
2025/03/08 14:37:09 converting OpenAPI type 'number' with format 'float' to KCL type
2025/03/08 14:37:09 mapped to KCL type: float
2025/03/08 14:37:09 field product has reference: #/components/schemas/Product
2025/03/08 14:37:09 extracted reference name: Product
2025/03/08 14:37:09 formatted reference name: Product
2025/03/08 14:37:09 using reference Product for field product
2025/03/08 14:37:09 field quantity has type: integer
2025/03/08 14:37:09 converting OpenAPI type 'integer' with format '' to KCL type
2025/03/08 14:37:09 mapped to KCL type: int
2025/03/08 14:37:09 field unitPrice has type: number
2025/03/08 14:37:09 converting OpenAPI type 'number' with format 'float' to KCL type
2025/03/08 14:37:09 mapped to KCL type: float
2025/03/08 14:37:09 generated 3 properties for schema OrderItem
2025/03/08 14:37:09 Schema OrderItem written to /tmp/kcl-oas-test-2875939315/OrderItem.k
2025/03/08 14:37:09 field category has reference: #/components/schemas/Category
2025/03/08 14:37:09 extracted reference name: Category
2025/03/08 14:37:09 formatted reference name: Category
2025/03/08 14:37:09 using reference Category for field category
2025/03/08 14:37:09 field createdAt has type: string
2025/03/08 14:37:09 converting OpenAPI type 'string' with format 'date-time' to KCL type
2025/03/08 14:37:09 mapped to KCL type: str
2025/03/08 14:37:09 field id has type: string
2025/03/08 14:37:09 converting OpenAPI type 'string' with format 'uuid' to KCL type
2025/03/08 14:37:09 mapped to KCL type: str
2025/03/08 14:37:09 field metadata has type: object
2025/03/08 14:37:09 field name has type: string
2025/03/08 14:37:09 converting OpenAPI type 'string' with format '' to KCL type
2025/03/08 14:37:09 mapped to KCL type: str
2025/03/08 14:37:09 field price has type: number
2025/03/08 14:37:09 converting OpenAPI type 'number' with format 'float' to KCL type
2025/03/08 14:37:09 mapped to KCL type: float
2025/03/08 14:37:09 field status has type: string
2025/03/08 14:37:09 converting OpenAPI type 'string' with format '' to KCL type
2025/03/08 14:37:09 mapped to KCL type: str
2025/03/08 14:37:09 field tags has type: array
2025/03/08 14:37:09 processing array items for field tags
2025/03/08 14:37:09 field item has type: string
2025/03/08 14:37:09 converting OpenAPI type 'string' with format '' to KCL type
2025/03/08 14:37:09 mapped to KCL type: str
2025/03/08 14:37:09 array item type for field tags: str (ref: )
2025/03/08 14:37:09 field tags.items has type: string
2025/03/08 14:37:09 converting OpenAPI type 'string' with format '' to KCL type
2025/03/08 14:37:09 mapped to KCL type: str
2025/03/08 14:37:09 field updatedAt has type: string
2025/03/08 14:37:09 converting OpenAPI type 'string' with format 'date-time' to KCL type
2025/03/08 14:37:09 mapped to KCL type: str
2025/03/08 14:37:09 field category has reference: #/components/schemas/Category
2025/03/08 14:37:09 extracted reference name: Category
2025/03/08 14:37:09 formatted reference name: Category
2025/03/08 14:37:09 using reference Category for field category
2025/03/08 14:37:09 field createdAt has type: string
2025/03/08 14:37:09 converting OpenAPI type 'string' with format 'date-time' to KCL type
2025/03/08 14:37:09 mapped to KCL type: str
2025/03/08 14:37:09 field id has type: string
2025/03/08 14:37:09 converting OpenAPI type 'string' with format 'uuid' to KCL type
2025/03/08 14:37:09 mapped to KCL type: str
2025/03/08 14:37:09 field metadata has type: object
2025/03/08 14:37:09 field name has type: string
2025/03/08 14:37:09 converting OpenAPI type 'string' with format '' to KCL type
2025/03/08 14:37:09 mapped to KCL type: str
2025/03/08 14:37:09 field price has type: number
2025/03/08 14:37:09 converting OpenAPI type 'number' with format 'float' to KCL type
2025/03/08 14:37:09 mapped to KCL type: float
2025/03/08 14:37:09 field status has type: string
2025/03/08 14:37:09 converting OpenAPI type 'string' with format '' to KCL type
2025/03/08 14:37:09 mapped to KCL type: str
2025/03/08 14:37:09 field tags has type: array
2025/03/08 14:37:09 processing array items for field tags
2025/03/08 14:37:09 field item has type: string
2025/03/08 14:37:09 converting OpenAPI type 'string' with format '' to KCL type
2025/03/08 14:37:09 mapped to KCL type: str
2025/03/08 14:37:09 array item type for field tags: str (ref: )
2025/03/08 14:37:09 field updatedAt has type: string
2025/03/08 14:37:09 converting OpenAPI type 'string' with format 'date-time' to KCL type
2025/03/08 14:37:09 mapped to KCL type: str
2025/03/08 14:37:09 generated 9 properties for schema Product
2025/03/08 14:37:09 Schema Product written to /tmp/kcl-oas-test-2875939315/Product.k
2025/03/08 14:37:09 generating main.k file with 10 schema imports
2025/03/08 14:37:09 successfully generated KCL schemas in /tmp/kcl-oas-test-2875939315
    oas_test.go:64: Generated 11 KCL files
    oas_test.go:68: Generated file: Address.k
    oas_test.go:68: Generated file: ApiResponse.k
    oas_test.go:68: Generated file: BaseObject.k
    oas_test.go:68: Generated file: Category.k
    oas_test.go:68: Generated file: Customer.k
    oas_test.go:68: Generated file: Mixed.k
    oas_test.go:68: Generated file: Multi.k
    oas_test.go:68: Generated file: Order.k
    oas_test.go:68: Generated file: OrderItem.k
    oas_test.go:68: Generated file: Product.k
    oas_test.go:68: Generated file: main.k
    oas_test.go:109: KCL validation output: Testing validation of payload.json against KCL schemas
        Error: error[E1001]: InvalidSyntax
          [1;38;5;12m-->[0m /tmp/kcl-oas-test-2875939315/Address.k:10:17
        [1;38;5;12m   |[0m
        [1;38;5;12m10 |[0m     postalCode ?= str
        [1;38;5;12m   |[0m[1;38;5;9m                 ^[0m [1;38;5;9mexpected one of [":"] got =[0m
        [1;38;5;12m   |[0m
        
        
        error[E1001]: InvalidSyntax
          [1;38;5;12m-->[0m /tmp/kcl-oas-test-2875939315/Address.k:12:12
        [1;38;5;12m   |[0m
        [1;38;5;12m12 |[0m     state ?= str
        [1;38;5;12m   |[0m[1;38;5;9m            ^[0m [1;38;5;9mexpected one of [":"] got =[0m
        [1;38;5;12m   |[0m
        
        
        error[E1001]: InvalidSyntax
         [1;38;5;12m-->[0m /tmp/kcl-oas-test-2875939315/ApiResponse.k:5:11
        [1;38;5;12m  |[0m
        [1;38;5;12m5 |[0m     code ?= int
        [1;38;5;12m  |[0m[1;38;5;9m           ^[0m [1;38;5;9mexpected one of [":"] got =[0m
        [1;38;5;12m  |[0m
        
        
        error[E1001]: InvalidSyntax
         [1;38;5;12m-->[0m /tmp/kcl-oas-test-2875939315/ApiResponse.k:6:14
        [1;38;5;12m  |[0m
        [1;38;5;12m6 |[0m     message ?= str
        [1;38;5;12m  |[0m[1;38;5;9m              ^[0m [1;38;5;9mexpected one of [":"] got =[0m
        [1;38;5;12m  |[0m
        
        
        error[E1001]: InvalidSyntax
         [1;38;5;12m-->[0m /tmp/kcl-oas-test-2875939315/ApiResponse.k:7:11
        [1;38;5;12m  |[0m
        [1;38;5;12m7 |[0m     type ?= str
        [1;38;5;12m  |[0m[1;38;5;9m           ^[0m [1;38;5;9mexpected one of [":"] got =[0m
        [1;38;5;12m  |[0m
        
        
        error[E1001]: InvalidSyntax
         [1;38;5;12m-->[0m /tmp/kcl-oas-test-2875939315/BaseObject.k:6:16
        [1;38;5;12m  |[0m
        [1;38;5;12m6 |[0m     createdAt ?= str
        [1;38;5;12m  |[0m[1;38;5;9m                ^[0m [1;38;5;9mexpected one of [":"] got =[0m
        [1;38;5;12m  |[0m
        
        
        error[E1001]: InvalidSyntax
          [1;38;5;12m-->[0m /tmp/kcl-oas-test-2875939315/BaseObject.k:10:16
        [1;38;5;12m   |[0m
        [1;38;5;12m10 |[0m     updatedAt ?= str
        [1;38;5;12m   |[0m[1;38;5;9m                ^[0m [1;38;5;9mexpected one of [":"] got =[0m
        [1;38;5;12m   |[0m
        
        
        error[E1001]: InvalidSyntax
          [1;38;5;12m-->[0m /tmp/kcl-oas-test-2875939315/Category.k:10:21
        [1;38;5;12m   |[0m
        [1;38;5;12m10 |[0m     parentCategory ?= Category
        [1;38;5;12m   |[0m[1;38;5;9m                     ^[0m [1;38;5;9mexpected one of [":"] got =[0m
        [1;38;5;12m   |[0m
        
        
        error[E1001]: InvalidSyntax
         [1;38;5;12m-->[0m /tmp/kcl-oas-test-2875939315/Customer.k:5:14
        [1;38;5;12m  |[0m
        [1;38;5;12m5 |[0m     address ?= Address
        [1;38;5;12m  |[0m[1;38;5;9m              ^[0m [1;38;5;9mexpected one of [":"] got =[0m
        [1;38;5;12m  |[0m
        
        
        error[E1001]: InvalidSyntax
         [1;38;5;12m-->[0m /tmp/kcl-oas-test-2875939315/Customer.k:7:16
        [1;38;5;12m  |[0m
        [1;38;5;12m7 |[0m     createdAt ?= str
        [1;38;5;12m  |[0m[1;38;5;9m                ^[0m [1;38;5;9mexpected one of [":"] got =[0m
        [1;38;5;12m  |[0m
        
        
        error[E1001]: InvalidSyntax
          [1;38;5;12m-->[0m /tmp/kcl-oas-test-2875939315/Customer.k:17:18
        [1;38;5;12m   |[0m
        [1;38;5;12m17 |[0m     phoneNumber ?= str
        [1;38;5;12m   |[0m[1;38;5;9m                  ^[0m [1;38;5;9mexpected one of [":"] got =[0m
        [1;38;5;12m   |[0m
        
        
        error[E1001]: InvalidSyntax
          [1;38;5;12m-->[0m /tmp/kcl-oas-test-2875939315/Customer.k:21:5
        [1;38;5;12m   |[0m
        [1;38;5;12m21 |[0m     updatedAt ?= str
        [1;38;5;12m   |[0m[1;38;5;9m     ^[0m [1;38;5;9mexpected one of ["dedent"] got identifier[0m
        [1;38;5;12m   |[0m
        
        
        error[E1001]: InvalidSyntax
          [1;38;5;12m-->[0m /tmp/kcl-oas-test-2875939315/Customer.k:21:15
        [1;38;5;12m   |[0m
        [1;38;5;12m21 |[0m     updatedAt ?= str
        [1;38;5;12m   |[0m[1;38;5;9m               ^[0m [1;38;5;9munexpected token '?'[0m
        [1;38;5;12m   |[0m
        
        
        error[E1001]: InvalidSyntax
          [1;38;5;12m-->[0m /tmp/kcl-oas-test-2875939315/Customer.k:21:16
        [1;38;5;12m   |[0m
        [1;38;5;12m21 |[0m     updatedAt ?= str
        [1;38;5;12m   |[0m[1;38;5;9m                ^[0m [1;38;5;9munexpected token '='[0m
        [1;38;5;12m   |[0m
        
        
        error[E1001]: InvalidSyntax
          [1;38;5;12m-->[0m /tmp/kcl-oas-test-2875939315/Customer.k:21:20
        [1;38;5;12m   |[0m
        [1;38;5;12m21 |[0m     updatedAt ?= str
        [1;38;5;12m   |[0m[1;38;5;9m                    ^[0m [1;38;5;9munexpected token 'dedent'[0m
        [1;38;5;12m   |[0m
        
        
        error[E1001]: InvalidSyntax
          [1;38;5;12m-->[0m /tmp/kcl-oas-test-2875939315/Order.k:11:5
        [1;38;5;12m   |[0m
        [1;38;5;12m11 |[0m     status ?= str = "pending"
        [1;38;5;12m   |[0m[1;38;5;9m     ^[0m [1;38;5;9mexpected one of ["dedent"] got identifier[0m
        [1;38;5;12m   |[0m
        
        
        error[E1001]: InvalidSyntax
          [1;38;5;12m-->[0m /tmp/kcl-oas-test-2875939315/Order.k:11:12
        [1;38;5;12m   |[0m
        [1;38;5;12m11 |[0m     status ?= str = "pending"
        [1;38;5;12m   |[0m[1;38;5;9m            ^[0m [1;38;5;9munexpected token '?'[0m
        [1;38;5;12m   |[0m
        
        
        error[E1001]: InvalidSyntax
          [1;38;5;12m-->[0m /tmp/kcl-oas-test-2875939315/Order.k:11:13
        [1;38;5;12m   |[0m
        [1;38;5;12m11 |[0m     status ?= str = "pending"
        [1;38;5;12m   |[0m[1;38;5;9m             ^[0m [1;38;5;9munexpected token '='[0m
        [1;38;5;12m   |[0m
        
        
        error[E1001]: InvalidSyntax
          [1;38;5;12m-->[0m /tmp/kcl-oas-test-2875939315/Order.k:12:10
        [1;38;5;12m   |[0m
        [1;38;5;12m12 |[0m     check:
        [1;38;5;12m   |[0m[1;38;5;9m          ^[0m [1;38;5;9mexpected one of ["any", "bool", "int", "float", "str", "True", "False", "identifier", "literal", "[", "{", ")"] got newline[0m
        [1;38;5;12m   |[0m
        
        
        error[E1001]: InvalidSyntax
          [1;38;5;12m-->[0m /tmp/kcl-oas-test-2875939315/Order.k:13:9
        [1;38;5;12m   |[0m
        [1;38;5;12m13 |[0m         status in ["pending", "processing", "shipped", "delivered", "cancelled"]
        [1;38;5;12m   |[0m[1;38;5;9m         ^[0m [1;38;5;9mexpected one of ["="] got indent[0m
        [1;38;5;12m   |[0m
        
        
        error[E1001]: InvalidSyntax
          [1;38;5;12m-->[0m /tmp/kcl-oas-test-2875939315/Order.k:13:9
        [1;38;5;12m   |[0m
        [1;38;5;12m13 |[0m         status in ["pending", "processing", "shipped", "delivered", "cancelled"]
        [1;38;5;12m   |[0m[1;38;5;9m         ^[0m [1;38;5;9munexpected token 'indent'[0m
        [1;38;5;12m   |[0m
        
        
        error[E1001]: InvalidSyntax
          [1;38;5;12m-->[0m /tmp/kcl-oas-test-2875939315/Order.k:15:5
        [1;38;5;12m   |[0m
        [1;38;5;12m15 |[0m     totalAmount ?= float
        [1;38;5;12m   |[0m[1;38;5;9m     ^[0m [1;38;5;9munexpected token 'dedent'[0m
        [1;38;5;12m   |[0m
        
        
        error[E1001]: InvalidSyntax
          [1;38;5;12m-->[0m /tmp/kcl-oas-test-2875939315/Order.k:15:17
        [1;38;5;12m   |[0m
        [1;38;5;12m15 |[0m     totalAmount ?= float
        [1;38;5;12m   |[0m[1;38;5;9m                 ^[0m [1;38;5;9munexpected token '?'[0m
        [1;38;5;12m   |[0m
        
        
        error[E1001]: InvalidSyntax
          [1;38;5;12m-->[0m /tmp/kcl-oas-test-2875939315/Order.k:15:18
        [1;38;5;12m   |[0m
        [1;38;5;12m15 |[0m     totalAmount ?= float
        [1;38;5;12m   |[0m[1;38;5;9m                  ^[0m [1;38;5;9munexpected token '='[0m
        [1;38;5;12m   |[0m
        
        
        error[E1001]: InvalidSyntax
          [1;38;5;12m-->[0m /tmp/kcl-oas-test-2875939315/Order.k:15:24
        [1;38;5;12m   |[0m
        [1;38;5;12m15 |[0m     totalAmount ?= float
        [1;38;5;12m   |[0m[1;38;5;9m                        ^[0m [1;38;5;9munexpected token 'dedent'[0m
        [1;38;5;12m   |[0m
        
        
        error[E1001]: InvalidSyntax
          [1;38;5;12m-->[0m /tmp/kcl-oas-test-2875939315/OrderItem.k:11:5
        [1;38;5;12m   |[0m
        [1;38;5;12m11 |[0m     unitPrice = float
        [1;38;5;12m   |[0m[1;38;5;9m     ^[0m [1;38;5;9mexpected one of ["dedent"] got identifier[0m
        [1;38;5;12m   |[0m
        
        
        error[E1001]: InvalidSyntax
          [1;38;5;12m-->[0m /tmp/kcl-oas-test-2875939315/OrderItem.k:11:15
        [1;38;5;12m   |[0m
        [1;38;5;12m11 |[0m     unitPrice = float
        [1;38;5;12m   |[0m[1;38;5;9m               ^[0m [1;38;5;9munexpected token '='[0m
        [1;38;5;12m   |[0m
        
        
        error[E1001]: InvalidSyntax
          [1;38;5;12m-->[0m /tmp/kcl-oas-test-2875939315/OrderItem.k:11:21
        [1;38;5;12m   |[0m
        [1;38;5;12m11 |[0m     unitPrice = float
        [1;38;5;12m   |[0m[1;38;5;9m                     ^[0m [1;38;5;9munexpected token 'dedent'[0m
        [1;38;5;12m   |[0m
        
        
        error[E1001]: InvalidSyntax
         [1;38;5;12m-->[0m /tmp/kcl-oas-test-2875939315/Product.k:5:15
        [1;38;5;12m  |[0m
        [1;38;5;12m5 |[0m     category ?= Category
        [1;38;5;12m  |[0m[1;38;5;9m               ^[0m [1;38;5;9mexpected one of [":"] got =[0m
        [1;38;5;12m  |[0m
        
        
        error[E1001]: InvalidSyntax
         [1;38;5;12m-->[0m /tmp/kcl-oas-test-2875939315/Product.k:7:16
        [1;38;5;12m  |[0m
        [1;38;5;12m7 |[0m     createdAt ?= str
        [1;38;5;12m  |[0m[1;38;5;9m                ^[0m [1;38;5;9mexpected one of [":"] got =[0m
        [1;38;5;12m  |[0m
        
        
        error[E1001]: InvalidSyntax
          [1;38;5;12m-->[0m /tmp/kcl-oas-test-2875939315/Product.k:11:15
        [1;38;5;12m   |[0m
        [1;38;5;12m11 |[0m     metadata ?= dict
        [1;38;5;12m   |[0m[1;38;5;9m               ^[0m [1;38;5;9mexpected one of [":"] got =[0m
        [1;38;5;12m   |[0m
        
        
        error[E1001]: InvalidSyntax
          [1;38;5;12m-->[0m /tmp/kcl-oas-test-2875939315/Product.k:18:5
        [1;38;5;12m   |[0m
        [1;38;5;12m18 |[0m     price = float
        [1;38;5;12m   |[0m[1;38;5;9m     ^[0m [1;38;5;9mexpected one of ["dedent"] got identifier[0m
        [1;38;5;12m   |[0m
        
        
        error[E1001]: InvalidSyntax
          [1;38;5;12m-->[0m /tmp/kcl-oas-test-2875939315/Product.k:18:11
        [1;38;5;12m   |[0m
        [1;38;5;12m18 |[0m     price = float
        [1;38;5;12m   |[0m[1;38;5;9m           ^[0m [1;38;5;9munexpected token '='[0m
        [1;38;5;12m   |[0m
        
        
        error[E1001]: InvalidSyntax
          [1;38;5;12m-->[0m /tmp/kcl-oas-test-2875939315/Product.k:19:10
        [1;38;5;12m   |[0m
        [1;38;5;12m19 |[0m     check:
        [1;38;5;12m   |[0m[1;38;5;9m          ^[0m [1;38;5;9mexpected one of ["any", "bool", "int", "float", "str", "True", "False", "identifier", "literal", "[", "{", ")"] got newline[0m
        [1;38;5;12m   |[0m
        
        
        error[E1001]: InvalidSyntax
          [1;38;5;12m-->[0m /tmp/kcl-oas-test-2875939315/Product.k:20:9
        [1;38;5;12m   |[0m
        [1;38;5;12m20 |[0m         price >= 0
        [1;38;5;12m   |[0m[1;38;5;9m         ^[0m [1;38;5;9mexpected one of ["="] got indent[0m
        [1;38;5;12m   |[0m
        
        
        error[E1001]: InvalidSyntax
          [1;38;5;12m-->[0m /tmp/kcl-oas-test-2875939315/Product.k:20:9
        [1;38;5;12m   |[0m
        [1;38;5;12m20 |[0m         price >= 0
        [1;38;5;12m   |[0m[1;38;5;9m         ^[0m [1;38;5;9munexpected token 'indent'[0m
        [1;38;5;12m   |[0m
        
        
        error[E1001]: InvalidSyntax
          [1;38;5;12m-->[0m /tmp/kcl-oas-test-2875939315/Product.k:21:5
        [1;38;5;12m   |[0m
        [1;38;5;12m21 |[0m     status ?= str = "available"
        [1;38;5;12m   |[0m[1;38;5;9m     ^[0m [1;38;5;9munexpected token 'dedent'[0m
        [1;38;5;12m   |[0m
        
        
        error[E1001]: InvalidSyntax
          [1;38;5;12m-->[0m /tmp/kcl-oas-test-2875939315/Product.k:21:12
        [1;38;5;12m   |[0m
        [1;38;5;12m21 |[0m     status ?= str = "available"
        [1;38;5;12m   |[0m[1;38;5;9m            ^[0m [1;38;5;9munexpected token '?'[0m
        [1;38;5;12m   |[0m
        
        
        error[E1001]: InvalidSyntax
          [1;38;5;12m-->[0m /tmp/kcl-oas-test-2875939315/Product.k:21:13
        [1;38;5;12m   |[0m
        [1;38;5;12m21 |[0m     status ?= str = "available"
        [1;38;5;12m   |[0m[1;38;5;9m             ^[0m [1;38;5;9munexpected token '='[0m
        [1;38;5;12m   |[0m
        
        
        error[E1001]: InvalidSyntax
          [1;38;5;12m-->[0m /tmp/kcl-oas-test-2875939315/Product.k:22:10
        [1;38;5;12m   |[0m
        [1;38;5;12m22 |[0m     check:
        [1;38;5;12m   |[0m[1;38;5;9m          ^[0m [1;38;5;9mexpected one of ["any", "bool", "int", "float", "str", "True", "False", "identifier", "literal", "[", "{", ")"] got newline[0m
        [1;38;5;12m   |[0m
        
        
        error[E1001]: InvalidSyntax
          [1;38;5;12m-->[0m /tmp/kcl-oas-test-2875939315/Product.k:23:9
        [1;38;5;12m   |[0m
        [1;38;5;12m23 |[0m         status in ["available", "out_of_stock", "discontinued"]
        [1;38;5;12m   |[0m[1;38;5;9m         ^[0m [1;38;5;9mexpected one of ["="] got indent[0m
        [1;38;5;12m   |[0m
        
        
        error[E1001]: InvalidSyntax
          [1;38;5;12m-->[0m /tmp/kcl-oas-test-2875939315/Product.k:23:9
        [1;38;5;12m   |[0m
        [1;38;5;12m23 |[0m         status in ["available", "out_of_stock", "discontinued"]
        [1;38;5;12m   |[0m[1;38;5;9m         ^[0m [1;38;5;9munexpected token 'indent'[0m
        [1;38;5;12m   |[0m
        
        
        error[E1001]: InvalidSyntax
          [1;38;5;12m-->[0m /tmp/kcl-oas-test-2875939315/Product.k:25:5
        [1;38;5;12m   |[0m
        [1;38;5;12m25 |[0m     tags ?= [str]
        [1;38;5;12m   |[0m[1;38;5;9m     ^[0m [1;38;5;9munexpected token 'dedent'[0m
        [1;38;5;12m   |[0m
        
        
        error[E1001]: InvalidSyntax
          [1;38;5;12m-->[0m /tmp/kcl-oas-test-2875939315/Product.k:25:10
        [1;38;5;12m   |[0m
        [1;38;5;12m25 |[0m     tags ?= [str]
        [1;38;5;12m   |[0m[1;38;5;9m          ^[0m [1;38;5;9munexpected token '?'[0m
        [1;38;5;12m   |[0m
        
        
        error[E1001]: InvalidSyntax
          [1;38;5;12m-->[0m /tmp/kcl-oas-test-2875939315/Product.k:25:11
        [1;38;5;12m   |[0m
        [1;38;5;12m25 |[0m     tags ?= [str]
        [1;38;5;12m   |[0m[1;38;5;9m           ^[0m [1;38;5;9munexpected token '='[0m
        [1;38;5;12m   |[0m
        
        
        error[E1001]: InvalidSyntax
          [1;38;5;12m-->[0m /tmp/kcl-oas-test-2875939315/Product.k:27:15
        [1;38;5;12m   |[0m
        [1;38;5;12m27 |[0m     updatedAt ?= str
        [1;38;5;12m   |[0m[1;38;5;9m               ^[0m [1;38;5;9munexpected token '?'[0m
        [1;38;5;12m   |[0m
        
        
        error[E1001]: InvalidSyntax
          [1;38;5;12m-->[0m /tmp/kcl-oas-test-2875939315/Product.k:27:16
        [1;38;5;12m   |[0m
        [1;38;5;12m27 |[0m     updatedAt ?= str
        [1;38;5;12m   |[0m[1;38;5;9m                ^[0m [1;38;5;9munexpected token '='[0m
        [1;38;5;12m   |[0m
        
        
        error[E1001]: InvalidSyntax
          [1;38;5;12m-->[0m /tmp/kcl-oas-test-2875939315/Product.k:27:20
        [1;38;5;12m   |[0m
        [1;38;5;12m27 |[0m     updatedAt ?= str
        [1;38;5;12m   |[0m[1;38;5;9m                    ^[0m [1;38;5;9munexpected token 'dedent'[0m
        [1;38;5;12m   |[0m
        
        
        error[E1001]: InvalidSyntax
          [1;38;5;12m-->[0m /tmp/kcl-oas-test-2875939315/Address.k:10:17
        [1;38;5;12m   |[0m
        [1;38;5;12m10 |[0m     postalCode ?= str
        [1;38;5;12m   |[0m[1;38;5;9m                 ^[0m [1;38;5;9mexpected one of [":"] got =[0m
        [1;38;5;12m   |[0m
        
        
        error[E1001]: InvalidSyntax
          [1;38;5;12m-->[0m /tmp/kcl-oas-test-2875939315/Address.k:12:12
        [1;38;5;12m   |[0m
        [1;38;5;12m12 |[0m     state ?= str
        [1;38;5;12m   |[0m[1;38;5;9m            ^[0m [1;38;5;9mexpected one of [":"] got =[0m
        [1;38;5;12m   |[0m
        
        
        error[E1001]: InvalidSyntax
         [1;38;5;12m-->[0m /tmp/kcl-oas-test-2875939315/ApiResponse.k:5:11
        [1;38;5;12m  |[0m
        [1;38;5;12m5 |[0m     code ?= int
        [1;38;5;12m  |[0m[1;38;5;9m           ^[0m [1;38;5;9mexpected one of [":"] got =[0m
        [1;38;5;12m  |[0m
        
        
        error[E1001]: InvalidSyntax
         [1;38;5;12m-->[0m /tmp/kcl-oas-test-2875939315/ApiResponse.k:6:14
        [1;38;5;12m  |[0m
        [1;38;5;12m6 |[0m     message ?= str
        [1;38;5;12m  |[0m[1;38;5;9m              ^[0m [1;38;5;9mexpected one of [":"] got =[0m
        [1;38;5;12m  |[0m
        
        
        error[E1001]: InvalidSyntax
         [1;38;5;12m-->[0m /tmp/kcl-oas-test-2875939315/ApiResponse.k:7:11
        [1;38;5;12m  |[0m
        [1;38;5;12m7 |[0m     type ?= str
        [1;38;5;12m  |[0m[1;38;5;9m           ^[0m [1;38;5;9mexpected one of [":"] got =[0m
        [1;38;5;12m  |[0m
        
        
        error[E1001]: InvalidSyntax
         [1;38;5;12m-->[0m /tmp/kcl-oas-test-2875939315/BaseObject.k:6:16
        [1;38;5;12m  |[0m
        [1;38;5;12m6 |[0m     createdAt ?= str
        [1;38;5;12m  |[0m[1;38;5;9m                ^[0m [1;38;5;9mexpected one of [":"] got =[0m
        [1;38;5;12m  |[0m
        
        
        error[E1001]: InvalidSyntax
          [1;38;5;12m-->[0m /tmp/kcl-oas-test-2875939315/BaseObject.k:10:16
        [1;38;5;12m   |[0m
        [1;38;5;12m10 |[0m     updatedAt ?= str
        [1;38;5;12m   |[0m[1;38;5;9m                ^[0m [1;38;5;9mexpected one of [":"] got =[0m
        [1;38;5;12m   |[0m
        
        
        error[E1001]: InvalidSyntax
          [1;38;5;12m-->[0m /tmp/kcl-oas-test-2875939315/Category.k:10:21
        [1;38;5;12m   |[0m
        [1;38;5;12m10 |[0m     parentCategory ?= Category
        [1;38;5;12m   |[0m[1;38;5;9m                     ^[0m [1;38;5;9mexpected one of [":"] got =[0m
        [1;38;5;12m   |[0m
        
        
        error[E1001]: InvalidSyntax
         [1;38;5;12m-->[0m /tmp/kcl-oas-test-2875939315/Customer.k:5:14
        [1;38;5;12m  |[0m
        [1;38;5;12m5 |[0m     address ?= Address
        [1;38;5;12m  |[0m[1;38;5;9m              ^[0m [1;38;5;9mexpected one of [":"] got =[0m
        [1;38;5;12m  |[0m
        
        
        error[E1001]: InvalidSyntax
         [1;38;5;12m-->[0m /tmp/kcl-oas-test-2875939315/Customer.k:7:16
        [1;38;5;12m  |[0m
        [1;38;5;12m7 |[0m     createdAt ?= str
        [1;38;5;12m  |[0m[1;38;5;9m                ^[0m [1;38;5;9mexpected one of [":"] got =[0m
        [1;38;5;12m  |[0m
        
        
        error[E1001]: InvalidSyntax
          [1;38;5;12m-->[0m /tmp/kcl-oas-test-2875939315/Customer.k:17:18
        [1;38;5;12m   |[0m
        [1;38;5;12m17 |[0m     phoneNumber ?= str
        [1;38;5;12m   |[0m[1;38;5;9m                  ^[0m [1;38;5;9mexpected one of [":"] got =[0m
        [1;38;5;12m   |[0m
        
        
        error[E1001]: InvalidSyntax
          [1;38;5;12m-->[0m /tmp/kcl-oas-test-2875939315/Customer.k:21:5
        [1;38;5;12m   |[0m
        [1;38;5;12m21 |[0m     updatedAt ?= str
        [1;38;5;12m   |[0m[1;38;5;9m     ^[0m [1;38;5;9mexpected one of ["dedent"] got identifier[0m
        [1;38;5;12m   |[0m
        
        
        error[E1001]: InvalidSyntax
          [1;38;5;12m-->[0m /tmp/kcl-oas-test-2875939315/Customer.k:21:15
        [1;38;5;12m   |[0m
        [1;38;5;12m21 |[0m     updatedAt ?= str
        [1;38;5;12m   |[0m[1;38;5;9m               ^[0m [1;38;5;9munexpected token '?'[0m
        [1;38;5;12m   |[0m
        
        
        error[E1001]: InvalidSyntax
          [1;38;5;12m-->[0m /tmp/kcl-oas-test-2875939315/Customer.k:21:16
        [1;38;5;12m   |[0m
        [1;38;5;12m21 |[0m     updatedAt ?= str
        [1;38;5;12m   |[0m[1;38;5;9m                ^[0m [1;38;5;9munexpected token '='[0m
        [1;38;5;12m   |[0m
        
        
        error[E1001]: InvalidSyntax
          [1;38;5;12m-->[0m /tmp/kcl-oas-test-2875939315/Customer.k:21:20
        [1;38;5;12m   |[0m
        [1;38;5;12m21 |[0m     updatedAt ?= str
        [1;38;5;12m   |[0m[1;38;5;9m                    ^[0m [1;38;5;9munexpected token 'dedent'[0m
        [1;38;5;12m   |[0m
        
        
        error[E1001]: InvalidSyntax
          [1;38;5;12m-->[0m /tmp/kcl-oas-test-2875939315/Order.k:11:5
        [1;38;5;12m   |[0m
        [1;38;5;12m11 |[0m     status ?= str = "pending"
        [1;38;5;12m   |[0m[1;38;5;9m     ^[0m [1;38;5;9mexpected one of ["dedent"] got identifier[0m
        [1;38;5;12m   |[0m
        
        
        error[E1001]: InvalidSyntax
          [1;38;5;12m-->[0m /tmp/kcl-oas-test-2875939315/Order.k:11:12
        [1;38;5;12m   |[0m
        [1;38;5;12m11 |[0m     status ?= str = "pending"
        [1;38;5;12m   |[0m[1;38;5;9m            ^[0m [1;38;5;9munexpected token '?'[0m
        [1;38;5;12m   |[0m
        
        
        error[E1001]: InvalidSyntax
          [1;38;5;12m-->[0m /tmp/kcl-oas-test-2875939315/Order.k:11:13
        [1;38;5;12m   |[0m
        [1;38;5;12m11 |[0m     status ?= str = "pending"
        [1;38;5;12m   |[0m[1;38;5;9m             ^[0m [1;38;5;9munexpected token '='[0m
        [1;38;5;12m   |[0m
        
        
        error[E1001]: InvalidSyntax
          [1;38;5;12m-->[0m /tmp/kcl-oas-test-2875939315/Order.k:12:10
        [1;38;5;12m   |[0m
        [1;38;5;12m12 |[0m     check:
        [1;38;5;12m   |[0m[1;38;5;9m          ^[0m [1;38;5;9mexpected one of ["any", "bool", "int", "float", "str", "True", "False", "identifier", "literal", "[", "{", ")"] got newline[0m
        [1;38;5;12m   |[0m
        
        
        error[E1001]: InvalidSyntax
          [1;38;5;12m-->[0m /tmp/kcl-oas-test-2875939315/Order.k:13:9
        [1;38;5;12m   |[0m
        [1;38;5;12m13 |[0m         status in ["pending", "processing", "shipped", "delivered", "cancelled"]
        [1;38;5;12m   |[0m[1;38;5;9m         ^[0m [1;38;5;9mexpected one of ["="] got indent[0m
        [1;38;5;12m   |[0m
        
        
        error[E1001]: InvalidSyntax
          [1;38;5;12m-->[0m /tmp/kcl-oas-test-2875939315/Order.k:13:9
        [1;38;5;12m   |[0m
        [1;38;5;12m13 |[0m         status in ["pending", "processing", "shipped", "delivered", "cancelled"]
        [1;38;5;12m   |[0m[1;38;5;9m         ^[0m [1;38;5;9munexpected token 'indent'[0m
        [1;38;5;12m   |[0m
        
        
        error[E1001]: InvalidSyntax
          [1;38;5;12m-->[0m /tmp/kcl-oas-test-2875939315/Order.k:15:5
        [1;38;5;12m   |[0m
        [1;38;5;12m15 |[0m     totalAmount ?= float
        [1;38;5;12m   |[0m[1;38;5;9m     ^[0m [1;38;5;9munexpected token 'dedent'[0m
        [1;38;5;12m   |[0m
        
        
        error[E1001]: InvalidSyntax
          [1;38;5;12m-->[0m /tmp/kcl-oas-test-2875939315/Order.k:15:17
        [1;38;5;12m   |[0m
        [1;38;5;12m15 |[0m     totalAmount ?= float
        [1;38;5;12m   |[0m[1;38;5;9m                 ^[0m [1;38;5;9munexpected token '?'[0m
        [1;38;5;12m   |[0m
        
        
        error[E1001]: InvalidSyntax
          [1;38;5;12m-->[0m /tmp/kcl-oas-test-2875939315/Order.k:15:18
        [1;38;5;12m   |[0m
        [1;38;5;12m15 |[0m     totalAmount ?= float
        [1;38;5;12m   |[0m[1;38;5;9m                  ^[0m [1;38;5;9munexpected token '='[0m
        [1;38;5;12m   |[0m
        
        
        error[E1001]: InvalidSyntax
          [1;38;5;12m-->[0m /tmp/kcl-oas-test-2875939315/Order.k:15:24
        [1;38;5;12m   |[0m
        [1;38;5;12m15 |[0m     totalAmount ?= float
        [1;38;5;12m   |[0m[1;38;5;9m                        ^[0m [1;38;5;9munexpected token 'dedent'[0m
        [1;38;5;12m   |[0m
        
        
        error[E1001]: InvalidSyntax
          [1;38;5;12m-->[0m /tmp/kcl-oas-test-2875939315/OrderItem.k:11:5
        [1;38;5;12m   |[0m
        [1;38;5;12m11 |[0m     unitPrice = float
        [1;38;5;12m   |[0m[1;38;5;9m     ^[0m [1;38;5;9mexpected one of ["dedent"] got identifier[0m
        [1;38;5;12m   |[0m
        
        
        error[E1001]: InvalidSyntax
          [1;38;5;12m-->[0m /tmp/kcl-oas-test-2875939315/OrderItem.k:11:15
        [1;38;5;12m   |[0m
        [1;38;5;12m11 |[0m     unitPrice = float
        [1;38;5;12m   |[0m[1;38;5;9m               ^[0m [1;38;5;9munexpected token '='[0m
        [1;38;5;12m   |[0m
        
        
        error[E1001]: InvalidSyntax
          [1;38;5;12m-->[0m /tmp/kcl-oas-test-2875939315/OrderItem.k:11:21
        [1;38;5;12m   |[0m
        [1;38;5;12m11 |[0m     unitPrice = float
        [1;38;5;12m   |[0m[1;38;5;9m                     ^[0m [1;38;5;9munexpected token 'dedent'[0m
        [1;38;5;12m   |[0m
        
        
        error[E1001]: InvalidSyntax
         [1;38;5;12m-->[0m /tmp/kcl-oas-test-2875939315/Product.k:5:15
        [1;38;5;12m  |[0m
        [1;38;5;12m5 |[0m     category ?= Category
        [1;38;5;12m  |[0m[1;38;5;9m               ^[0m [1;38;5;9mexpected one of [":"] got =[0m
        [1;38;5;12m  |[0m
        
        
        error[E1001]: InvalidSyntax
         [1;38;5;12m-->[0m /tmp/kcl-oas-test-2875939315/Product.k:7:16
        [1;38;5;12m  |[0m
        [1;38;5;12m7 |[0m     createdAt ?= str
        [1;38;5;12m  |[0m[1;38;5;9m                ^[0m [1;38;5;9mexpected one of [":"] got =[0m
        [1;38;5;12m  |[0m
        
        
        error[E1001]: InvalidSyntax
          [1;38;5;12m-->[0m /tmp/kcl-oas-test-2875939315/Product.k:11:15
        [1;38;5;12m   |[0m
        [1;38;5;12m11 |[0m     metadata ?= dict
        [1;38;5;12m   |[0m[1;38;5;9m               ^[0m [1;38;5;9mexpected one of [":"] got =[0m
        [1;38;5;12m   |[0m
        
        
        error[E1001]: InvalidSyntax
          [1;38;5;12m-->[0m /tmp/kcl-oas-test-2875939315/Product.k:18:5
        [1;38;5;12m   |[0m
        [1;38;5;12m18 |[0m     price = float
        [1;38;5;12m   |[0m[1;38;5;9m     ^[0m [1;38;5;9mexpected one of ["dedent"] got identifier[0m
        [1;38;5;12m   |[0m
        
        
        error[E1001]: InvalidSyntax
          [1;38;5;12m-->[0m /tmp/kcl-oas-test-2875939315/Product.k:18:11
        [1;38;5;12m   |[0m
        [1;38;5;12m18 |[0m     price = float
        [1;38;5;12m   |[0m[1;38;5;9m           ^[0m [1;38;5;9munexpected token '='[0m
        [1;38;5;12m   |[0m
        
        
        error[E1001]: InvalidSyntax
          [1;38;5;12m-->[0m /tmp/kcl-oas-test-2875939315/Product.k:19:10
        [1;38;5;12m   |[0m
        [1;38;5;12m19 |[0m     check:
        [1;38;5;12m   |[0m[1;38;5;9m          ^[0m [1;38;5;9mexpected one of ["any", "bool", "int", "float", "str", "True", "False", "identifier", "literal", "[", "{", ")"] got newline[0m
        [1;38;5;12m   |[0m
        
        
        error[E1001]: InvalidSyntax
          [1;38;5;12m-->[0m /tmp/kcl-oas-test-2875939315/Product.k:20:9
        [1;38;5;12m   |[0m
        [1;38;5;12m20 |[0m         price >= 0
        [1;38;5;12m   |[0m[1;38;5;9m         ^[0m [1;38;5;9mexpected one of ["="] got indent[0m
        [1;38;5;12m   |[0m
        
        
        error[E1001]: InvalidSyntax
          [1;38;5;12m-->[0m /tmp/kcl-oas-test-2875939315/Product.k:20:9
        [1;38;5;12m   |[0m
        [1;38;5;12m20 |[0m         price >= 0
        [1;38;5;12m   |[0m[1;38;5;9m         ^[0m [1;38;5;9munexpected token 'indent'[0m
        [1;38;5;12m   |[0m
        
        
        error[E1001]: InvalidSyntax
          [1;38;5;12m-->[0m /tmp/kcl-oas-test-2875939315/Product.k:21:5
        [1;38;5;12m   |[0m
        [1;38;5;12m21 |[0m     status ?= str = "available"
        [1;38;5;12m   |[0m[1;38;5;9m     ^[0m [1;38;5;9munexpected token 'dedent'[0m
        [1;38;5;12m   |[0m
        
        
        error[E1001]: InvalidSyntax
          [1;38;5;12m-->[0m /tmp/kcl-oas-test-2875939315/Product.k:21:12
        [1;38;5;12m   |[0m
        [1;38;5;12m21 |[0m     status ?= str = "available"
        [1;38;5;12m   |[0m[1;38;5;9m            ^[0m [1;38;5;9munexpected token '?'[0m
        [1;38;5;12m   |[0m
        
        
        error[E1001]: InvalidSyntax
          [1;38;5;12m-->[0m /tmp/kcl-oas-test-2875939315/Product.k:21:13
        [1;38;5;12m   |[0m
        [1;38;5;12m21 |[0m     status ?= str = "available"
        [1;38;5;12m   |[0m[1;38;5;9m             ^[0m [1;38;5;9munexpected token '='[0m
        [1;38;5;12m   |[0m
        
        
        error[E1001]: InvalidSyntax
          [1;38;5;12m-->[0m /tmp/kcl-oas-test-2875939315/Product.k:22:10
        [1;38;5;12m   |[0m
        [1;38;5;12m22 |[0m     check:
        [1;38;5;12m   |[0m[1;38;5;9m          ^[0m [1;38;5;9mexpected one of ["any", "bool", "int", "float", "str", "True", "False", "identifier", "literal", "[", "{", ")"] got newline[0m
        [1;38;5;12m   |[0m
        
        
        error[E1001]: InvalidSyntax
          [1;38;5;12m-->[0m /tmp/kcl-oas-test-2875939315/Product.k:23:9
        [1;38;5;12m   |[0m
        [1;38;5;12m23 |[0m         status in ["available", "out_of_stock", "discontinued"]
        [1;38;5;12m   |[0m[1;38;5;9m         ^[0m [1;38;5;9mexpected one of ["="] got indent[0m
        [1;38;5;12m   |[0m
        
        
        error[E1001]: InvalidSyntax
          [1;38;5;12m-->[0m /tmp/kcl-oas-test-2875939315/Product.k:23:9
        [1;38;5;12m   |[0m
        [1;38;5;12m23 |[0m         status in ["available", "out_of_stock", "discontinued"]
        [1;38;5;12m   |[0m[1;38;5;9m         ^[0m [1;38;5;9munexpected token 'indent'[0m
        [1;38;5;12m   |[0m
        
        
        error[E1001]: InvalidSyntax
          [1;38;5;12m-->[0m /tmp/kcl-oas-test-2875939315/Product.k:25:5
        [1;38;5;12m   |[0m
        [1;38;5;12m25 |[0m     tags ?= [str]
        [1;38;5;12m   |[0m[1;38;5;9m     ^[0m [1;38;5;9munexpected token 'dedent'[0m
        [1;38;5;12m   |[0m
        
        
        error[E1001]: InvalidSyntax
          [1;38;5;12m-->[0m /tmp/kcl-oas-test-2875939315/Product.k:25:10
        [1;38;5;12m   |[0m
        [1;38;5;12m25 |[0m     tags ?= [str]
        [1;38;5;12m   |[0m[1;38;5;9m          ^[0m [1;38;5;9munexpected token '?'[0m
        [1;38;5;12m   |[0m
        
        
        error[E1001]: InvalidSyntax
          [1;38;5;12m-->[0m /tmp/kcl-oas-test-2875939315/Product.k:25:11
        [1;38;5;12m   |[0m
        [1;38;5;12m25 |[0m     tags ?= [str]
        [1;38;5;12m   |[0m[1;38;5;9m           ^[0m [1;38;5;9munexpected token '='[0m
        [1;38;5;12m   |[0m
        
        
        error[E1001]: InvalidSyntax
          [1;38;5;12m-->[0m /tmp/kcl-oas-test-2875939315/Product.k:27:15
        [1;38;5;12m   |[0m
        [1;38;5;12m27 |[0m     updatedAt ?= str
        [1;38;5;12m   |[0m[1;38;5;9m               ^[0m [1;38;5;9munexpected token '?'[0m
        [1;38;5;12m   |[0m
        
        
        error[E1001]: InvalidSyntax
          [1;38;5;12m-->[0m /tmp/kcl-oas-test-2875939315/Product.k:27:16
        [1;38;5;12m   |[0m
        [1;38;5;12m27 |[0m     updatedAt ?= str
        [1;38;5;12m   |[0m[1;38;5;9m                ^[0m [1;38;5;9munexpected token '='[0m
        [1;38;5;12m   |[0m
        
        
        error[E1001]: InvalidSyntax
          [1;38;5;12m-->[0m /tmp/kcl-oas-test-2875939315/Product.k:27:20
        [1;38;5;12m   |[0m
        [1;38;5;12m27 |[0m     updatedAt ?= str
        [1;38;5;12m   |[0m[1;38;5;9m                    ^[0m [1;38;5;9munexpected token 'dedent'[0m
        [1;38;5;12m   |[0m
        
        
        error[E1001]: ImmutableError
          [1;38;5;12m-->[0m /tmp/kcl-oas-test-2875939315/Product.k:19:5
        [1;38;5;12m   |[0m
        [1;38;5;12m19 |[0m     check:
        [1;38;5;12m   |[0m[1;38;5;9m     ^[0m [1;38;5;9mCan not change the value of 'check', because it was declared immutable[0m
        [1;38;5;12m   |[0m
        
          [1;38;5;12m-->[0m /tmp/kcl-oas-test-2875939315/Order.k:12:5
        [1;38;5;12m   |[0m
        [1;38;5;12m12 |[0m     check:
        [1;38;5;12m   |[0m[1;38;5;9m     ^[0m [1;38;5;9mThe variable 'check' is declared here[0m
        [1;38;5;12m   |[0m
        note: change the variable name to '_check' to make it mutable
        
        
        error[E1001]: ImmutableError
          [1;38;5;12m-->[0m /tmp/kcl-oas-test-2875939315/Product.k:21:15
        [1;38;5;12m   |[0m
        [1;38;5;12m21 |[0m     status ?= str = "available"
        [1;38;5;12m   |[0m[1;38;5;9m               ^[0m [1;38;5;9mCan not change the value of 'str', because it was declared immutable[0m
        [1;38;5;12m   |[0m
        
          [1;38;5;12m-->[0m /tmp/kcl-oas-test-2875939315/Order.k:11:15
        [1;38;5;12m   |[0m
        [1;38;5;12m11 |[0m     status ?= str = "pending"
        [1;38;5;12m   |[0m[1;38;5;9m               ^[0m [1;38;5;9mThe variable 'str' is declared here[0m
        [1;38;5;12m   |[0m
        note: change the variable name to '_str' to make it mutable
        
        
        error[E1001]: ImmutableError
          [1;38;5;12m-->[0m /tmp/kcl-oas-test-2875939315/Product.k:22:5
        [1;38;5;12m   |[0m
        [1;38;5;12m22 |[0m     check:
        [1;38;5;12m   |[0m[1;38;5;9m     ^[0m [1;38;5;9mCan not change the value of 'check', because it was declared immutable[0m
        [1;38;5;12m   |[0m
        
          [1;38;5;12m-->[0m /tmp/kcl-oas-test-2875939315/Order.k:12:5
        [1;38;5;12m   |[0m
        [1;38;5;12m12 |[0m     check:
        [1;38;5;12m   |[0m[1;38;5;9m     ^[0m [1;38;5;9mThe variable 'check' is declared here[0m
        [1;38;5;12m   |[0m
        note: change the variable name to '_check' to make it mutable
        
        
        error[E2L23]: CompileError
          [1;38;5;12m-->[0m /tmp/kcl-oas-test-2875939315/Customer.k:19:9
        [1;38;5;12m   |[0m
        [1;38;5;12m19 |[0m         regex.match(phoneNumber, r"^\+[1-9]\d{1,14}$")
        [1;38;5;12m   |[0m[1;38;5;9m         ^[0m [1;38;5;9mname 'regex' is not defined[0m
        [1;38;5;12m   |[0m
        
        
        error[E2L23]: CompileError
          [1;38;5;12m-->[0m /tmp/kcl-oas-test-2875939315/Order.k:13:9
        [1;38;5;12m   |[0m
        [1;38;5;12m13 |[0m         status in ["pending", "processing", "shipped", "delivered", "cancelled"]
        [1;38;5;12m   |[0m[1;38;5;9m         ^[0m [1;38;5;9mname 'status' is not defined[0m
        [1;38;5;12m   |[0m
        
        
        error[E2L23]: CompileError
          [1;38;5;12m-->[0m /tmp/kcl-oas-test-2875939315/Order.k:15:5
        [1;38;5;12m   |[0m
        [1;38;5;12m15 |[0m     totalAmount ?= float
        [1;38;5;12m   |[0m[1;38;5;9m     ^[0m [1;38;5;9mname 'totalAmount' is not defined[0m
        [1;38;5;12m   |[0m
        
        
        error[E2G22]: TypeError
         [1;38;5;12m-->[0m /tmp/kcl-oas-test-2875939315/OrderItem.k:9:9
        [1;38;5;12m  |[0m
        [1;38;5;12m9 |[0m         quantity >= 1
        [1;38;5;12m  |[0m[1;38;5;9m         ^[0m [1;38;5;9munsupported operand type(s) for >=: '(any, int) -> int' and 'int(1)'[0m
        [1;38;5;12m  |[0m
        
        
        error[E2L23]: CompileError
          [1;38;5;12m-->[0m /tmp/kcl-oas-test-2875939315/Product.k:20:9
        [1;38;5;12m   |[0m
        [1;38;5;12m20 |[0m         price >= 0
        [1;38;5;12m   |[0m[1;38;5;9m         ^[0m [1;38;5;9mname 'price' is not defined, did you mean '["print"]'?[0m
        [1;38;5;12m   |[0m
        
        
        error[E2L23]: CompileError
          [1;38;5;12m-->[0m /tmp/kcl-oas-test-2875939315/Product.k:21:5
        [1;38;5;12m   |[0m
        [1;38;5;12m21 |[0m     status ?= str = "available"
        [1;38;5;12m   |[0m[1;38;5;9m     ^[0m [1;38;5;9mname 'status' is not defined[0m
        [1;38;5;12m   |[0m
        
        
        error[E2L23]: CompileError
          [1;38;5;12m-->[0m /tmp/kcl-oas-test-2875939315/Product.k:23:9
        [1;38;5;12m   |[0m
        [1;38;5;12m23 |[0m         status in ["available", "out_of_stock", "discontinued"]
        [1;38;5;12m   |[0m[1;38;5;9m         ^[0m [1;38;5;9mname 'status' is not defined[0m
        [1;38;5;12m   |[0m
        
        
        error[E2L23]: CompileError
          [1;38;5;12m-->[0m /tmp/kcl-oas-test-2875939315/Product.k:25:5
        [1;38;5;12m   |[0m
        [1;38;5;12m25 |[0m     tags ?= [str]
        [1;38;5;12m   |[0m[1;38;5;9m     ^[0m [1;38;5;9mname 'tags' is not defined[0m
        [1;38;5;12m   |[0m
        
        
        error[E2L23]: CompileError
          [1;38;5;12m-->[0m /tmp/kcl-oas-test-2875939315/Product.k:27:5
        [1;38;5;12m   |[0m
        [1;38;5;12m27 |[0m     updatedAt ?= str
        [1;38;5;12m   |[0m[1;38;5;9m     ^[0m [1;38;5;9mname 'updatedAt' is not defined[0m
        [1;38;5;12m   |[0m
        
        
        Validation failed with exit code: 1
    oas_test.go:110: 
        	Error Trace:	/home/tridentsx/src/oas2kcl/openapikcl/oas_test.go:110
        	Error:      	Received unexpected error:
        	            	exit status 1
        	Test:       	TestOASToKCLGeneration/Complex_Schema_OpenAPI_3.0
        	Messages:   	KCL validation failed: Testing validation of payload.json against KCL schemas
        	            	Error: error[E1001]: InvalidSyntax
        	            	  [1;38;5;12m-->[0m /tmp/kcl-oas-test-2875939315/Address.k:10:17
        	            	[1;38;5;12m   |[0m
        	            	[1;38;5;12m10 |[0m     postalCode ?= str
        	            	[1;38;5;12m   |[0m[1;38;5;9m                 ^[0m [1;38;5;9mexpected one of [":"] got =[0m
        	            	[1;38;5;12m   |[0m
        	            	
        	            	
        	            	error[E1001]: InvalidSyntax
        	            	  [1;38;5;12m-->[0m /tmp/kcl-oas-test-2875939315/Address.k:12:12
        	            	[1;38;5;12m   |[0m
        	            	[1;38;5;12m12 |[0m     state ?= str
        	            	[1;38;5;12m   |[0m[1;38;5;9m            ^[0m [1;38;5;9mexpected one of [":"] got =[0m
        	            	[1;38;5;12m   |[0m
        	            	
        	            	
        	            	error[E1001]: InvalidSyntax
        	            	 [1;38;5;12m-->[0m /tmp/kcl-oas-test-2875939315/ApiResponse.k:5:11
        	            	[1;38;5;12m  |[0m
        	            	[1;38;5;12m5 |[0m     code ?= int
        	            	[1;38;5;12m  |[0m[1;38;5;9m           ^[0m [1;38;5;9mexpected one of [":"] got =[0m
        	            	[1;38;5;12m  |[0m
        	            	
        	            	
        	            	error[E1001]: InvalidSyntax
        	            	 [1;38;5;12m-->[0m /tmp/kcl-oas-test-2875939315/ApiResponse.k:6:14
        	            	[1;38;5;12m  |[0m
        	            	[1;38;5;12m6 |[0m     message ?= str
        	            	[1;38;5;12m  |[0m[1;38;5;9m              ^[0m [1;38;5;9mexpected one of [":"] got =[0m
        	            	[1;38;5;12m  |[0m
        	            	
        	            	
        	            	error[E1001]: InvalidSyntax
        	            	 [1;38;5;12m-->[0m /tmp/kcl-oas-test-2875939315/ApiResponse.k:7:11
        	            	[1;38;5;12m  |[0m
        	            	[1;38;5;12m7 |[0m     type ?= str
        	            	[1;38;5;12m  |[0m[1;38;5;9m           ^[0m [1;38;5;9mexpected one of [":"] got =[0m
        	            	[1;38;5;12m  |[0m
        	            	
        	            	
        	            	error[E1001]: InvalidSyntax
        	            	 [1;38;5;12m-->[0m /tmp/kcl-oas-test-2875939315/BaseObject.k:6:16
        	            	[1;38;5;12m  |[0m
        	            	[1;38;5;12m6 |[0m     createdAt ?= str
        	            	[1;38;5;12m  |[0m[1;38;5;9m                ^[0m [1;38;5;9mexpected one of [":"] got =[0m
        	            	[1;38;5;12m  |[0m
        	            	
        	            	
        	            	error[E1001]: InvalidSyntax
        	            	  [1;38;5;12m-->[0m /tmp/kcl-oas-test-2875939315/BaseObject.k:10:16
        	            	[1;38;5;12m   |[0m
        	            	[1;38;5;12m10 |[0m     updatedAt ?= str
        	            	[1;38;5;12m   |[0m[1;38;5;9m                ^[0m [1;38;5;9mexpected one of [":"] got =[0m
        	            	[1;38;5;12m   |[0m
        	            	
        	            	
        	            	error[E1001]: InvalidSyntax
        	            	  [1;38;5;12m-->[0m /tmp/kcl-oas-test-2875939315/Category.k:10:21
        	            	[1;38;5;12m   |[0m
        	            	[1;38;5;12m10 |[0m     parentCategory ?= Category
        	            	[1;38;5;12m   |[0m[1;38;5;9m                     ^[0m [1;38;5;9mexpected one of [":"] got =[0m
        	            	[1;38;5;12m   |[0m
        	            	
        	            	
        	            	error[E1001]: InvalidSyntax
        	            	 [1;38;5;12m-->[0m /tmp/kcl-oas-test-2875939315/Customer.k:5:14
        	            	[1;38;5;12m  |[0m
        	            	[1;38;5;12m5 |[0m     address ?= Address
        	            	[1;38;5;12m  |[0m[1;38;5;9m              ^[0m [1;38;5;9mexpected one of [":"] got =[0m
        	            	[1;38;5;12m  |[0m
        	            	
        	            	
        	            	error[E1001]: InvalidSyntax
        	            	 [1;38;5;12m-->[0m /tmp/kcl-oas-test-2875939315/Customer.k:7:16
        	            	[1;38;5;12m  |[0m
        	            	[1;38;5;12m7 |[0m     createdAt ?= str
        	            	[1;38;5;12m  |[0m[1;38;5;9m                ^[0m [1;38;5;9mexpected one of [":"] got =[0m
        	            	[1;38;5;12m  |[0m
        	            	
        	            	
        	            	error[E1001]: InvalidSyntax
        	            	  [1;38;5;12m-->[0m /tmp/kcl-oas-test-2875939315/Customer.k:17:18
        	            	[1;38;5;12m   |[0m
        	            	[1;38;5;12m17 |[0m     phoneNumber ?= str
        	            	[1;38;5;12m   |[0m[1;38;5;9m                  ^[0m [1;38;5;9mexpected one of [":"] got =[0m
        	            	[1;38;5;12m   |[0m
        	            	
        	            	
        	            	error[E1001]: InvalidSyntax
        	            	  [1;38;5;12m-->[0m /tmp/kcl-oas-test-2875939315/Customer.k:21:5
        	            	[1;38;5;12m   |[0m
        	            	[1;38;5;12m21 |[0m     updatedAt ?= str
        	            	[1;38;5;12m   |[0m[1;38;5;9m     ^[0m [1;38;5;9mexpected one of ["dedent"] got identifier[0m
        	            	[1;38;5;12m   |[0m
        	            	
        	            	
        	            	error[E1001]: InvalidSyntax
        	            	  [1;38;5;12m-->[0m /tmp/kcl-oas-test-2875939315/Customer.k:21:15
        	            	[1;38;5;12m   |[0m
        	            	[1;38;5;12m21 |[0m     updatedAt ?= str
        	            	[1;38;5;12m   |[0m[1;38;5;9m               ^[0m [1;38;5;9munexpected token '?'[0m
        	            	[1;38;5;12m   |[0m
        	            	
        	            	
        	            	error[E1001]: InvalidSyntax
        	            	  [1;38;5;12m-->[0m /tmp/kcl-oas-test-2875939315/Customer.k:21:16
        	            	[1;38;5;12m   |[0m
        	            	[1;38;5;12m21 |[0m     updatedAt ?= str
        	            	[1;38;5;12m   |[0m[1;38;5;9m                ^[0m [1;38;5;9munexpected token '='[0m
        	            	[1;38;5;12m   |[0m
        	            	
        	            	
        	            	error[E1001]: InvalidSyntax
        	            	  [1;38;5;12m-->[0m /tmp/kcl-oas-test-2875939315/Customer.k:21:20
        	            	[1;38;5;12m   |[0m
        	            	[1;38;5;12m21 |[0m     updatedAt ?= str
        	            	[1;38;5;12m   |[0m[1;38;5;9m                    ^[0m [1;38;5;9munexpected token 'dedent'[0m
        	            	[1;38;5;12m   |[0m
        	            	
        	            	
        	            	error[E1001]: InvalidSyntax
        	            	  [1;38;5;12m-->[0m /tmp/kcl-oas-test-2875939315/Order.k:11:5
        	            	[1;38;5;12m   |[0m
        	            	[1;38;5;12m11 |[0m     status ?= str = "pending"
        	            	[1;38;5;12m   |[0m[1;38;5;9m     ^[0m [1;38;5;9mexpected one of ["dedent"] got identifier[0m
        	            	[1;38;5;12m   |[0m
        	            	
        	            	
        	            	error[E1001]: InvalidSyntax
        	            	  [1;38;5;12m-->[0m /tmp/kcl-oas-test-2875939315/Order.k:11:12
        	            	[1;38;5;12m   |[0m
        	            	[1;38;5;12m11 |[0m     status ?= str = "pending"
        	            	[1;38;5;12m   |[0m[1;38;5;9m            ^[0m [1;38;5;9munexpected token '?'[0m
        	            	[1;38;5;12m   |[0m
        	            	
        	            	
        	            	error[E1001]: InvalidSyntax
        	            	  [1;38;5;12m-->[0m /tmp/kcl-oas-test-2875939315/Order.k:11:13
        	            	[1;38;5;12m   |[0m
        	            	[1;38;5;12m11 |[0m     status ?= str = "pending"
        	            	[1;38;5;12m   |[0m[1;38;5;9m             ^[0m [1;38;5;9munexpected token '='[0m
        	            	[1;38;5;12m   |[0m
        	            	
        	            	
        	            	error[E1001]: InvalidSyntax
        	            	  [1;38;5;12m-->[0m /tmp/kcl-oas-test-2875939315/Order.k:12:10
        	            	[1;38;5;12m   |[0m
        	            	[1;38;5;12m12 |[0m     check:
        	            	[1;38;5;12m   |[0m[1;38;5;9m          ^[0m [1;38;5;9mexpected one of ["any", "bool", "int", "float", "str", "True", "False", "identifier", "literal", "[", "{", ")"] got newline[0m
        	            	[1;38;5;12m   |[0m
        	            	
        	            	
        	            	error[E1001]: InvalidSyntax
        	            	  [1;38;5;12m-->[0m /tmp/kcl-oas-test-2875939315/Order.k:13:9
        	            	[1;38;5;12m   |[0m
        	            	[1;38;5;12m13 |[0m         status in ["pending", "processing", "shipped", "delivered", "cancelled"]
        	            	[1;38;5;12m   |[0m[1;38;5;9m         ^[0m [1;38;5;9mexpected one of ["="] got indent[0m
        	            	[1;38;5;12m   |[0m
        	            	
        	            	
        	            	error[E1001]: InvalidSyntax
        	            	  [1;38;5;12m-->[0m /tmp/kcl-oas-test-2875939315/Order.k:13:9
        	            	[1;38;5;12m   |[0m
        	            	[1;38;5;12m13 |[0m         status in ["pending", "processing", "shipped", "delivered", "cancelled"]
        	            	[1;38;5;12m   |[0m[1;38;5;9m         ^[0m [1;38;5;9munexpected token 'indent'[0m
        	            	[1;38;5;12m   |[0m
        	            	
        	            	
        	            	error[E1001]: InvalidSyntax
        	            	  [1;38;5;12m-->[0m /tmp/kcl-oas-test-2875939315/Order.k:15:5
        	            	[1;38;5;12m   |[0m
        	            	[1;38;5;12m15 |[0m     totalAmount ?= float
        	            	[1;38;5;12m   |[0m[1;38;5;9m     ^[0m [1;38;5;9munexpected token 'dedent'[0m
        	            	[1;38;5;12m   |[0m
        	            	
        	            	
        	            	error[E1001]: InvalidSyntax
        	            	  [1;38;5;12m-->[0m /tmp/kcl-oas-test-2875939315/Order.k:15:17
        	            	[1;38;5;12m   |[0m
        	            	[1;38;5;12m15 |[0m     totalAmount ?= float
        	            	[1;38;5;12m   |[0m[1;38;5;9m                 ^[0m [1;38;5;9munexpected token '?'[0m
        	            	[1;38;5;12m   |[0m
        	            	
        	            	
        	            	error[E1001]: InvalidSyntax
        	            	  [1;38;5;12m-->[0m /tmp/kcl-oas-test-2875939315/Order.k:15:18
        	            	[1;38;5;12m   |[0m
        	            	[1;38;5;12m15 |[0m     totalAmount ?= float
        	            	[1;38;5;12m   |[0m[1;38;5;9m                  ^[0m [1;38;5;9munexpected token '='[0m
        	            	[1;38;5;12m   |[0m
        	            	
        	            	
        	            	error[E1001]: InvalidSyntax
        	            	  [1;38;5;12m-->[0m /tmp/kcl-oas-test-2875939315/Order.k:15:24
        	            	[1;38;5;12m   |[0m
        	            	[1;38;5;12m15 |[0m     totalAmount ?= float
        	            	[1;38;5;12m   |[0m[1;38;5;9m                        ^[0m [1;38;5;9munexpected token 'dedent'[0m
        	            	[1;38;5;12m   |[0m
        	            	
        	            	
        	            	error[E1001]: InvalidSyntax
        	            	  [1;38;5;12m-->[0m /tmp/kcl-oas-test-2875939315/OrderItem.k:11:5
        	            	[1;38;5;12m   |[0m
        	            	[1;38;5;12m11 |[0m     unitPrice = float
        	            	[1;38;5;12m   |[0m[1;38;5;9m     ^[0m [1;38;5;9mexpected one of ["dedent"] got identifier[0m
        	            	[1;38;5;12m   |[0m
        	            	
        	            	
        	            	error[E1001]: InvalidSyntax
        	            	  [1;38;5;12m-->[0m /tmp/kcl-oas-test-2875939315/OrderItem.k:11:15
        	            	[1;38;5;12m   |[0m
        	            	[1;38;5;12m11 |[0m     unitPrice = float
        	            	[1;38;5;12m   |[0m[1;38;5;9m               ^[0m [1;38;5;9munexpected token '='[0m
        	            	[1;38;5;12m   |[0m
        	            	
        	            	
        	            	error[E1001]: InvalidSyntax
        	            	  [1;38;5;12m-->[0m /tmp/kcl-oas-test-2875939315/OrderItem.k:11:21
        	            	[1;38;5;12m   |[0m
        	            	[1;38;5;12m11 |[0m     unitPrice = float
        	            	[1;38;5;12m   |[0m[1;38;5;9m                     ^[0m [1;38;5;9munexpected token 'dedent'[0m
        	            	[1;38;5;12m   |[0m
        	            	
        	            	
        	            	error[E1001]: InvalidSyntax
        	            	 [1;38;5;12m-->[0m /tmp/kcl-oas-test-2875939315/Product.k:5:15
        	            	[1;38;5;12m  |[0m
        	            	[1;38;5;12m5 |[0m     category ?= Category
        	            	[1;38;5;12m  |[0m[1;38;5;9m               ^[0m [1;38;5;9mexpected one of [":"] got =[0m
        	            	[1;38;5;12m  |[0m
        	            	
        	            	
        	            	error[E1001]: InvalidSyntax
        	            	 [1;38;5;12m-->[0m /tmp/kcl-oas-test-2875939315/Product.k:7:16
        	            	[1;38;5;12m  |[0m
        	            	[1;38;5;12m7 |[0m     createdAt ?= str
        	            	[1;38;5;12m  |[0m[1;38;5;9m                ^[0m [1;38;5;9mexpected one of [":"] got =[0m
        	            	[1;38;5;12m  |[0m
        	            	
        	            	
        	            	error[E1001]: InvalidSyntax
        	            	  [1;38;5;12m-->[0m /tmp/kcl-oas-test-2875939315/Product.k:11:15
        	            	[1;38;5;12m   |[0m
        	            	[1;38;5;12m11 |[0m     metadata ?= dict
        	            	[1;38;5;12m   |[0m[1;38;5;9m               ^[0m [1;38;5;9mexpected one of [":"] got =[0m
        	            	[1;38;5;12m   |[0m
        	            	
        	            	
        	            	error[E1001]: InvalidSyntax
        	            	  [1;38;5;12m-->[0m /tmp/kcl-oas-test-2875939315/Product.k:18:5
        	            	[1;38;5;12m   |[0m
        	            	[1;38;5;12m18 |[0m     price = float
        	            	[1;38;5;12m   |[0m[1;38;5;9m     ^[0m [1;38;5;9mexpected one of ["dedent"] got identifier[0m
        	            	[1;38;5;12m   |[0m
        	            	
        	            	
        	            	error[E1001]: InvalidSyntax
        	            	  [1;38;5;12m-->[0m /tmp/kcl-oas-test-2875939315/Product.k:18:11
        	            	[1;38;5;12m   |[0m
        	            	[1;38;5;12m18 |[0m     price = float
        	            	[1;38;5;12m   |[0m[1;38;5;9m           ^[0m [1;38;5;9munexpected token '='[0m
        	            	[1;38;5;12m   |[0m
        	            	
        	            	
        	            	error[E1001]: InvalidSyntax
        	            	  [1;38;5;12m-->[0m /tmp/kcl-oas-test-2875939315/Product.k:19:10
        	            	[1;38;5;12m   |[0m
        	            	[1;38;5;12m19 |[0m     check:
        	            	[1;38;5;12m   |[0m[1;38;5;9m          ^[0m [1;38;5;9mexpected one of ["any", "bool", "int", "float", "str", "True", "False", "identifier", "literal", "[", "{", ")"] got newline[0m
        	            	[1;38;5;12m   |[0m
        	            	
        	            	
        	            	error[E1001]: InvalidSyntax
        	            	  [1;38;5;12m-->[0m /tmp/kcl-oas-test-2875939315/Product.k:20:9
        	            	[1;38;5;12m   |[0m
        	            	[1;38;5;12m20 |[0m         price >= 0
        	            	[1;38;5;12m   |[0m[1;38;5;9m         ^[0m [1;38;5;9mexpected one of ["="] got indent[0m
        	            	[1;38;5;12m   |[0m
        	            	
        	            	
        	            	error[E1001]: InvalidSyntax
        	            	  [1;38;5;12m-->[0m /tmp/kcl-oas-test-2875939315/Product.k:20:9
        	            	[1;38;5;12m   |[0m
        	            	[1;38;5;12m20 |[0m         price >= 0
        	            	[1;38;5;12m   |[0m[1;38;5;9m         ^[0m [1;38;5;9munexpected token 'indent'[0m
        	            	[1;38;5;12m   |[0m
        	            	
        	            	
        	            	error[E1001]: InvalidSyntax
        	            	  [1;38;5;12m-->[0m /tmp/kcl-oas-test-2875939315/Product.k:21:5
        	            	[1;38;5;12m   |[0m
        	            	[1;38;5;12m21 |[0m     status ?= str = "available"
        	            	[1;38;5;12m   |[0m[1;38;5;9m     ^[0m [1;38;5;9munexpected token 'dedent'[0m
        	            	[1;38;5;12m   |[0m
        	            	
        	            	
        	            	error[E1001]: InvalidSyntax
        	            	  [1;38;5;12m-->[0m /tmp/kcl-oas-test-2875939315/Product.k:21:12
        	            	[1;38;5;12m   |[0m
        	            	[1;38;5;12m21 |[0m     status ?= str = "available"
        	            	[1;38;5;12m   |[0m[1;38;5;9m            ^[0m [1;38;5;9munexpected token '?'[0m
        	            	[1;38;5;12m   |[0m
        	            	
        	            	
        	            	error[E1001]: InvalidSyntax
        	            	  [1;38;5;12m-->[0m /tmp/kcl-oas-test-2875939315/Product.k:21:13
        	            	[1;38;5;12m   |[0m
        	            	[1;38;5;12m21 |[0m     status ?= str = "available"
        	            	[1;38;5;12m   |[0m[1;38;5;9m             ^[0m [1;38;5;9munexpected token '='[0m
        	            	[1;38;5;12m   |[0m
        	            	
        	            	
        	            	error[E1001]: InvalidSyntax
        	            	  [1;38;5;12m-->[0m /tmp/kcl-oas-test-2875939315/Product.k:22:10
        	            	[1;38;5;12m   |[0m
        	            	[1;38;5;12m22 |[0m     check:
        	            	[1;38;5;12m   |[0m[1;38;5;9m          ^[0m [1;38;5;9mexpected one of ["any", "bool", "int", "float", "str", "True", "False", "identifier", "literal", "[", "{", ")"] got newline[0m
        	            	[1;38;5;12m   |[0m
        	            	
        	            	
        	            	error[E1001]: InvalidSyntax
        	            	  [1;38;5;12m-->[0m /tmp/kcl-oas-test-2875939315/Product.k:23:9
        	            	[1;38;5;12m   |[0m
        	            	[1;38;5;12m23 |[0m         status in ["available", "out_of_stock", "discontinued"]
        	            	[1;38;5;12m   |[0m[1;38;5;9m         ^[0m [1;38;5;9mexpected one of ["="] got indent[0m
        	            	[1;38;5;12m   |[0m
        	            	
        	            	
        	            	error[E1001]: InvalidSyntax
        	            	  [1;38;5;12m-->[0m /tmp/kcl-oas-test-2875939315/Product.k:23:9
        	            	[1;38;5;12m   |[0m
        	            	[1;38;5;12m23 |[0m         status in ["available", "out_of_stock", "discontinued"]
        	            	[1;38;5;12m   |[0m[1;38;5;9m         ^[0m [1;38;5;9munexpected token 'indent'[0m
        	            	[1;38;5;12m   |[0m
        	            	
        	            	
        	            	error[E1001]: InvalidSyntax
        	            	  [1;38;5;12m-->[0m /tmp/kcl-oas-test-2875939315/Product.k:25:5
        	            	[1;38;5;12m   |[0m
        	            	[1;38;5;12m25 |[0m     tags ?= [str]
        	            	[1;38;5;12m   |[0m[1;38;5;9m     ^[0m [1;38;5;9munexpected token 'dedent'[0m
        	            	[1;38;5;12m   |[0m
        	            	
        	            	
        	            	error[E1001]: InvalidSyntax
        	            	  [1;38;5;12m-->[0m /tmp/kcl-oas-test-2875939315/Product.k:25:10
        	            	[1;38;5;12m   |[0m
        	            	[1;38;5;12m25 |[0m     tags ?= [str]
        	            	[1;38;5;12m   |[0m[1;38;5;9m          ^[0m [1;38;5;9munexpected token '?'[0m
        	            	[1;38;5;12m   |[0m
        	            	
        	            	
        	            	error[E1001]: InvalidSyntax
        	            	  [1;38;5;12m-->[0m /tmp/kcl-oas-test-2875939315/Product.k:25:11
        	            	[1;38;5;12m   |[0m
        	            	[1;38;5;12m25 |[0m     tags ?= [str]
        	            	[1;38;5;12m   |[0m[1;38;5;9m           ^[0m [1;38;5;9munexpected token '='[0m
        	            	[1;38;5;12m   |[0m
        	            	
        	            	
        	            	error[E1001]: InvalidSyntax
        	            	  [1;38;5;12m-->[0m /tmp/kcl-oas-test-2875939315/Product.k:27:15
        	            	[1;38;5;12m   |[0m
        	            	[1;38;5;12m27 |[0m     updatedAt ?= str
        	            	[1;38;5;12m   |[0m[1;38;5;9m               ^[0m [1;38;5;9munexpected token '?'[0m
        	            	[1;38;5;12m   |[0m
        	            	
        	            	
        	            	error[E1001]: InvalidSyntax
        	            	  [1;38;5;12m-->[0m /tmp/kcl-oas-test-2875939315/Product.k:27:16
        	            	[1;38;5;12m   |[0m
        	            	[1;38;5;12m27 |[0m     updatedAt ?= str
        	            	[1;38;5;12m   |[0m[1;38;5;9m                ^[0m [1;38;5;9munexpected token '='[0m
        	            	[1;38;5;12m   |[0m
        	            	
        	            	
        	            	error[E1001]: InvalidSyntax
        	            	  [1;38;5;12m-->[0m /tmp/kcl-oas-test-2875939315/Product.k:27:20
        	            	[1;38;5;12m   |[0m
        	            	[1;38;5;12m27 |[0m     updatedAt ?= str
        	            	[1;38;5;12m   |[0m[1;38;5;9m                    ^[0m [1;38;5;9munexpected token 'dedent'[0m
        	            	[1;38;5;12m   |[0m
        	            	
        	            	
        	            	error[E1001]: InvalidSyntax
        	            	  [1;38;5;12m-->[0m /tmp/kcl-oas-test-2875939315/Address.k:10:17
        	            	[1;38;5;12m   |[0m
        	            	[1;38;5;12m10 |[0m     postalCode ?= str
        	            	[1;38;5;12m   |[0m[1;38;5;9m                 ^[0m [1;38;5;9mexpected one of [":"] got =[0m
        	            	[1;38;5;12m   |[0m
        	            	
        	            	
        	            	error[E1001]: InvalidSyntax
        	            	  [1;38;5;12m-->[0m /tmp/kcl-oas-test-2875939315/Address.k:12:12
        	            	[1;38;5;12m   |[0m
        	            	[1;38;5;12m12 |[0m     state ?= str
        	            	[1;38;5;12m   |[0m[1;38;5;9m            ^[0m [1;38;5;9mexpected one of [":"] got =[0m
        	            	[1;38;5;12m   |[0m
        	            	
        	            	
        	            	error[E1001]: InvalidSyntax
        	            	 [1;38;5;12m-->[0m /tmp/kcl-oas-test-2875939315/ApiResponse.k:5:11
        	            	[1;38;5;12m  |[0m
        	            	[1;38;5;12m5 |[0m     code ?= int
        	            	[1;38;5;12m  |[0m[1;38;5;9m           ^[0m [1;38;5;9mexpected one of [":"] got =[0m
        	            	[1;38;5;12m  |[0m
        	            	
        	            	
        	            	error[E1001]: InvalidSyntax
        	            	 [1;38;5;12m-->[0m /tmp/kcl-oas-test-2875939315/ApiResponse.k:6:14
        	            	[1;38;5;12m  |[0m
        	            	[1;38;5;12m6 |[0m     message ?= str
        	            	[1;38;5;12m  |[0m[1;38;5;9m              ^[0m [1;38;5;9mexpected one of [":"] got =[0m
        	            	[1;38;5;12m  |[0m
        	            	
        	            	
        	            	error[E1001]: InvalidSyntax
        	            	 [1;38;5;12m-->[0m /tmp/kcl-oas-test-2875939315/ApiResponse.k:7:11
        	            	[1;38;5;12m  |[0m
        	            	[1;38;5;12m7 |[0m     type ?= str
        	            	[1;38;5;12m  |[0m[1;38;5;9m           ^[0m [1;38;5;9mexpected one of [":"] got =[0m
        	            	[1;38;5;12m  |[0m
        	            	
        	            	
        	            	error[E1001]: InvalidSyntax
        	            	 [1;38;5;12m-->[0m /tmp/kcl-oas-test-2875939315/BaseObject.k:6:16
        	            	[1;38;5;12m  |[0m
        	            	[1;38;5;12m6 |[0m     createdAt ?= str
        	            	[1;38;5;12m  |[0m[1;38;5;9m                ^[0m [1;38;5;9mexpected one of [":"] got =[0m
        	            	[1;38;5;12m  |[0m
        	            	
        	            	
        	            	error[E1001]: InvalidSyntax
        	            	  [1;38;5;12m-->[0m /tmp/kcl-oas-test-2875939315/BaseObject.k:10:16
        	            	[1;38;5;12m   |[0m
        	            	[1;38;5;12m10 |[0m     updatedAt ?= str
        	            	[1;38;5;12m   |[0m[1;38;5;9m                ^[0m [1;38;5;9mexpected one of [":"] got =[0m
        	            	[1;38;5;12m   |[0m
        	            	
        	            	
        	            	error[E1001]: InvalidSyntax
        	            	  [1;38;5;12m-->[0m /tmp/kcl-oas-test-2875939315/Category.k:10:21
        	            	[1;38;5;12m   |[0m
        	            	[1;38;5;12m10 |[0m     parentCategory ?= Category
        	            	[1;38;5;12m   |[0m[1;38;5;9m                     ^[0m [1;38;5;9mexpected one of [":"] got =[0m
        	            	[1;38;5;12m   |[0m
        	            	
        	            	
        	            	error[E1001]: InvalidSyntax
        	            	 [1;38;5;12m-->[0m /tmp/kcl-oas-test-2875939315/Customer.k:5:14
        	            	[1;38;5;12m  |[0m
        	            	[1;38;5;12m5 |[0m     address ?= Address
        	            	[1;38;5;12m  |[0m[1;38;5;9m              ^[0m [1;38;5;9mexpected one of [":"] got =[0m
        	            	[1;38;5;12m  |[0m
        	            	
        	            	
        	            	error[E1001]: InvalidSyntax
        	            	 [1;38;5;12m-->[0m /tmp/kcl-oas-test-2875939315/Customer.k:7:16
        	            	[1;38;5;12m  |[0m
        	            	[1;38;5;12m7 |[0m     createdAt ?= str
        	            	[1;38;5;12m  |[0m[1;38;5;9m                ^[0m [1;38;5;9mexpected one of [":"] got =[0m
        	            	[1;38;5;12m  |[0m
        	            	
        	            	
        	            	error[E1001]: InvalidSyntax
        	            	  [1;38;5;12m-->[0m /tmp/kcl-oas-test-2875939315/Customer.k:17:18
        	            	[1;38;5;12m   |[0m
        	            	[1;38;5;12m17 |[0m     phoneNumber ?= str
        	            	[1;38;5;12m   |[0m[1;38;5;9m                  ^[0m [1;38;5;9mexpected one of [":"] got =[0m
        	            	[1;38;5;12m   |[0m
        	            	
        	            	
        	            	error[E1001]: InvalidSyntax
        	            	  [1;38;5;12m-->[0m /tmp/kcl-oas-test-2875939315/Customer.k:21:5
        	            	[1;38;5;12m   |[0m
        	            	[1;38;5;12m21 |[0m     updatedAt ?= str
        	            	[1;38;5;12m   |[0m[1;38;5;9m     ^[0m [1;38;5;9mexpected one of ["dedent"] got identifier[0m
        	            	[1;38;5;12m   |[0m
        	            	
        	            	
        	            	error[E1001]: InvalidSyntax
        	            	  [1;38;5;12m-->[0m /tmp/kcl-oas-test-2875939315/Customer.k:21:15
        	            	[1;38;5;12m   |[0m
        	            	[1;38;5;12m21 |[0m     updatedAt ?= str
        	            	[1;38;5;12m   |[0m[1;38;5;9m               ^[0m [1;38;5;9munexpected token '?'[0m
        	            	[1;38;5;12m   |[0m
        	            	
        	            	
        	            	error[E1001]: InvalidSyntax
        	            	  [1;38;5;12m-->[0m /tmp/kcl-oas-test-2875939315/Customer.k:21:16
        	            	[1;38;5;12m   |[0m
        	            	[1;38;5;12m21 |[0m     updatedAt ?= str
        	            	[1;38;5;12m   |[0m[1;38;5;9m                ^[0m [1;38;5;9munexpected token '='[0m
        	            	[1;38;5;12m   |[0m
        	            	
        	            	
        	            	error[E1001]: InvalidSyntax
        	            	  [1;38;5;12m-->[0m /tmp/kcl-oas-test-2875939315/Customer.k:21:20
        	            	[1;38;5;12m   |[0m
        	            	[1;38;5;12m21 |[0m     updatedAt ?= str
        	            	[1;38;5;12m   |[0m[1;38;5;9m                    ^[0m [1;38;5;9munexpected token 'dedent'[0m
        	            	[1;38;5;12m   |[0m
        	            	
        	            	
        	            	error[E1001]: InvalidSyntax
        	            	  [1;38;5;12m-->[0m /tmp/kcl-oas-test-2875939315/Order.k:11:5
        	            	[1;38;5;12m   |[0m
        	            	[1;38;5;12m11 |[0m     status ?= str = "pending"
        	            	[1;38;5;12m   |[0m[1;38;5;9m     ^[0m [1;38;5;9mexpected one of ["dedent"] got identifier[0m
        	            	[1;38;5;12m   |[0m
        	            	
        	            	
        	            	error[E1001]: InvalidSyntax
        	            	  [1;38;5;12m-->[0m /tmp/kcl-oas-test-2875939315/Order.k:11:12
        	            	[1;38;5;12m   |[0m
        	            	[1;38;5;12m11 |[0m     status ?= str = "pending"
        	            	[1;38;5;12m   |[0m[1;38;5;9m            ^[0m [1;38;5;9munexpected token '?'[0m
        	            	[1;38;5;12m   |[0m
        	            	
        	            	
        	            	error[E1001]: InvalidSyntax
        	            	  [1;38;5;12m-->[0m /tmp/kcl-oas-test-2875939315/Order.k:11:13
        	            	[1;38;5;12m   |[0m
        	            	[1;38;5;12m11 |[0m     status ?= str = "pending"
        	            	[1;38;5;12m   |[0m[1;38;5;9m             ^[0m [1;38;5;9munexpected token '='[0m
        	            	[1;38;5;12m   |[0m
        	            	
        	            	
        	            	error[E1001]: InvalidSyntax
        	            	  [1;38;5;12m-->[0m /tmp/kcl-oas-test-2875939315/Order.k:12:10
        	            	[1;38;5;12m   |[0m
        	            	[1;38;5;12m12 |[0m     check:
        	            	[1;38;5;12m   |[0m[1;38;5;9m          ^[0m [1;38;5;9mexpected one of ["any", "bool", "int", "float", "str", "True", "False", "identifier", "literal", "[", "{", ")"] got newline[0m
        	            	[1;38;5;12m   |[0m
        	            	
        	            	
        	            	error[E1001]: InvalidSyntax
        	            	  [1;38;5;12m-->[0m /tmp/kcl-oas-test-2875939315/Order.k:13:9
        	            	[1;38;5;12m   |[0m
        	            	[1;38;5;12m13 |[0m         status in ["pending", "processing", "shipped", "delivered", "cancelled"]
        	            	[1;38;5;12m   |[0m[1;38;5;9m         ^[0m [1;38;5;9mexpected one of ["="] got indent[0m
        	            	[1;38;5;12m   |[0m
        	            	
        	            	
        	            	error[E1001]: InvalidSyntax
        	            	  [1;38;5;12m-->[0m /tmp/kcl-oas-test-2875939315/Order.k:13:9
        	            	[1;38;5;12m   |[0m
        	            	[1;38;5;12m13 |[0m         status in ["pending", "processing", "shipped", "delivered", "cancelled"]
        	            	[1;38;5;12m   |[0m[1;38;5;9m         ^[0m [1;38;5;9munexpected token 'indent'[0m
        	            	[1;38;5;12m   |[0m
        	            	
        	            	
        	            	error[E1001]: InvalidSyntax
        	            	  [1;38;5;12m-->[0m /tmp/kcl-oas-test-2875939315/Order.k:15:5
        	            	[1;38;5;12m   |[0m
        	            	[1;38;5;12m15 |[0m     totalAmount ?= float
        	            	[1;38;5;12m   |[0m[1;38;5;9m     ^[0m [1;38;5;9munexpected token 'dedent'[0m
        	            	[1;38;5;12m   |[0m
        	            	
        	            	
        	            	error[E1001]: InvalidSyntax
        	            	  [1;38;5;12m-->[0m /tmp/kcl-oas-test-2875939315/Order.k:15:17
        	            	[1;38;5;12m   |[0m
        	            	[1;38;5;12m15 |[0m     totalAmount ?= float
        	            	[1;38;5;12m   |[0m[1;38;5;9m                 ^[0m [1;38;5;9munexpected token '?'[0m
        	            	[1;38;5;12m   |[0m
        	            	
        	            	
        	            	error[E1001]: InvalidSyntax
        	            	  [1;38;5;12m-->[0m /tmp/kcl-oas-test-2875939315/Order.k:15:18
        	            	[1;38;5;12m   |[0m
        	            	[1;38;5;12m15 |[0m     totalAmount ?= float
        	            	[1;38;5;12m   |[0m[1;38;5;9m                  ^[0m [1;38;5;9munexpected token '='[0m
        	            	[1;38;5;12m   |[0m
        	            	
        	            	
        	            	error[E1001]: InvalidSyntax
        	            	  [1;38;5;12m-->[0m /tmp/kcl-oas-test-2875939315/Order.k:15:24
        	            	[1;38;5;12m   |[0m
        	            	[1;38;5;12m15 |[0m     totalAmount ?= float
        	            	[1;38;5;12m   |[0m[1;38;5;9m                        ^[0m [1;38;5;9munexpected token 'dedent'[0m
        	            	[1;38;5;12m   |[0m
        	            	
        	            	
        	            	error[E1001]: InvalidSyntax
        	            	  [1;38;5;12m-->[0m /tmp/kcl-oas-test-2875939315/OrderItem.k:11:5
        	            	[1;38;5;12m   |[0m
        	            	[1;38;5;12m11 |[0m     unitPrice = float
        	            	[1;38;5;12m   |[0m[1;38;5;9m     ^[0m [1;38;5;9mexpected one of ["dedent"] got identifier[0m
        	            	[1;38;5;12m   |[0m
        	            	
        	            	
        	            	error[E1001]: InvalidSyntax
        	            	  [1;38;5;12m-->[0m /tmp/kcl-oas-test-2875939315/OrderItem.k:11:15
        	            	[1;38;5;12m   |[0m
        	            	[1;38;5;12m11 |[0m     unitPrice = float
        	            	[1;38;5;12m   |[0m[1;38;5;9m               ^[0m [1;38;5;9munexpected token '='[0m
        	            	[1;38;5;12m   |[0m
        	            	
        	            	
        	            	error[E1001]: InvalidSyntax
        	            	  [1;38;5;12m-->[0m /tmp/kcl-oas-test-2875939315/OrderItem.k:11:21
        	            	[1;38;5;12m   |[0m
        	            	[1;38;5;12m11 |[0m     unitPrice = float
        	            	[1;38;5;12m   |[0m[1;38;5;9m                     ^[0m [1;38;5;9munexpected token 'dedent'[0m
        	            	[1;38;5;12m   |[0m
        	            	
        	            	
        	            	error[E1001]: InvalidSyntax
        	            	 [1;38;5;12m-->[0m /tmp/kcl-oas-test-2875939315/Product.k:5:15
        	            	[1;38;5;12m  |[0m
        	            	[1;38;5;12m5 |[0m     category ?= Category
        	            	[1;38;5;12m  |[0m[1;38;5;9m               ^[0m [1;38;5;9mexpected one of [":"] got =[0m
        	            	[1;38;5;12m  |[0m
        	            	
        	            	
        	            	error[E1001]: InvalidSyntax
        	            	 [1;38;5;12m-->[0m /tmp/kcl-oas-test-2875939315/Product.k:7:16
        	            	[1;38;5;12m  |[0m
        	            	[1;38;5;12m7 |[0m     createdAt ?= str
        	            	[1;38;5;12m  |[0m[1;38;5;9m                ^[0m [1;38;5;9mexpected one of [":"] got =[0m
        	            	[1;38;5;12m  |[0m
        	            	
        	            	
        	            	error[E1001]: InvalidSyntax
        	            	  [1;38;5;12m-->[0m /tmp/kcl-oas-test-2875939315/Product.k:11:15
        	            	[1;38;5;12m   |[0m
        	            	[1;38;5;12m11 |[0m     metadata ?= dict
        	            	[1;38;5;12m   |[0m[1;38;5;9m               ^[0m [1;38;5;9mexpected one of [":"] got =[0m
        	            	[1;38;5;12m   |[0m
        	            	
        	            	
        	            	error[E1001]: InvalidSyntax
        	            	  [1;38;5;12m-->[0m /tmp/kcl-oas-test-2875939315/Product.k:18:5
        	            	[1;38;5;12m   |[0m
        	            	[1;38;5;12m18 |[0m     price = float
        	            	[1;38;5;12m   |[0m[1;38;5;9m     ^[0m [1;38;5;9mexpected one of ["dedent"] got identifier[0m
        	            	[1;38;5;12m   |[0m
        	            	
        	            	
        	            	error[E1001]: InvalidSyntax
        	            	  [1;38;5;12m-->[0m /tmp/kcl-oas-test-2875939315/Product.k:18:11
        	            	[1;38;5;12m   |[0m
        	            	[1;38;5;12m18 |[0m     price = float
        	            	[1;38;5;12m   |[0m[1;38;5;9m           ^[0m [1;38;5;9munexpected token '='[0m
        	            	[1;38;5;12m   |[0m
        	            	
        	            	
        	            	error[E1001]: InvalidSyntax
        	            	  [1;38;5;12m-->[0m /tmp/kcl-oas-test-2875939315/Product.k:19:10
        	            	[1;38;5;12m   |[0m
        	            	[1;38;5;12m19 |[0m     check:
        	            	[1;38;5;12m   |[0m[1;38;5;9m          ^[0m [1;38;5;9mexpected one of ["any", "bool", "int", "float", "str", "True", "False", "identifier", "literal", "[", "{", ")"] got newline[0m
        	            	[1;38;5;12m   |[0m
        	            	
        	            	
        	            	error[E1001]: InvalidSyntax
        	            	  [1;38;5;12m-->[0m /tmp/kcl-oas-test-2875939315/Product.k:20:9
        	            	[1;38;5;12m   |[0m
        	            	[1;38;5;12m20 |[0m         price >= 0
        	            	[1;38;5;12m   |[0m[1;38;5;9m         ^[0m [1;38;5;9mexpected one of ["="] got indent[0m
        	            	[1;38;5;12m   |[0m
        	            	
        	            	
        	            	error[E1001]: InvalidSyntax
        	            	  [1;38;5;12m-->[0m /tmp/kcl-oas-test-2875939315/Product.k:20:9
        	            	[1;38;5;12m   |[0m
        	            	[1;38;5;12m20 |[0m         price >= 0
        	            	[1;38;5;12m   |[0m[1;38;5;9m         ^[0m [1;38;5;9munexpected token 'indent'[0m
        	            	[1;38;5;12m   |[0m
        	            	
        	            	
        	            	error[E1001]: InvalidSyntax
        	            	  [1;38;5;12m-->[0m /tmp/kcl-oas-test-2875939315/Product.k:21:5
        	            	[1;38;5;12m   |[0m
        	            	[1;38;5;12m21 |[0m     status ?= str = "available"
        	            	[1;38;5;12m   |[0m[1;38;5;9m     ^[0m [1;38;5;9munexpected token 'dedent'[0m
        	            	[1;38;5;12m   |[0m
        	            	
        	            	
        	            	error[E1001]: InvalidSyntax
        	            	  [1;38;5;12m-->[0m /tmp/kcl-oas-test-2875939315/Product.k:21:12
        	            	[1;38;5;12m   |[0m
        	            	[1;38;5;12m21 |[0m     status ?= str = "available"
        	            	[1;38;5;12m   |[0m[1;38;5;9m            ^[0m [1;38;5;9munexpected token '?'[0m
        	            	[1;38;5;12m   |[0m
        	            	
        	            	
        	            	error[E1001]: InvalidSyntax
        	            	  [1;38;5;12m-->[0m /tmp/kcl-oas-test-2875939315/Product.k:21:13
        	            	[1;38;5;12m   |[0m
        	            	[1;38;5;12m21 |[0m     status ?= str = "available"
        	            	[1;38;5;12m   |[0m[1;38;5;9m             ^[0m [1;38;5;9munexpected token '='[0m
        	            	[1;38;5;12m   |[0m
        	            	
        	            	
        	            	error[E1001]: InvalidSyntax
        	            	  [1;38;5;12m-->[0m /tmp/kcl-oas-test-2875939315/Product.k:22:10
        	            	[1;38;5;12m   |[0m
        	            	[1;38;5;12m22 |[0m     check:
        	            	[1;38;5;12m   |[0m[1;38;5;9m          ^[0m [1;38;5;9mexpected one of ["any", "bool", "int", "float", "str", "True", "False", "identifier", "literal", "[", "{", ")"] got newline[0m
        	            	[1;38;5;12m   |[0m
        	            	
        	            	
        	            	error[E1001]: InvalidSyntax
        	            	  [1;38;5;12m-->[0m /tmp/kcl-oas-test-2875939315/Product.k:23:9
        	            	[1;38;5;12m   |[0m
        	            	[1;38;5;12m23 |[0m         status in ["available", "out_of_stock", "discontinued"]
        	            	[1;38;5;12m   |[0m[1;38;5;9m         ^[0m [1;38;5;9mexpected one of ["="] got indent[0m
        	            	[1;38;5;12m   |[0m
        	            	
        	            	
        	            	error[E1001]: InvalidSyntax
        	            	  [1;38;5;12m-->[0m /tmp/kcl-oas-test-2875939315/Product.k:23:9
        	            	[1;38;5;12m   |[0m
        	            	[1;38;5;12m23 |[0m         status in ["available", "out_of_stock", "discontinued"]
        	            	[1;38;5;12m   |[0m[1;38;5;9m         ^[0m [1;38;5;9munexpected token 'indent'[0m
        	            	[1;38;5;12m   |[0m
        	            	
        	            	
        	            	error[E1001]: InvalidSyntax
        	            	  [1;38;5;12m-->[0m /tmp/kcl-oas-test-2875939315/Product.k:25:5
        	            	[1;38;5;12m   |[0m
        	            	[1;38;5;12m25 |[0m     tags ?= [str]
        	            	[1;38;5;12m   |[0m[1;38;5;9m     ^[0m [1;38;5;9munexpected token 'dedent'[0m
        	            	[1;38;5;12m   |[0m
        	            	
        	            	
        	            	error[E1001]: InvalidSyntax
        	            	  [1;38;5;12m-->[0m /tmp/kcl-oas-test-2875939315/Product.k:25:10
        	            	[1;38;5;12m   |[0m
        	            	[1;38;5;12m25 |[0m     tags ?= [str]
        	            	[1;38;5;12m   |[0m[1;38;5;9m          ^[0m [1;38;5;9munexpected token '?'[0m
        	            	[1;38;5;12m   |[0m
        	            	
        	            	
        	            	error[E1001]: InvalidSyntax
        	            	  [1;38;5;12m-->[0m /tmp/kcl-oas-test-2875939315/Product.k:25:11
        	            	[1;38;5;12m   |[0m
        	            	[1;38;5;12m25 |[0m     tags ?= [str]
        	            	[1;38;5;12m   |[0m[1;38;5;9m           ^[0m [1;38;5;9munexpected token '='[0m
        	            	[1;38;5;12m   |[0m
        	            	
        	            	
        	            	error[E1001]: InvalidSyntax
        	            	  [1;38;5;12m-->[0m /tmp/kcl-oas-test-2875939315/Product.k:27:15
        	            	[1;38;5;12m   |[0m
        	            	[1;38;5;12m27 |[0m     updatedAt ?= str
        	            	[1;38;5;12m   |[0m[1;38;5;9m               ^[0m [1;38;5;9munexpected token '?'[0m
        	            	[1;38;5;12m   |[0m
        	            	
        	            	
        	            	error[E1001]: InvalidSyntax
        	            	  [1;38;5;12m-->[0m /tmp/kcl-oas-test-2875939315/Product.k:27:16
        	            	[1;38;5;12m   |[0m
        	            	[1;38;5;12m27 |[0m     updatedAt ?= str
        	            	[1;38;5;12m   |[0m[1;38;5;9m                ^[0m [1;38;5;9munexpected token '='[0m
        	            	[1;38;5;12m   |[0m
        	            	
        	            	
        	            	error[E1001]: InvalidSyntax
        	            	  [1;38;5;12m-->[0m /tmp/kcl-oas-test-2875939315/Product.k:27:20
        	            	[1;38;5;12m   |[0m
        	            	[1;38;5;12m27 |[0m     updatedAt ?= str
        	            	[1;38;5;12m   |[0m[1;38;5;9m                    ^[0m [1;38;5;9munexpected token 'dedent'[0m
        	            	[1;38;5;12m   |[0m
        	            	
        	            	
        	            	error[E1001]: ImmutableError
        	            	  [1;38;5;12m-->[0m /tmp/kcl-oas-test-2875939315/Product.k:19:5
        	            	[1;38;5;12m   |[0m
        	            	[1;38;5;12m19 |[0m     check:
        	            	[1;38;5;12m   |[0m[1;38;5;9m     ^[0m [1;38;5;9mCan not change the value of 'check', because it was declared immutable[0m
        	            	[1;38;5;12m   |[0m
        	            	
        	            	  [1;38;5;12m-->[0m /tmp/kcl-oas-test-2875939315/Order.k:12:5
        	            	[1;38;5;12m   |[0m
        	            	[1;38;5;12m12 |[0m     check:
        	            	[1;38;5;12m   |[0m[1;38;5;9m     ^[0m [1;38;5;9mThe variable 'check' is declared here[0m
        	            	[1;38;5;12m   |[0m
        	            	note: change the variable name to '_check' to make it mutable
        	            	
        	            	
        	            	error[E1001]: ImmutableError
        	            	  [1;38;5;12m-->[0m /tmp/kcl-oas-test-2875939315/Product.k:21:15
        	            	[1;38;5;12m   |[0m
        	            	[1;38;5;12m21 |[0m     status ?= str = "available"
        	            	[1;38;5;12m   |[0m[1;38;5;9m               ^[0m [1;38;5;9mCan not change the value of 'str', because it was declared immutable[0m
        	            	[1;38;5;12m   |[0m
        	            	
        	            	  [1;38;5;12m-->[0m /tmp/kcl-oas-test-2875939315/Order.k:11:15
        	            	[1;38;5;12m   |[0m
        	            	[1;38;5;12m11 |[0m     status ?= str = "pending"
        	            	[1;38;5;12m   |[0m[1;38;5;9m               ^[0m [1;38;5;9mThe variable 'str' is declared here[0m
        	            	[1;38;5;12m   |[0m
        	            	note: change the variable name to '_str' to make it mutable
        	            	
        	            	
        	            	error[E1001]: ImmutableError
        	            	  [1;38;5;12m-->[0m /tmp/kcl-oas-test-2875939315/Product.k:22:5
        	            	[1;38;5;12m   |[0m
        	            	[1;38;5;12m22 |[0m     check:
        	            	[1;38;5;12m   |[0m[1;38;5;9m     ^[0m [1;38;5;9mCan not change the value of 'check', because it was declared immutable[0m
        	            	[1;38;5;12m   |[0m
        	            	
        	            	  [1;38;5;12m-->[0m /tmp/kcl-oas-test-2875939315/Order.k:12:5
        	            	[1;38;5;12m   |[0m
        	            	[1;38;5;12m12 |[0m     check:
        	            	[1;38;5;12m   |[0m[1;38;5;9m     ^[0m [1;38;5;9mThe variable 'check' is declared here[0m
        	            	[1;38;5;12m   |[0m
        	            	note: change the variable name to '_check' to make it mutable
        	            	
        	            	
        	            	error[E2L23]: CompileError
        	            	  [1;38;5;12m-->[0m /tmp/kcl-oas-test-2875939315/Customer.k:19:9
        	            	[1;38;5;12m   |[0m
        	            	[1;38;5;12m19 |[0m         regex.match(phoneNumber, r"^\+[1-9]\d{1,14}$")
        	            	[1;38;5;12m   |[0m[1;38;5;9m         ^[0m [1;38;5;9mname 'regex' is not defined[0m
        	            	[1;38;5;12m   |[0m
        	            	
        	            	
        	            	error[E2L23]: CompileError
        	            	  [1;38;5;12m-->[0m /tmp/kcl-oas-test-2875939315/Order.k:13:9
        	            	[1;38;5;12m   |[0m
        	            	[1;38;5;12m13 |[0m         status in ["pending", "processing", "shipped", "delivered", "cancelled"]
        	            	[1;38;5;12m   |[0m[1;38;5;9m         ^[0m [1;38;5;9mname 'status' is not defined[0m
        	            	[1;38;5;12m   |[0m
        	            	
        	            	
        	            	error[E2L23]: CompileError
        	            	  [1;38;5;12m-->[0m /tmp/kcl-oas-test-2875939315/Order.k:15:5
        	            	[1;38;5;12m   |[0m
        	            	[1;38;5;12m15 |[0m     totalAmount ?= float
        	            	[1;38;5;12m   |[0m[1;38;5;9m     ^[0m [1;38;5;9mname 'totalAmount' is not defined[0m
        	            	[1;38;5;12m   |[0m
        	            	
        	            	
        	            	error[E2G22]: TypeError
        	            	 [1;38;5;12m-->[0m /tmp/kcl-oas-test-2875939315/OrderItem.k:9:9
        	            	[1;38;5;12m  |[0m
        	            	[1;38;5;12m9 |[0m         quantity >= 1
        	            	[1;38;5;12m  |[0m[1;38;5;9m         ^[0m [1;38;5;9munsupported operand type(s) for >=: '(any, int) -> int' and 'int(1)'[0m
        	            	[1;38;5;12m  |[0m
        	            	
        	            	
        	            	error[E2L23]: CompileError
        	            	  [1;38;5;12m-->[0m /tmp/kcl-oas-test-2875939315/Product.k:20:9
        	            	[1;38;5;12m   |[0m
        	            	[1;38;5;12m20 |[0m         price >= 0
        	            	[1;38;5;12m   |[0m[1;38;5;9m         ^[0m [1;38;5;9mname 'price' is not defined, did you mean '["print"]'?[0m
        	            	[1;38;5;12m   |[0m
        	            	
        	            	
        	            	error[E2L23]: CompileError
        	            	  [1;38;5;12m-->[0m /tmp/kcl-oas-test-2875939315/Product.k:21:5
        	            	[1;38;5;12m   |[0m
        	            	[1;38;5;12m21 |[0m     status ?= str = "available"
        	            	[1;38;5;12m   |[0m[1;38;5;9m     ^[0m [1;38;5;9mname 'status' is not defined[0m
        	            	[1;38;5;12m   |[0m
        	            	
        	            	
        	            	error[E2L23]: CompileError
        	            	  [1;38;5;12m-->[0m /tmp/kcl-oas-test-2875939315/Product.k:23:9
        	            	[1;38;5;12m   |[0m
        	            	[1;38;5;12m23 |[0m         status in ["available", "out_of_stock", "discontinued"]
        	            	[1;38;5;12m   |[0m[1;38;5;9m         ^[0m [1;38;5;9mname 'status' is not defined[0m
        	            	[1;38;5;12m   |[0m
        	            	
        	            	
        	            	error[E2L23]: CompileError
        	            	  [1;38;5;12m-->[0m /tmp/kcl-oas-test-2875939315/Product.k:25:5
        	            	[1;38;5;12m   |[0m
        	            	[1;38;5;12m25 |[0m     tags ?= [str]
        	            	[1;38;5;12m   |[0m[1;38;5;9m     ^[0m [1;38;5;9mname 'tags' is not defined[0m
        	            	[1;38;5;12m   |[0m
        	            	
        	            	
        	            	error[E2L23]: CompileError
        	            	  [1;38;5;12m-->[0m /tmp/kcl-oas-test-2875939315/Product.k:27:5
        	            	[1;38;5;12m   |[0m
        	            	[1;38;5;12m27 |[0m     updatedAt ?= str
        	            	[1;38;5;12m   |[0m[1;38;5;9m     ^[0m [1;38;5;9mname 'updatedAt' is not defined[0m
        	            	[1;38;5;12m   |[0m
        	            	
        	            	
        	            	Validation failed with exit code: 1
    oas_test.go:111: 
        	Error Trace:	/home/tridentsx/src/oas2kcl/openapikcl/oas_test.go:111
        	Error:      	"Testing validation of payload.json against KCL schemas\nError: error[E1001]: InvalidSyntax\n  \x1b[1;38;5;12m-->\x1b[0m /tmp/kcl-oas-test-2875939315/Address.k:10:17\n\x1b[1;38;5;12m   |\x1b[0m\n\x1b[1;38;5;12m10 |\x1b[0m     postalCode ?= str\n\x1b[1;38;5;12m   |\x1b[0m\x1b[1;38;5;9m                 ^\x1b[0m \x1b[1;38;5;9mexpected one of [\":\"] got =\x1b[0m\n\x1b[1;38;5;12m   |\x1b[0m\n\n\nerror[E1001]: InvalidSyntax\n  \x1b[1;38;5;12m-->\x1b[0m /tmp/kcl-oas-test-2875939315/Address.k:12:12\n\x1b[1;38;5;12m   |\x1b[0m\n\x1b[1;38;5;12m12 |\x1b[0m     state ?= str\n\x1b[1;38;5;12m   |\x1b[0m\x1b[1;38;5;9m            ^\x1b[0m \x1b[1;38;5;9mexpected one of [\":\"] got =\x1b[0m\n\x1b[1;38;5;12m   |\x1b[0m\n\n\nerror[E1001]: InvalidSyntax\n \x1b[1;38;5;12m-->\x1b[0m /tmp/kcl-oas-test-2875939315/ApiResponse.k:5:11\n\x1b[1;38;5;12m  |\x1b[0m\n\x1b[1;38;5;12m5 |\x1b[0m     code ?= int\n\x1b[1;38;5;12m  |\x1b[0m\x1b[1;38;5;9m           ^\x1b[0m \x1b[1;38;5;9mexpected one of [\":\"] got =\x1b[0m\n\x1b[1;38;5;12m  |\x1b[0m\n\n\nerror[E1001]: InvalidSyntax\n \x1b[1;38;5;12m-->\x1b[0m /tmp/kcl-oas-test-2875939315/ApiResponse.k:6:14\n\x1b[1;38;5;12m  |\x1b[0m\n\x1b[1;38;5;12m6 |\x1b[0m     message ?= str\n\x1b[1;38;5;12m  |\x1b[0m\x1b[1;38;5;9m              ^\x1b[0m \x1b[1;38;5;9mexpected one of [\":\"] got =\x1b[0m\n\x1b[1;38;5;12m  |\x1b[0m\n\n\nerror[E1001]: InvalidSyntax\n \x1b[1;38;5;12m-->\x1b[0m /tmp/kcl-oas-test-2875939315/ApiResponse.k:7:11\n\x1b[1;38;5;12m  |\x1b[0m\n\x1b[1;38;5;12m7 |\x1b[0m     type ?= str\n\x1b[1;38;5;12m  |\x1b[0m\x1b[1;38;5;9m           ^\x1b[0m \x1b[1;38;5;9mexpected one of [\":\"] got =\x1b[0m\n\x1b[1;38;5;12m  |\x1b[0m\n\n\nerror[E1001]: InvalidSyntax\n \x1b[1;38;5;12m-->\x1b[0m /tmp/kcl-oas-test-2875939315/BaseObject.k:6:16\n\x1b[1;38;5;12m  |\x1b[0m\n\x1b[1;38;5;12m6 |\x1b[0m     createdAt ?= str\n\x1b[1;38;5;12m  |\x1b[0m\x1b[1;38;5;9m                ^\x1b[0m \x1b[1;38;5;9mexpected one of [\":\"] got =\x1b[0m\n\x1b[1;38;5;12m  |\x1b[0m\n\n\nerror[E1001]: InvalidSyntax\n  \x1b[1;38;5;12m-->\x1b[0m /tmp/kcl-oas-test-2875939315/BaseObject.k:10:16\n\x1b[1;38;5;12m   |\x1b[0m\n\x1b[1;38;5;12m10 |\x1b[0m     updatedAt ?= str\n\x1b[1;38;5;12m   |\x1b[0m\x1b[1;38;5;9m                ^\x1b[0m \x1b[1;38;5;9mexpected one of [\":\"] got =\x1b[0m\n\x1b[1;38;5;12m   |\x1b[0m\n\n\nerror[E1001]: InvalidSyntax\n  \x1b[1;38;5;12m-->\x1b[0m /tmp/kcl-oas-test-2875939315/Category.k:10:21\n\x1b[1;38;5;12m   |\x1b[0m\n\x1b[1;38;5;12m10 |\x1b[0m     parentCategory ?= Category\n\x1b[1;38;5;12m   |\x1b[0m\x1b[1;38;5;9m                     ^\x1b[0m \x1b[1;38;5;9mexpected one of [\":\"] got =\x1b[0m\n\x1b[1;38;5;12m   |\x1b[0m\n\n\nerror[E1001]: InvalidSyntax\n \x1b[1;38;5;12m-->\x1b[0m /tmp/kcl-oas-test-2875939315/Customer.k:5:14\n\x1b[1;38;5;12m  |\x1b[0m\n\x1b[1;38;5;12m5 |\x1b[0m     address ?= Address\n\x1b[1;38;5;12m  |\x1b[0m\x1b[1;38;5;9m              ^\x1b[0m \x1b[1;38;5;9mexpected one of [\":\"] got =\x1b[0m\n\x1b[1;38;5;12m  |\x1b[0m\n\n\nerror[E1001]: InvalidSyntax\n \x1b[1;38;5;12m-->\x1b[0m /tmp/kcl-oas-test-2875939315/Customer.k:7:16\n\x1b[1;38;5;12m  |\x1b[0m\n\x1b[1;38;5;12m7 |\x1b[0m     createdAt ?= str\n\x1b[1;38;5;12m  |\x1b[0m\x1b[1;38;5;9m                ^\x1b[0m \x1b[1;38;5;9mexpected one of [\":\"] got =\x1b[0m\n\x1b[1;38;5;12m  |\x1b[0m\n\n\nerror[E1001]: InvalidSyntax\n  \x1b[1;38;5;12m-->\x1b[0m /tmp/kcl-oas-test-2875939315/Customer.k:17:18\n\x1b[1;38;5;12m   |\x1b[0m\n\x1b[1;38;5;12m17 |\x1b[0m     phoneNumber ?= str\n\x1b[1;38;5;12m   |\x1b[0m\x1b[1;38;5;9m                  ^\x1b[0m \x1b[1;38;5;9mexpected one of [\":\"] got =\x1b[0m\n\x1b[1;38;5;12m   |\x1b[0m\n\n\nerror[E1001]: InvalidSyntax\n  \x1b[1;38;5;12m-->\x1b[0m /tmp/kcl-oas-test-2875939315/Customer.k:21:5\n\x1b[1;38;5;12m   |\x1b[0m\n\x1b[1;38;5;12m21 |\x1b[0m     updatedAt ?= str\n\x1b[1;38;5;12m   |\x1b[0m\x1b[1;38;5;9m     ^\x1b[0m \x1b[1;38;5;9mexpected one of [\"dedent\"] got identifier\x1b[0m\n\x1b[1;38;5;12m   |\x1b[0m\n\n\nerror[E1001]: InvalidSyntax\n  \x1b[1;38;5;12m-->\x1b[0m /tmp/kcl-oas-test-2875939315/Customer.k:21:15\n\x1b[1;38;5;12m   |\x1b[0m\n\x1b[1;38;5;12m21 |\x1b[0m     updatedAt ?= str\n\x1b[1;38;5;12m   |\x1b[0m\x1b[1;38;5;9m               ^\x1b[0m \x1b[1;38;5;9munexpected token '?'\x1b[0m\n\x1b[1;38;5;12m   |\x1b[0m\n\n\nerror[E1001]: InvalidSyntax\n  \x1b[1;38;5;12m-->\x1b[0m /tmp/kcl-oas-test-2875939315/Customer.k:21:16\n\x1b[1;38;5;12m   |\x1b[0m\n\x1b[1;38;5;12m21 |\x1b[0m     updatedAt ?= str\n\x1b[1;38;5;12m   |\x1b[0m\x1b[1;38;5;9m                ^\x1b[0m \x1b[1;38;5;9munexpected token '='\x1b[0m\n\x1b[1;38;5;12m   |\x1b[0m\n\n\nerror[E1001]: InvalidSyntax\n  \x1b[1;38;5;12m-->\x1b[0m /tmp/kcl-oas-test-2875939315/Customer.k:21:20\n\x1b[1;38;5;12m   |\x1b[0m\n\x1b[1;38;5;12m21 |\x1b[0m     updatedAt ?= str\n\x1b[1;38;5;12m   |\x1b[0m\x1b[1;38;5;9m                    ^\x1b[0m \x1b[1;38;5;9munexpected token 'dedent'\x1b[0m\n\x1b[1;38;5;12m   |\x1b[0m\n\n\nerror[E1001]: InvalidSyntax\n  \x1b[1;38;5;12m-->\x1b[0m /tmp/kcl-oas-test-2875939315/Order.k:11:5\n\x1b[1;38;5;12m   |\x1b[0m\n\x1b[1;38;5;12m11 |\x1b[0m     status ?= str = \"pending\"\n\x1b[1;38;5;12m   |\x1b[0m\x1b[1;38;5;9m     ^\x1b[0m \x1b[1;38;5;9mexpected one of [\"dedent\"] got identifier\x1b[0m\n\x1b[1;38;5;12m   |\x1b[0m\n\n\nerror[E1001]: InvalidSyntax\n  \x1b[1;38;5;12m-->\x1b[0m /tmp/kcl-oas-test-2875939315/Order.k:11:12\n\x1b[1;38;5;12m   |\x1b[0m\n\x1b[1;38;5;12m11 |\x1b[0m     status ?= str = \"pending\"\n\x1b[1;38;5;12m   |\x1b[0m\x1b[1;38;5;9m            ^\x1b[0m \x1b[1;38;5;9munexpected token '?'\x1b[0m\n\x1b[1;38;5;12m   |\x1b[0m\n\n\nerror[E1001]: InvalidSyntax\n  \x1b[1;38;5;12m-->\x1b[0m /tmp/kcl-oas-test-2875939315/Order.k:11:13\n\x1b[1;38;5;12m   |\x1b[0m\n\x1b[1;38;5;12m11 |\x1b[0m     status ?= str = \"pending\"\n\x1b[1;38;5;12m   |\x1b[0m\x1b[1;38;5;9m             ^\x1b[0m \x1b[1;38;5;9munexpected token '='\x1b[0m\n\x1b[1;38;5;12m   |\x1b[0m\n\n\nerror[E1001]: InvalidSyntax\n  \x1b[1;38;5;12m-->\x1b[0m /tmp/kcl-oas-test-2875939315/Order.k:12:10\n\x1b[1;38;5;12m   |\x1b[0m\n\x1b[1;38;5;12m12 |\x1b[0m     check:\n\x1b[1;38;5;12m   |\x1b[0m\x1b[1;38;5;9m          ^\x1b[0m \x1b[1;38;5;9mexpected one of [\"any\", \"bool\", \"int\", \"float\", \"str\", \"True\", \"False\", \"identifier\", \"literal\", \"[\", \"{\", \")\"] got newline\x1b[0m\n\x1b[1;38;5;12m   |\x1b[0m\n\n\nerror[E1001]: InvalidSyntax\n  \x1b[1;38;5;12m-->\x1b[0m /tmp/kcl-oas-test-2875939315/Order.k:13:9\n\x1b[1;38;5;12m   |\x1b[0m\n\x1b[1;38;5;12m13 |\x1b[0m         status in [\"pending\", \"processing\", \"shipped\", \"delivered\", \"cancelled\"]\n\x1b[1;38;5;12m   |\x1b[0m\x1b[1;38;5;9m         ^\x1b[0m \x1b[1;38;5;9mexpected one of [\"=\"] got indent\x1b[0m\n\x1b[1;38;5;12m   |\x1b[0m\n\n\nerror[E1001]: InvalidSyntax\n  \x1b[1;38;5;12m-->\x1b[0m /tmp/kcl-oas-test-2875939315/Order.k:13:9\n\x1b[1;38;5;12m   |\x1b[0m\n\x1b[1;38;5;12m13 |\x1b[0m         status in [\"pending\", \"processing\", \"shipped\", \"delivered\", \"cancelled\"]\n\x1b[1;38;5;12m   |\x1b[0m\x1b[1;38;5;9m         ^\x1b[0m \x1b[1;38;5;9munexpected token 'indent'\x1b[0m\n\x1b[1;38;5;12m   |\x1b[0m\n\n\nerror[E1001]: InvalidSyntax\n  \x1b[1;38;5;12m-->\x1b[0m /tmp/kcl-oas-test-2875939315/Order.k:15:5\n\x1b[1;38;5;12m   |\x1b[0m\n\x1b[1;38;5;12m15 |\x1b[0m     totalAmount ?= float\n\x1b[1;38;5;12m   |\x1b[0m\x1b[1;38;5;9m     ^\x1b[0m \x1b[1;38;5;9munexpected token 'dedent'\x1b[0m\n\x1b[1;38;5;12m   |\x1b[0m\n\n\nerror[E1001]: InvalidSyntax\n  \x1b[1;38;5;12m-->\x1b[0m /tmp/kcl-oas-test-2875939315/Order.k:15:17\n\x1b[1;38;5;12m   |\x1b[0m\n\x1b[1;38;5;12m15 |\x1b[0m     totalAmount ?= float\n\x1b[1;38;5;12m   |\x1b[0m\x1b[1;38;5;9m                 ^\x1b[0m \x1b[1;38;5;9munexpected token '?'\x1b[0m\n\x1b[1;38;5;12m   |\x1b[0m\n\n\nerror[E1001]: InvalidSyntax\n  \x1b[1;38;5;12m-->\x1b[0m /tmp/kcl-oas-test-2875939315/Order.k:15:18\n\x1b[1;38;5;12m   |\x1b[0m\n\x1b[1;38;5;12m15 |\x1b[0m     totalAmount ?= float\n\x1b[1;38;5;12m   |\x1b[0m\x1b[1;38;5;9m                  ^\x1b[0m \x1b[1;38;5;9munexpected token '='\x1b[0m\n\x1b[1;38;5;12m   |\x1b[0m\n\n\nerror[E1001]: InvalidSyntax\n  \x1b[1;38;5;12m-->\x1b[0m /tmp/kcl-oas-test-2875939315/Order.k:15:24\n\x1b[1;38;5;12m   |\x1b[0m\n\x1b[1;38;5;12m15 |\x1b[0m     totalAmount ?= float\n\x1b[1;38;5;12m   |\x1b[0m\x1b[1;38;5;9m                        ^\x1b[0m \x1b[1;38;5;9munexpected token 'dedent'\x1b[0m\n\x1b[1;38;5;12m   |\x1b[0m\n\n\nerror[E1001]: InvalidSyntax\n  \x1b[1;38;5;12m-->\x1b[0m /tmp/kcl-oas-test-2875939315/OrderItem.k:11:5\n\x1b[1;38;5;12m   |\x1b[0m\n\x1b[1;38;5;12m11 |\x1b[0m     unitPrice = float\n\x1b[1;38;5;12m   |\x1b[0m\x1b[1;38;5;9m     ^\x1b[0m \x1b[1;38;5;9mexpected one of [\"dedent\"] got identifier\x1b[0m\n\x1b[1;38;5;12m   |\x1b[0m\n\n\nerror[E1001]: InvalidSyntax\n  \x1b[1;38;5;12m-->\x1b[0m /tmp/kcl-oas-test-2875939315/OrderItem.k:11:15\n\x1b[1;38;5;12m   |\x1b[0m\n\x1b[1;38;5;12m11 |\x1b[0m     unitPrice = float\n\x1b[1;38;5;12m   |\x1b[0m\x1b[1;38;5;9m               ^\x1b[0m \x1b[1;38;5;9munexpected token '='\x1b[0m\n\x1b[1;38;5;12m   |\x1b[0m\n\n\nerror[E1001]: InvalidSyntax\n  \x1b[1;38;5;12m-->\x1b[0m /tmp/kcl-oas-test-2875939315/OrderItem.k:11:21\n\x1b[1;38;5;12m   |\x1b[0m\n\x1b[1;38;5;12m11 |\x1b[0m     unitPrice = float\n\x1b[1;38;5;12m   |\x1b[0m\x1b[1;38;5;9m                     ^\x1b[0m \x1b[1;38;5;9munexpected token 'dedent'\x1b[0m\n\x1b[1;38;5;12m   |\x1b[0m\n\n\nerror[E1001]: InvalidSyntax\n \x1b[1;38;5;12m-->\x1b[0m /tmp/kcl-oas-test-2875939315/Product.k:5:15\n\x1b[1;38;5;12m  |\x1b[0m\n\x1b[1;38;5;12m5 |\x1b[0m     category ?= Category\n\x1b[1;38;5;12m  |\x1b[0m\x1b[1;38;5;9m               ^\x1b[0m \x1b[1;38;5;9mexpected one of [\":\"] got =\x1b[0m\n\x1b[1;38;5;12m  |\x1b[0m\n\n\nerror[E1001]: InvalidSyntax\n \x1b[1;38;5;12m-->\x1b[0m /tmp/kcl-oas-test-2875939315/Product.k:7:16\n\x1b[1;38;5;12m  |\x1b[0m\n\x1b[1;38;5;12m7 |\x1b[0m     createdAt ?= str\n\x1b[1;38;5;12m  |\x1b[0m\x1b[1;38;5;9m                ^\x1b[0m \x1b[1;38;5;9mexpected one of [\":\"] got =\x1b[0m\n\x1b[1;38;5;12m  |\x1b[0m\n\n\nerror[E1001]: InvalidSyntax\n  \x1b[1;38;5;12m-->\x1b[0m /tmp/kcl-oas-test-2875939315/Product.k:11:15\n\x1b[1;38;5;12m   |\x1b[0m\n\x1b[1;38;5;12m11 |\x1b[0m     metadata ?= dict\n\x1b[1;38;5;12m   |\x1b[0m\x1b[1;38;5;9m               ^\x1b[0m \x1b[1;38;5;9mexpected one of [\":\"] got =\x1b[0m\n\x1b[1;38;5;12m   |\x1b[0m\n\n\nerror[E1001]: InvalidSyntax\n  \x1b[1;38;5;12m-->\x1b[0m /tmp/kcl-oas-test-2875939315/Product.k:18:5\n\x1b[1;38;5;12m   |\x1b[0m\n\x1b[1;38;5;12m18 |\x1b[0m     price = float\n\x1b[1;38;5;12m   |\x1b[0m\x1b[1;38;5;9m     ^\x1b[0m \x1b[1;38;5;9mexpected one of [\"dedent\"] got identifier\x1b[0m\n\x1b[1;38;5;12m   |\x1b[0m\n\n\nerror[E1001]: InvalidSyntax\n  \x1b[1;38;5;12m-->\x1b[0m /tmp/kcl-oas-test-2875939315/Product.k:18:11\n\x1b[1;38;5;12m   |\x1b[0m\n\x1b[1;38;5;12m18 |\x1b[0m     price = float\n\x1b[1;38;5;12m   |\x1b[0m\x1b[1;38;5;9m           ^\x1b[0m \x1b[1;38;5;9munexpected token '='\x1b[0m\n\x1b[1;38;5;12m   |\x1b[0m\n\n\nerror[E1001]: InvalidSyntax\n  \x1b[1;38;5;12m-->\x1b[0m /tmp/kcl-oas-test-2875939315/Product.k:19:10\n\x1b[1;38;5;12m   |\x1b[0m\n\x1b[1;38;5;12m19 |\x1b[0m     check:\n\x1b[1;38;5;12m   |\x1b[0m\x1b[1;38;5;9m          ^\x1b[0m \x1b[1;38;5;9mexpected one of [\"any\", \"bool\", \"int\", \"float\", \"str\", \"True\", \"False\", \"identifier\", \"literal\", \"[\", \"{\", \")\"] got newline\x1b[0m\n\x1b[1;38;5;12m   |\x1b[0m\n\n\nerror[E1001]: InvalidSyntax\n  \x1b[1;38;5;12m-->\x1b[0m /tmp/kcl-oas-test-2875939315/Product.k:20:9\n\x1b[1;38;5;12m   |\x1b[0m\n\x1b[1;38;5;12m20 |\x1b[0m         price >= 0\n\x1b[1;38;5;12m   |\x1b[0m\x1b[1;38;5;9m         ^\x1b[0m \x1b[1;38;5;9mexpected one of [\"=\"] got indent\x1b[0m\n\x1b[1;38;5;12m   |\x1b[0m\n\n\nerror[E1001]: InvalidSyntax\n  \x1b[1;38;5;12m-->\x1b[0m /tmp/kcl-oas-test-2875939315/Product.k:20:9\n\x1b[1;38;5;12m   |\x1b[0m\n\x1b[1;38;5;12m20 |\x1b[0m         price >= 0\n\x1b[1;38;5;12m   |\x1b[0m\x1b[1;38;5;9m         ^\x1b[0m \x1b[1;38;5;9munexpected token 'indent'\x1b[0m\n\x1b[1;38;5;12m   |\x1b[0m\n\n\nerror[E1001]: InvalidSyntax\n  \x1b[1;38;5;12m-->\x1b[0m /tmp/kcl-oas-test-2875939315/Product.k:21:5\n\x1b[1;38;5;12m   |\x1b[0m\n\x1b[1;38;5;12m21 |\x1b[0m     status ?= str = \"available\"\n\x1b[1;38;5;12m   |\x1b[0m\x1b[1;38;5;9m     ^\x1b[0m \x1b[1;38;5;9munexpected token 'dedent'\x1b[0m\n\x1b[1;38;5;12m   |\x1b[0m\n\n\nerror[E1001]: InvalidSyntax\n  \x1b[1;38;5;12m-->\x1b[0m /tmp/kcl-oas-test-2875939315/Product.k:21:12\n\x1b[1;38;5;12m   |\x1b[0m\n\x1b[1;38;5;12m21 |\x1b[0m     status ?= str = \"available\"\n\x1b[1;38;5;12m   |\x1b[0m\x1b[1;38;5;9m            ^\x1b[0m \x1b[1;38;5;9munexpected token '?'\x1b[0m\n\x1b[1;38;5;12m   |\x1b[0m\n\n\nerror[E1001]: InvalidSyntax\n  \x1b[1;38;5;12m-->\x1b[0m /tmp/kcl-oas-test-2875939315/Product.k:21:13\n\x1b[1;38;5;12m   |\x1b[0m\n\x1b[1;38;5;12m21 |\x1b[0m     status ?= str = \"available\"\n\x1b[1;38;5;12m   |\x1b[0m\x1b[1;38;5;9m             ^\x1b[0m \x1b[1;38;5;9munexpected token '='\x1b[0m\n\x1b[1;38;5;12m   |\x1b[0m\n\n\nerror[E1001]: InvalidSyntax\n  \x1b[1;38;5;12m-->\x1b[0m /tmp/kcl-oas-test-2875939315/Product.k:22:10\n\x1b[1;38;5;12m   |\x1b[0m\n\x1b[1;38;5;12m22 |\x1b[0m     check:\n\x1b[1;38;5;12m   |\x1b[0m\x1b[1;38;5;9m          ^\x1b[0m \x1b[1;38;5;9mexpected one of [\"any\", \"bool\", \"int\", \"float\", \"str\", \"True\", \"False\", \"identifier\", \"literal\", \"[\", \"{\", \")\"] got newline\x1b[0m\n\x1b[1;38;5;12m   |\x1b[0m\n\n\nerror[E1001]: InvalidSyntax\n  \x1b[1;38;5;12m-->\x1b[0m /tmp/kcl-oas-test-2875939315/Product.k:23:9\n\x1b[1;38;5;12m   |\x1b[0m\n\x1b[1;38;5;12m23 |\x1b[0m         status in [\"available\", \"out_of_stock\", \"discontinued\"]\n\x1b[1;38;5;12m   |\x1b[0m\x1b[1;38;5;9m         ^\x1b[0m \x1b[1;38;5;9mexpected one of [\"=\"] got indent\x1b[0m\n\x1b[1;38;5;12m   |\x1b[0m\n\n\nerror[E1001]: InvalidSyntax\n  \x1b[1;38;5;12m-->\x1b[0m /tmp/kcl-oas-test-2875939315/Product.k:23:9\n\x1b[1;38;5;12m   |\x1b[0m\n\x1b[1;38;5;12m23 |\x1b[0m         status in [\"available\", \"out_of_stock\", \"discontinued\"]\n\x1b[1;38;5;12m   |\x1b[0m\x1b[1;38;5;9m         ^\x1b[0m \x1b[1;38;5;9munexpected token 'indent'\x1b[0m\n\x1b[1;38;5;12m   |\x1b[0m\n\n\nerror[E1001]: InvalidSyntax\n  \x1b[1;38;5;12m-->\x1b[0m /tmp/kcl-oas-test-2875939315/Product.k:25:5\n\x1b[1;38;5;12m   |\x1b[0m\n\x1b[1;38;5;12m25 |\x1b[0m     tags ?= [str]\n\x1b[1;38;5;12m   |\x1b[0m\x1b[1;38;5;9m     ^\x1b[0m \x1b[1;38;5;9munexpected token 'dedent'\x1b[0m\n\x1b[1;38;5;12m   |\x1b[0m\n\n\nerror[E1001]: InvalidSyntax\n  \x1b[1;38;5;12m-->\x1b[0m /tmp/kcl-oas-test-2875939315/Product.k:25:10\n\x1b[1;38;5;12m   |\x1b[0m\n\x1b[1;38;5;12m25 |\x1b[0m     tags ?= [str]\n\x1b[1;38;5;12m   |\x1b[0m\x1b[1;38;5;9m          ^\x1b[0m \x1b[1;38;5;9munexpected token '?'\x1b[0m\n\x1b[1;38;5;12m   |\x1b[0m\n\n\nerror[E1001]: InvalidSyntax\n  \x1b[1;38;5;12m-->\x1b[0m /tmp/kcl-oas-test-2875939315/Product.k:25:11\n\x1b[1;38;5;12m   |\x1b[0m\n\x1b[1;38;5;12m25 |\x1b[0m     tags ?= [str]\n\x1b[1;38;5;12m   |\x1b[0m\x1b[1;38;5;9m           ^\x1b[0m \x1b[1;38;5;9munexpected token '='\x1b[0m\n\x1b[1;38;5;12m   |\x1b[0m\n\n\nerror[E1001]: InvalidSyntax\n  \x1b[1;38;5;12m-->\x1b[0m /tmp/kcl-oas-test-2875939315/Product.k:27:15\n\x1b[1;38;5;12m   |\x1b[0m\n\x1b[1;38;5;12m27 |\x1b[0m     updatedAt ?= str\n\x1b[1;38;5;12m   |\x1b[0m\x1b[1;38;5;9m               ^\x1b[0m \x1b[1;38;5;9munexpected token '?'\x1b[0m\n\x1b[1;38;5;12m   |\x1b[0m\n\n\nerror[E1001]: InvalidSyntax\n  \x1b[1;38;5;12m-->\x1b[0m /tmp/kcl-oas-test-2875939315/Product.k:27:16\n\x1b[1;38;5;12m   |\x1b[0m\n\x1b[1;38;5;12m27 |\x1b[0m     updatedAt ?= str\n\x1b[1;38;5;12m   |\x1b[0m\x1b[1;38;5;9m                ^\x1b[0m \x1b[1;38;5;9munexpected token '='\x1b[0m\n\x1b[1;38;5;12m   |\x1b[0m\n\n\nerror[E1001]: InvalidSyntax\n  \x1b[1;38;5;12m-->\x1b[0m /tmp/kcl-oas-test-2875939315/Product.k:27:20\n\x1b[1;38;5;12m   |\x1b[0m\n\x1b[1;38;5;12m27 |\x1b[0m     updatedAt ?= str\n\x1b[1;38;5;12m   |\x1b[0m\x1b[1;38;5;9m                    ^\x1b[0m \x1b[1;38;5;9munexpected token 'dedent'\x1b[0m\n\x1b[1;38;5;12m   |\x1b[0m\n\n\nerror[E1001]: InvalidSyntax\n  \x1b[1;38;5;12m-->\x1b[0m /tmp/kcl-oas-test-2875939315/Address.k:10:17\n\x1b[1;38;5;12m   |\x1b[0m\n\x1b[1;38;5;12m10 |\x1b[0m     postalCode ?= str\n\x1b[1;38;5;12m   |\x1b[0m\x1b[1;38;5;9m                 ^\x1b[0m \x1b[1;38;5;9mexpected one of [\":\"] got =\x1b[0m\n\x1b[1;38;5;12m   |\x1b[0m\n\n\nerror[E1001]: InvalidSyntax\n  \x1b[1;38;5;12m-->\x1b[0m /tmp/kcl-oas-test-2875939315/Address.k:12:12\n\x1b[1;38;5;12m   |\x1b[0m\n\x1b[1;38;5;12m12 |\x1b[0m     state ?= str\n\x1b[1;38;5;12m   |\x1b[0m\x1b[1;38;5;9m            ^\x1b[0m \x1b[1;38;5;9mexpected one of [\":\"] got =\x1b[0m\n\x1b[1;38;5;12m   |\x1b[0m\n\n\nerror[E1001]: InvalidSyntax\n \x1b[1;38;5;12m-->\x1b[0m /tmp/kcl-oas-test-2875939315/ApiResponse.k:5:11\n\x1b[1;38;5;12m  |\x1b[0m\n\x1b[1;38;5;12m5 |\x1b[0m     code ?= int\n\x1b[1;38;5;12m  |\x1b[0m\x1b[1;38;5;9m           ^\x1b[0m \x1b[1;38;5;9mexpected one of [\":\"] got =\x1b[0m\n\x1b[1;38;5;12m  |\x1b[0m\n\n\nerror[E1001]: InvalidSyntax\n \x1b[1;38;5;12m-->\x1b[0m /tmp/kcl-oas-test-2875939315/ApiResponse.k:6:14\n\x1b[1;38;5;12m  |\x1b[0m\n\x1b[1;38;5;12m6 |\x1b[0m     message ?= str\n\x1b[1;38;5;12m  |\x1b[0m\x1b[1;38;5;9m              ^\x1b[0m \x1b[1;38;5;9mexpected one of [\":\"] got =\x1b[0m\n\x1b[1;38;5;12m  |\x1b[0m\n\n\nerror[E1001]: InvalidSyntax\n \x1b[1;38;5;12m-->\x1b[0m /tmp/kcl-oas-test-2875939315/ApiResponse.k:7:11\n\x1b[1;38;5;12m  |\x1b[0m\n\x1b[1;38;5;12m7 |\x1b[0m     type ?= str\n\x1b[1;38;5;12m  |\x1b[0m\x1b[1;38;5;9m           ^\x1b[0m \x1b[1;38;5;9mexpected one of [\":\"] got =\x1b[0m\n\x1b[1;38;5;12m  |\x1b[0m\n\n\nerror[E1001]: InvalidSyntax\n \x1b[1;38;5;12m-->\x1b[0m /tmp/kcl-oas-test-2875939315/BaseObject.k:6:16\n\x1b[1;38;5;12m  |\x1b[0m\n\x1b[1;38;5;12m6 |\x1b[0m     createdAt ?= str\n\x1b[1;38;5;12m  |\x1b[0m\x1b[1;38;5;9m                ^\x1b[0m \x1b[1;38;5;9mexpected one of [\":\"] got =\x1b[0m\n\x1b[1;38;5;12m  |\x1b[0m\n\n\nerror[E1001]: InvalidSyntax\n  \x1b[1;38;5;12m-->\x1b[0m /tmp/kcl-oas-test-2875939315/BaseObject.k:10:16\n\x1b[1;38;5;12m   |\x1b[0m\n\x1b[1;38;5;12m10 |\x1b[0m     updatedAt ?= str\n\x1b[1;38;5;12m   |\x1b[0m\x1b[1;38;5;9m                ^\x1b[0m \x1b[1;38;5;9mexpected one of [\":\"] got =\x1b[0m\n\x1b[1;38;5;12m   |\x1b[0m\n\n\nerror[E1001]: InvalidSyntax\n  \x1b[1;38;5;12m-->\x1b[0m /tmp/kcl-oas-test-2875939315/Category.k:10:21\n\x1b[1;38;5;12m   |\x1b[0m\n\x1b[1;38;5;12m10 |\x1b[0m     parentCategory ?= Category\n\x1b[1;38;5;12m   |\x1b[0m\x1b[1;38;5;9m                     ^\x1b[0m \x1b[1;38;5;9mexpected one of [\":\"] got =\x1b[0m\n\x1b[1;38;5;12m   |\x1b[0m\n\n\nerror[E1001]: InvalidSyntax\n \x1b[1;38;5;12m-->\x1b[0m /tmp/kcl-oas-test-2875939315/Customer.k:5:14\n\x1b[1;38;5;12m  |\x1b[0m\n\x1b[1;38;5;12m5 |\x1b[0m     address ?= Address\n\x1b[1;38;5;12m  |\x1b[0m\x1b[1;38;5;9m              ^\x1b[0m \x1b[1;38;5;9mexpected one of [\":\"] got =\x1b[0m\n\x1b[1;38;5;12m  |\x1b[0m\n\n\nerror[E1001]: InvalidSyntax\n \x1b[1;38;5;12m-->\x1b[0m /tmp/kcl-oas-test-2875939315/Customer.k:7:16\n\x1b[1;38;5;12m  |\x1b[0m\n\x1b[1;38;5;12m7 |\x1b[0m     createdAt ?= str\n\x1b[1;38;5;12m  |\x1b[0m\x1b[1;38;5;9m                ^\x1b[0m \x1b[1;38;5;9mexpected one of [\":\"] got =\x1b[0m\n\x1b[1;38;5;12m  |\x1b[0m\n\n\nerror[E1001]: InvalidSyntax\n  \x1b[1;38;5;12m-->\x1b[0m /tmp/kcl-oas-test-2875939315/Customer.k:17:18\n\x1b[1;38;5;12m   |\x1b[0m\n\x1b[1;38;5;12m17 |\x1b[0m     phoneNumber ?= str\n\x1b[1;38;5;12m   |\x1b[0m\x1b[1;38;5;9m                  ^\x1b[0m \x1b[1;38;5;9mexpected one of [\":\"] got =\x1b[0m\n\x1b[1;38;5;12m   |\x1b[0m\n\n\nerror[E1001]: InvalidSyntax\n  \x1b[1;38;5;12m-->\x1b[0m /tmp/kcl-oas-test-2875939315/Customer.k:21:5\n\x1b[1;38;5;12m   |\x1b[0m\n\x1b[1;38;5;12m21 |\x1b[0m     updatedAt ?= str\n\x1b[1;38;5;12m   |\x1b[0m\x1b[1;38;5;9m     ^\x1b[0m \x1b[1;38;5;9mexpected one of [\"dedent\"] got identifier\x1b[0m\n\x1b[1;38;5;12m   |\x1b[0m\n\n\nerror[E1001]: InvalidSyntax\n  \x1b[1;38;5;12m-->\x1b[0m /tmp/kcl-oas-test-2875939315/Customer.k:21:15\n\x1b[1;38;5;12m   |\x1b[0m\n\x1b[1;38;5;12m21 |\x1b[0m     updatedAt ?= str\n\x1b[1;38;5;12m   |\x1b[0m\x1b[1;38;5;9m               ^\x1b[0m \x1b[1;38;5;9munexpected token '?'\x1b[0m\n\x1b[1;38;5;12m   |\x1b[0m\n\n\nerror[E1001]: InvalidSyntax\n  \x1b[1;38;5;12m-->\x1b[0m /tmp/kcl-oas-test-2875939315/Customer.k:21:16\n\x1b[1;38;5;12m   |\x1b[0m\n\x1b[1;38;5;12m21 |\x1b[0m     updatedAt ?= str\n\x1b[1;38;5;12m   |\x1b[0m\x1b[1;38;5;9m                ^\x1b[0m \x1b[1;38;5;9munexpected token '='\x1b[0m\n\x1b[1;38;5;12m   |\x1b[0m\n\n\nerror[E1001]: InvalidSyntax\n  \x1b[1;38;5;12m-->\x1b[0m /tmp/kcl-oas-test-2875939315/Customer.k:21:20\n\x1b[1;38;5;12m   |\x1b[0m\n\x1b[1;38;5;12m21 |\x1b[0m     updatedAt ?= str\n\x1b[1;38;5;12m   |\x1b[0m\x1b[1;38;5;9m                    ^\x1b[0m \x1b[1;38;5;9munexpected token 'dedent'\x1b[0m\n\x1b[1;38;5;12m   |\x1b[0m\n\n\nerror[E1001]: InvalidSyntax\n  \x1b[1;38;5;12m-->\x1b[0m /tmp/kcl-oas-test-2875939315/Order.k:11:5\n\x1b[1;38;5;12m   |\x1b[0m\n\x1b[1;38;5;12m11 |\x1b[0m     status ?= str = \"pending\"\n\x1b[1;38;5;12m   |\x1b[0m\x1b[1;38;5;9m     ^\x1b[0m \x1b[1;38;5;9mexpected one of [\"dedent\"] got identifier\x1b[0m\n\x1b[1;38;5;12m   |\x1b[0m\n\n\nerror[E1001]: InvalidSyntax\n  \x1b[1;38;5;12m-->\x1b[0m /tmp/kcl-oas-test-2875939315/Order.k:11:12\n\x1b[1;38;5;12m   |\x1b[0m\n\x1b[1;38;5;12m11 |\x1b[0m     status ?= str = \"pending\"\n\x1b[1;38;5;12m   |\x1b[0m\x1b[1;38;5;9m            ^\x1b[0m \x1b[1;38;5;9munexpected token '?'\x1b[0m\n\x1b[1;38;5;12m   |\x1b[0m\n\n\nerror[E1001]: InvalidSyntax\n  \x1b[1;38;5;12m-->\x1b[0m /tmp/kcl-oas-test-2875939315/Order.k:11:13\n\x1b[1;38;5;12m   |\x1b[0m\n\x1b[1;38;5;12m11 |\x1b[0m     status ?= str = \"pending\"\n\x1b[1;38;5;12m   |\x1b[0m\x1b[1;38;5;9m             ^\x1b[0m \x1b[1;38;5;9munexpected token '='\x1b[0m\n\x1b[1;38;5;12m   |\x1b[0m\n\n\nerror[E1001]: InvalidSyntax\n  \x1b[1;38;5;12m-->\x1b[0m /tmp/kcl-oas-test-2875939315/Order.k:12:10\n\x1b[1;38;5;12m   |\x1b[0m\n\x1b[1;38;5;12m12 |\x1b[0m     check:\n\x1b[1;38;5;12m   |\x1b[0m\x1b[1;38;5;9m          ^\x1b[0m \x1b[1;38;5;9mexpected one of [\"any\", \"bool\", \"int\", \"float\", \"str\", \"True\", \"False\", \"identifier\", \"literal\", \"[\", \"{\", \")\"] got newline\x1b[0m\n\x1b[1;38;5;12m   |\x1b[0m\n\n\nerror[E1001]: InvalidSyntax\n  \x1b[1;38;5;12m-->\x1b[0m /tmp/kcl-oas-test-2875939315/Order.k:13:9\n\x1b[1;38;5;12m   |\x1b[0m\n\x1b[1;38;5;12m13 |\x1b[0m         status in [\"pending\", \"processing\", \"shipped\", \"delivered\", \"cancelled\"]\n\x1b[1;38;5;12m   |\x1b[0m\x1b[1;38;5;9m         ^\x1b[0m \x1b[1;38;5;9mexpected one of [\"=\"] got indent\x1b[0m\n\x1b[1;38;5;12m   |\x1b[0m\n\n\nerror[E1001]: InvalidSyntax\n  \x1b[1;38;5;12m-->\x1b[0m /tmp/kcl-oas-test-2875939315/Order.k:13:9\n\x1b[1;38;5;12m   |\x1b[0m\n\x1b[1;38;5;12m13 |\x1b[0m         status in [\"pending\", \"processing\", \"shipped\", \"delivered\", \"cancelled\"]\n\x1b[1;38;5;12m   |\x1b[0m\x1b[1;38;5;9m         ^\x1b[0m \x1b[1;38;5;9munexpected token 'indent'\x1b[0m\n\x1b[1;38;5;12m   |\x1b[0m\n\n\nerror[E1001]: InvalidSyntax\n  \x1b[1;38;5;12m-->\x1b[0m /tmp/kcl-oas-test-2875939315/Order.k:15:5\n\x1b[1;38;5;12m   |\x1b[0m\n\x1b[1;38;5;12m15 |\x1b[0m     totalAmount ?= float\n\x1b[1;38;5;12m   |\x1b[0m\x1b[1;38;5;9m     ^\x1b[0m \x1b[1;38;5;9munexpected token 'dedent'\x1b[0m\n\x1b[1;38;5;12m   |\x1b[0m\n\n\nerror[E1001]: InvalidSyntax\n  \x1b[1;38;5;12m-->\x1b[0m /tmp/kcl-oas-test-2875939315/Order.k:15:17\n\x1b[1;38;5;12m   |\x1b[0m\n\x1b[1;38;5;12m15 |\x1b[0m     totalAmount ?= float\n\x1b[1;38;5;12m   |\x1b[0m\x1b[1;38;5;9m                 ^\x1b[0m \x1b[1;38;5;9munexpected token '?'\x1b[0m\n\x1b[1;38;5;12m   |\x1b[0m\n\n\nerror[E1001]: InvalidSyntax\n  \x1b[1;38;5;12m-->\x1b[0m /tmp/kcl-oas-test-2875939315/Order.k:15:18\n\x1b[1;38;5;12m   |\x1b[0m\n\x1b[1;38;5;12m15 |\x1b[0m     totalAmount ?= float\n\x1b[1;38;5;12m   |\x1b[0m\x1b[1;38;5;9m                  ^\x1b[0m \x1b[1;38;5;9munexpected token '='\x1b[0m\n\x1b[1;38;5;12m   |\x1b[0m\n\n\nerror[E1001]: InvalidSyntax\n  \x1b[1;38;5;12m-->\x1b[0m /tmp/kcl-oas-test-2875939315/Order.k:15:24\n\x1b[1;38;5;12m   |\x1b[0m\n\x1b[1;38;5;12m15 |\x1b[0m     totalAmount ?= float\n\x1b[1;38;5;12m   |\x1b[0m\x1b[1;38;5;9m                        ^\x1b[0m \x1b[1;38;5;9munexpected token 'dedent'\x1b[0m\n\x1b[1;38;5;12m   |\x1b[0m\n\n\nerror[E1001]: InvalidSyntax\n  \x1b[1;38;5;12m-->\x1b[0m /tmp/kcl-oas-test-2875939315/OrderItem.k:11:5\n\x1b[1;38;5;12m   |\x1b[0m\n\x1b[1;38;5;12m11 |\x1b[0m     unitPrice = float\n\x1b[1;38;5;12m   |\x1b[0m\x1b[1;38;5;9m     ^\x1b[0m \x1b[1;38;5;9mexpected one of [\"dedent\"] got identifier\x1b[0m\n\x1b[1;38;5;12m   |\x1b[0m\n\n\nerror[E1001]: InvalidSyntax\n  \x1b[1;38;5;12m-->\x1b[0m /tmp/kcl-oas-test-2875939315/OrderItem.k:11:15\n\x1b[1;38;5;12m   |\x1b[0m\n\x1b[1;38;5;12m11 |\x1b[0m     unitPrice = float\n\x1b[1;38;5;12m   |\x1b[0m\x1b[1;38;5;9m               ^\x1b[0m \x1b[1;38;5;9munexpected token '='\x1b[0m\n\x1b[1;38;5;12m   |\x1b[0m\n\n\nerror[E1001]: InvalidSyntax\n  \x1b[1;38;5;12m-->\x1b[0m /tmp/kcl-oas-test-2875939315/OrderItem.k:11:21\n\x1b[1;38;5;12m   |\x1b[0m\n\x1b[1;38;5;12m11 |\x1b[0m     unitPrice = float\n\x1b[1;38;5;12m   |\x1b[0m\x1b[1;38;5;9m                     ^\x1b[0m \x1b[1;38;5;9munexpected token 'dedent'\x1b[0m\n\x1b[1;38;5;12m   |\x1b[0m\n\n\nerror[E1001]: InvalidSyntax\n \x1b[1;38;5;12m-->\x1b[0m /tmp/kcl-oas-test-2875939315/Product.k:5:15\n\x1b[1;38;5;12m  |\x1b[0m\n\x1b[1;38;5;12m5 |\x1b[0m     category ?= Category\n\x1b[1;38;5;12m  |\x1b[0m\x1b[1;38;5;9m               ^\x1b[0m \x1b[1;38;5;9mexpected one of [\":\"] got =\x1b[0m\n\x1b[1;38;5;12m  |\x1b[0m\n\n\nerror[E1001]: InvalidSyntax\n \x1b[1;38;5;12m-->\x1b[0m /tmp/kcl-oas-test-2875939315/Product.k:7:16\n\x1b[1;38;5;12m  |\x1b[0m\n\x1b[1;38;5;12m7 |\x1b[0m     createdAt ?= str\n\x1b[1;38;5;12m  |\x1b[0m\x1b[1;38;5;9m                ^\x1b[0m \x1b[1;38;5;9mexpected one of [\":\"] got =\x1b[0m\n\x1b[1;38;5;12m  |\x1b[0m\n\n\nerror[E1001]: InvalidSyntax\n  \x1b[1;38;5;12m-->\x1b[0m /tmp/kcl-oas-test-2875939315/Product.k:11:15\n\x1b[1;38;5;12m   |\x1b[0m\n\x1b[1;38;5;12m11 |\x1b[0m     metadata ?= dict\n\x1b[1;38;5;12m   |\x1b[0m\x1b[1;38;5;9m               ^\x1b[0m \x1b[1;38;5;9mexpected one of [\":\"] got =\x1b[0m\n\x1b[1;38;5;12m   |\x1b[0m\n\n\nerror[E1001]: InvalidSyntax\n  \x1b[1;38;5;12m-->\x1b[0m /tmp/kcl-oas-test-2875939315/Product.k:18:5\n\x1b[1;38;5;12m   |\x1b[0m\n\x1b[1;38;5;12m18 |\x1b[0m     price = float\n\x1b[1;38;5;12m   |\x1b[0m\x1b[1;38;5;9m     ^\x1b[0m \x1b[1;38;5;9mexpected one of [\"dedent\"] got identifier\x1b[0m\n\x1b[1;38;5;12m   |\x1b[0m\n\n\nerror[E1001]: InvalidSyntax\n  \x1b[1;38;5;12m-->\x1b[0m /tmp/kcl-oas-test-2875939315/Product.k:18:11\n\x1b[1;38;5;12m   |\x1b[0m\n\x1b[1;38;5;12m18 |\x1b[0m     price = float\n\x1b[1;38;5;12m   |\x1b[0m\x1b[1;38;5;9m           ^\x1b[0m \x1b[1;38;5;9munexpected token '='\x1b[0m\n\x1b[1;38;5;12m   |\x1b[0m\n\n\nerror[E1001]: InvalidSyntax\n  \x1b[1;38;5;12m-->\x1b[0m /tmp/kcl-oas-test-2875939315/Product.k:19:10\n\x1b[1;38;5;12m   |\x1b[0m\n\x1b[1;38;5;12m19 |\x1b[0m     check:\n\x1b[1;38;5;12m   |\x1b[0m\x1b[1;38;5;9m          ^\x1b[0m \x1b[1;38;5;9mexpected one of [\"any\", \"bool\", \"int\", \"float\", \"str\", \"True\", \"False\", \"identifier\", \"literal\", \"[\", \"{\", \")\"] got newline\x1b[0m\n\x1b[1;38;5;12m   |\x1b[0m\n\n\nerror[E1001]: InvalidSyntax\n  \x1b[1;38;5;12m-->\x1b[0m /tmp/kcl-oas-test-2875939315/Product.k:20:9\n\x1b[1;38;5;12m   |\x1b[0m\n\x1b[1;38;5;12m20 |\x1b[0m         price >= 0\n\x1b[1;38;5;12m   |\x1b[0m\x1b[1;38;5;9m         ^\x1b[0m \x1b[1;38;5;9mexpected one of [\"=\"] got indent\x1b[0m\n\x1b[1;38;5;12m   |\x1b[0m\n\n\nerror[E1001]: InvalidSyntax\n  \x1b[1;38;5;12m-->\x1b[0m /tmp/kcl-oas-test-2875939315/Product.k:20:9\n\x1b[1;38;5;12m   |\x1b[0m\n\x1b[1;38;5;12m20 |\x1b[0m         price >= 0\n\x1b[1;38;5;12m   |\x1b[0m\x1b[1;38;5;9m         ^\x1b[0m \x1b[1;38;5;9munexpected token 'indent'\x1b[0m\n\x1b[1;38;5;12m   |\x1b[0m\n\n\nerror[E1001]: InvalidSyntax\n  \x1b[1;38;5;12m-->\x1b[0m /tmp/kcl-oas-test-2875939315/Product.k:21:5\n\x1b[1;38;5;12m   |\x1b[0m\n\x1b[1;38;5;12m21 |\x1b[0m     status ?= str = \"available\"\n\x1b[1;38;5;12m   |\x1b[0m\x1b[1;38;5;9m     ^\x1b[0m \x1b[1;38;5;9munexpected token 'dedent'\x1b[0m\n\x1b[1;38;5;12m   |\x1b[0m\n\n\nerror[E1001]: InvalidSyntax\n  \x1b[1;38;5;12m-->\x1b[0m /tmp/kcl-oas-test-2875939315/Product.k:21:12\n\x1b[1;38;5;12m   |\x1b[0m\n\x1b[1;38;5;12m21 |\x1b[0m     status ?= str = \"available\"\n\x1b[1;38;5;12m   |\x1b[0m\x1b[1;38;5;9m            ^\x1b[0m \x1b[1;38;5;9munexpected token '?'\x1b[0m\n\x1b[1;38;5;12m   |\x1b[0m\n\n\nerror[E1001]: InvalidSyntax\n  \x1b[1;38;5;12m-->\x1b[0m /tmp/kcl-oas-test-2875939315/Product.k:21:13\n\x1b[1;38;5;12m   |\x1b[0m\n\x1b[1;38;5;12m21 |\x1b[0m     status ?= str = \"available\"\n\x1b[1;38;5;12m   |\x1b[0m\x1b[1;38;5;9m             ^\x1b[0m \x1b[1;38;5;9munexpected token '='\x1b[0m\n\x1b[1;38;5;12m   |\x1b[0m\n\n\nerror[E1001]: InvalidSyntax\n  \x1b[1;38;5;12m-->\x1b[0m /tmp/kcl-oas-test-2875939315/Product.k:22:10\n\x1b[1;38;5;12m   |\x1b[0m\n\x1b[1;38;5;12m22 |\x1b[0m     check:\n\x1b[1;38;5;12m   |\x1b[0m\x1b[1;38;5;9m          ^\x1b[0m \x1b[1;38;5;9mexpected one of [\"any\", \"bool\", \"int\", \"float\", \"str\", \"True\", \"False\", \"identifier\", \"literal\", \"[\", \"{\", \")\"] got newline\x1b[0m\n\x1b[1;38;5;12m   |\x1b[0m\n\n\nerror[E1001]: InvalidSyntax\n  \x1b[1;38;5;12m-->\x1b[0m /tmp/kcl-oas-test-2875939315/Product.k:23:9\n\x1b[1;38;5;12m   |\x1b[0m\n\x1b[1;38;5;12m23 |\x1b[0m         status in [\"available\", \"out_of_stock\", \"discontinued\"]\n\x1b[1;38;5;12m   |\x1b[0m\x1b[1;38;5;9m         ^\x1b[0m \x1b[1;38;5;9mexpected one of [\"=\"] got indent\x1b[0m\n\x1b[1;38;5;12m   |\x1b[0m\n\n\nerror[E1001]: InvalidSyntax\n  \x1b[1;38;5;12m-->\x1b[0m /tmp/kcl-oas-test-2875939315/Product.k:23:9\n\x1b[1;38;5;12m   |\x1b[0m\n\x1b[1;38;5;12m23 |\x1b[0m         status in [\"available\", \"out_of_stock\", \"discontinued\"]\n\x1b[1;38;5;12m   |\x1b[0m\x1b[1;38;5;9m         ^\x1b[0m \x1b[1;38;5;9munexpected token 'indent'\x1b[0m\n\x1b[1;38;5;12m   |\x1b[0m\n\n\nerror[E1001]: InvalidSyntax\n  \x1b[1;38;5;12m-->\x1b[0m /tmp/kcl-oas-test-2875939315/Product.k:25:5\n\x1b[1;38;5;12m   |\x1b[0m\n\x1b[1;38;5;12m25 |\x1b[0m     tags ?= [str]\n\x1b[1;38;5;12m   |\x1b[0m\x1b[1;38;5;9m     ^\x1b[0m \x1b[1;38;5;9munexpected token 'dedent'\x1b[0m\n\x1b[1;38;5;12m   |\x1b[0m\n\n\nerror[E1001]: InvalidSyntax\n  \x1b[1;38;5;12m-->\x1b[0m /tmp/kcl-oas-test-2875939315/Product.k:25:10\n\x1b[1;38;5;12m   |\x1b[0m\n\x1b[1;38;5;12m25 |\x1b[0m     tags ?= [str]\n\x1b[1;38;5;12m   |\x1b[0m\x1b[1;38;5;9m          ^\x1b[0m \x1b[1;38;5;9munexpected token '?'\x1b[0m\n\x1b[1;38;5;12m   |\x1b[0m\n\n\nerror[E1001]: InvalidSyntax\n  \x1b[1;38;5;12m-->\x1b[0m /tmp/kcl-oas-test-2875939315/Product.k:25:11\n\x1b[1;38;5;12m   |\x1b[0m\n\x1b[1;38;5;12m25 |\x1b[0m     tags ?= [str]\n\x1b[1;38;5;12m   |\x1b[0m\x1b[1;38;5;9m           ^\x1b[0m \x1b[1;38;5;9munexpected token '='\x1b[0m\n\x1b[1;38;5;12m   |\x1b[0m\n\n\nerror[E1001]: InvalidSyntax\n  \x1b[1;38;5;12m-->\x1b[0m /tmp/kcl-oas-test-2875939315/Product.k:27:15\n\x1b[1;38;5;12m   |\x1b[0m\n\x1b[1;38;5;12m27 |\x1b[0m     updatedAt ?= str\n\x1b[1;38;5;12m   |\x1b[0m\x1b[1;38;5;9m               ^\x1b[0m \x1b[1;38;5;9munexpected token '?'\x1b[0m\n\x1b[1;38;5;12m   |\x1b[0m\n\n\nerror[E1001]: InvalidSyntax\n  \x1b[1;38;5;12m-->\x1b[0m /tmp/kcl-oas-test-2875939315/Product.k:27:16\n\x1b[1;38;5;12m   |\x1b[0m\n\x1b[1;38;5;12m27 |\x1b[0m     updatedAt ?= str\n\x1b[1;38;5;12m   |\x1b[0m\x1b[1;38;5;9m                ^\x1b[0m \x1b[1;38;5;9munexpected token '='\x1b[0m\n\x1b[1;38;5;12m   |\x1b[0m\n\n\nerror[E1001]: InvalidSyntax\n  \x1b[1;38;5;12m-->\x1b[0m /tmp/kcl-oas-test-2875939315/Product.k:27:20\n\x1b[1;38;5;12m   |\x1b[0m\n\x1b[1;38;5;12m27 |\x1b[0m     updatedAt ?= str\n\x1b[1;38;5;12m   |\x1b[0m\x1b[1;38;5;9m                    ^\x1b[0m \x1b[1;38;5;9munexpected token 'dedent'\x1b[0m\n\x1b[1;38;5;12m   |\x1b[0m\n\n\nerror[E1001]: ImmutableError\n  \x1b[1;38;5;12m-->\x1b[0m /tmp/kcl-oas-test-2875939315/Product.k:19:5\n\x1b[1;38;5;12m   |\x1b[0m\n\x1b[1;38;5;12m19 |\x1b[0m     check:\n\x1b[1;38;5;12m   |\x1b[0m\x1b[1;38;5;9m     ^\x1b[0m \x1b[1;38;5;9mCan not change the value of 'check', because it was declared immutable\x1b[0m\n\x1b[1;38;5;12m   |\x1b[0m\n\n  \x1b[1;38;5;12m-->\x1b[0m /tmp/kcl-oas-test-2875939315/Order.k:12:5\n\x1b[1;38;5;12m   |\x1b[0m\n\x1b[1;38;5;12m12 |\x1b[0m     check:\n\x1b[1;38;5;12m   |\x1b[0m\x1b[1;38;5;9m     ^\x1b[0m \x1b[1;38;5;9mThe variable 'check' is declared here\x1b[0m\n\x1b[1;38;5;12m   |\x1b[0m\nnote: change the variable name to '_check' to make it mutable\n\n\nerror[E1001]: ImmutableError\n  \x1b[1;38;5;12m-->\x1b[0m /tmp/kcl-oas-test-2875939315/Product.k:21:15\n\x1b[1;38;5;12m   |\x1b[0m\n\x1b[1;38;5;12m21 |\x1b[0m     status ?= str = \"available\"\n\x1b[1;38;5;12m   |\x1b[0m\x1b[1;38;5;9m               ^\x1b[0m \x1b[1;38;5;9mCan not change the value of 'str', because it was declared immutable\x1b[0m\n\x1b[1;38;5;12m   |\x1b[0m\n\n  \x1b[1;38;5;12m-->\x1b[0m /tmp/kcl-oas-test-2875939315/Order.k:11:15\n\x1b[1;38;5;12m   |\x1b[0m\n\x1b[1;38;5;12m11 |\x1b[0m     status ?= str = \"pending\"\n\x1b[1;38;5;12m   |\x1b[0m\x1b[1;38;5;9m               ^\x1b[0m \x1b[1;38;5;9mThe variable 'str' is declared here\x1b[0m\n\x1b[1;38;5;12m   |\x1b[0m\nnote: change the variable name to '_str' to make it mutable\n\n\nerror[E1001]: ImmutableError\n  \x1b[1;38;5;12m-->\x1b[0m /tmp/kcl-oas-test-2875939315/Product.k:22:5\n\x1b[1;38;5;12m   |\x1b[0m\n\x1b[1;38;5;12m22 |\x1b[0m     check:\n\x1b[1;38;5;12m   |\x1b[0m\x1b[1;38;5;9m     ^\x1b[0m \x1b[1;38;5;9mCan not change the value of 'check', because it was declared immutable\x1b[0m\n\x1b[1;38;5;12m   |\x1b[0m\n\n  \x1b[1;38;5;12m-->\x1b[0m /tmp/kcl-oas-test-2875939315/Order.k:12:5\n\x1b[1;38;5;12m   |\x1b[0m\n\x1b[1;38;5;12m12 |\x1b[0m     check:\n\x1b[1;38;5;12m   |\x1b[0m\x1b[1;38;5;9m     ^\x1b[0m \x1b[1;38;5;9mThe variable 'check' is declared here\x1b[0m\n\x1b[1;38;5;12m   |\x1b[0m\nnote: change the variable name to '_check' to make it mutable\n\n\nerror[E2L23]: CompileError\n  \x1b[1;38;5;12m-->\x1b[0m /tmp/kcl-oas-test-2875939315/Customer.k:19:9\n\x1b[1;38;5;12m   |\x1b[0m\n\x1b[1;38;5;12m19 |\x1b[0m         regex.match(phoneNumber, r\"^\\+[1-9]\\d{1,14}$\")\n\x1b[1;38;5;12m   |\x1b[0m\x1b[1;38;5;9m         ^\x1b[0m \x1b[1;38;5;9mname 'regex' is not defined\x1b[0m\n\x1b[1;38;5;12m   |\x1b[0m\n\n\nerror[E2L23]: CompileError\n  \x1b[1;38;5;12m-->\x1b[0m /tmp/kcl-oas-test-2875939315/Order.k:13:9\n\x1b[1;38;5;12m   |\x1b[0m\n\x1b[1;38;5;12m13 |\x1b[0m         status in [\"pending\", \"processing\", \"shipped\", \"delivered\", \"cancelled\"]\n\x1b[1;38;5;12m   |\x1b[0m\x1b[1;38;5;9m         ^\x1b[0m \x1b[1;38;5;9mname 'status' is not defined\x1b[0m\n\x1b[1;38;5;12m   |\x1b[0m\n\n\nerror[E2L23]: CompileError\n  \x1b[1;38;5;12m-->\x1b[0m /tmp/kcl-oas-test-2875939315/Order.k:15:5\n\x1b[1;38;5;12m   |\x1b[0m\n\x1b[1;38;5;12m15 |\x1b[0m     totalAmount ?= float\n\x1b[1;38;5;12m   |\x1b[0m\x1b[1;38;5;9m     ^\x1b[0m \x1b[1;38;5;9mname 'totalAmount' is not defined\x1b[0m\n\x1b[1;38;5;12m   |\x1b[0m\n\n\nerror[E2G22]: TypeError\n \x1b[1;38;5;12m-->\x1b[0m /tmp/kcl-oas-test-2875939315/OrderItem.k:9:9\n\x1b[1;38;5;12m  |\x1b[0m\n\x1b[1;38;5;12m9 |\x1b[0m         quantity >= 1\n\x1b[1;38;5;12m  |\x1b[0m\x1b[1;38;5;9m         ^\x1b[0m \x1b[1;38;5;9munsupported operand type(s) for >=: '(any, int) -> int' and 'int(1)'\x1b[0m\n\x1b[1;38;5;12m  |\x1b[0m\n\n\nerror[E2L23]: CompileError\n  \x1b[1;38;5;12m-->\x1b[0m /tmp/kcl-oas-test-2875939315/Product.k:20:9\n\x1b[1;38;5;12m   |\x1b[0m\n\x1b[1;38;5;12m20 |\x1b[0m         price >= 0\n\x1b[1;38;5;12m   |\x1b[0m\x1b[1;38;5;9m         ^\x1b[0m \x1b[1;38;5;9mname 'price' is not defined, did you mean '[\"print\"]'?\x1b[0m\n\x1b[1;38;5;12m   |\x1b[0m\n\n\nerror[E2L23]: CompileError\n  \x1b[1;38;5;12m-->\x1b[0m /tmp/kcl-oas-test-2875939315/Product.k:21:5\n\x1b[1;38;5;12m   |\x1b[0m\n\x1b[1;38;5;12m21 |\x1b[0m     status ?= str = \"available\"\n\x1b[1;38;5;12m   |\x1b[0m\x1b[1;38;5;9m     ^\x1b[0m \x1b[1;38;5;9mname 'status' is not defined\x1b[0m\n\x1b[1;38;5;12m   |\x1b[0m\n\n\nerror[E2L23]: CompileError\n  \x1b[1;38;5;12m-->\x1b[0m /tmp/kcl-oas-test-2875939315/Product.k:23:9\n\x1b[1;38;5;12m   |\x1b[0m\n\x1b[1;38;5;12m23 |\x1b[0m         status in [\"available\", \"out_of_stock\", \"discontinued\"]\n\x1b[1;38;5;12m   |\x1b[0m\x1b[1;38;5;9m         ^\x1b[0m \x1b[1;38;5;9mname 'status' is not defined\x1b[0m\n\x1b[1;38;5;12m   |\x1b[0m\n\n\nerror[E2L23]: CompileError\n  \x1b[1;38;5;12m-->\x1b[0m /tmp/kcl-oas-test-2875939315/Product.k:25:5\n\x1b[1;38;5;12m   |\x1b[0m\n\x1b[1;38;5;12m25 |\x1b[0m     tags ?= [str]\n\x1b[1;38;5;12m   |\x1b[0m\x1b[1;38;5;9m     ^\x1b[0m \x1b[1;38;5;9mname 'tags' is not defined\x1b[0m\n\x1b[1;38;5;12m   |\x1b[0m\n\n\nerror[E2L23]: CompileError\n  \x1b[1;38;5;12m-->\x1b[0m /tmp/kcl-oas-test-2875939315/Product.k:27:5\n\x1b[1;38;5;12m   |\x1b[0m\n\x1b[1;38;5;12m27 |\x1b[0m     updatedAt ?= str\n\x1b[1;38;5;12m   |\x1b[0m\x1b[1;38;5;9m     ^\x1b[0m \x1b[1;38;5;9mname 'updatedAt' is not defined\x1b[0m\n\x1b[1;38;5;12m   |\x1b[0m\n\n\nValidation failed with exit code: 1\n" does not contain "Validation successful for OpenAPI payload"
        	Test:       	TestOASToKCLGeneration/Complex_Schema_OpenAPI_3.0
        	Messages:   	The validation should succeed
=== RUN   TestOASToKCLGeneration/Simple_Schema_OpenAPI_3.0
    oas_test.go:54: Generating KCL schemas from OpenAPI spec: testdata/oas/input/simple.json
2025/03/08 14:37:09 reading OpenAPI schema file: testdata/oas/input/simple.json
2025/03/08 14:37:09 detected JSON format from file extension: .json
2025/03/08 14:37:09 parsing OpenAPI schema
2025/03/08 14:37:09 validating OpenAPI document
2025/03/08 14:37:09 flattening OpenAPI specification
2025/03/08 14:37:09 starting specification flattening process
2025/03/08 14:37:09 processing schemas in order: [Greeting]
2025/03/08 14:37:09 flattening schema: Greeting
2025/03/08 14:37:09 flattened 1 schemas successfully
2025/03/08 14:37:09 successfully flattened OpenAPI specification
2025/03/08 14:37:09 successfully loaded and validated OpenAPI schema
2025/03/08 14:37:09 starting KCL schema generation
2025/03/08 14:37:09 detected schema type: OpenAPI 3.0
2025/03/08 14:37:09 processing OpenAPI schema (version: 3.0)
2025/03/08 14:37:09 processing 1 schemas in order
2025/03/08 14:37:09 field message has type: string
2025/03/08 14:37:09 converting OpenAPI type 'string' with format '' to KCL type
2025/03/08 14:37:09 mapped to KCL type: str
2025/03/08 14:37:09 field message has type: string
2025/03/08 14:37:09 converting OpenAPI type 'string' with format '' to KCL type
2025/03/08 14:37:09 mapped to KCL type: str
2025/03/08 14:37:09 generated 1 properties for schema Greeting
2025/03/08 14:37:09 Schema Greeting written to /tmp/kcl-oas-test-1062931867/Greeting.k
2025/03/08 14:37:09 generating main.k file with 1 schema imports
2025/03/08 14:37:09 successfully generated KCL schemas in /tmp/kcl-oas-test-1062931867
    oas_test.go:64: Generated 2 KCL files
    oas_test.go:68: Generated file: Greeting.k
    oas_test.go:68: Generated file: main.k
    oas_test.go:109: KCL validation output: Testing validation of payload.json against KCL schemas
        {}
        Validation successful for OpenAPI payload
--- FAIL: TestOASToKCLGeneration (0.83s)
    --- FAIL: TestOASToKCLGeneration/Petstore_OpenAPI_3.0 (0.23s)
    --- FAIL: TestOASToKCLGeneration/Complex_Schema_OpenAPI_3.0 (0.31s)
    --- PASS: TestOASToKCLGeneration/Simple_Schema_OpenAPI_3.0 (0.29s)
=== RUN   TestOASOpenAPI2Generation
=== RUN   TestOASOpenAPI2Generation/Petstore_OpenAPI_2.0
    oas_test.go:151: Generating KCL schemas from OpenAPI 2.0 spec: testdata/oas/input/petstore_v2.json
2025/03/08 14:37:09 reading OpenAPI schema file: testdata/oas/input/petstore_v2.json
2025/03/08 14:37:09 detected JSON format from file extension: .json
2025/03/08 14:37:09 skipping validation for converted OpenAPI 2.0 document
2025/03/08 14:37:09 using loader with context: true
2025/03/08 14:37:09 starting specification flattening process
2025/03/08 14:37:09 starting specification flattening process
2025/03/08 14:37:09 processing schemas in order: [ErrorModel Pet PetInput]
2025/03/08 14:37:09 flattening schema: ErrorModel
2025/03/08 14:37:09 flattening schema: Pet
2025/03/08 14:37:09 flattening schema: PetInput
2025/03/08 14:37:09 flattened 3 schemas successfully
2025/03/08 14:37:09 starting KCL schema generation
2025/03/08 14:37:09 detected schema type: OpenAPI 3.0
2025/03/08 14:37:09 processing OpenAPI schema (version: 2.0)
2025/03/08 14:37:09 processing OpenAPI 2.0 specific features
2025/03/08 14:37:09 processing 3 schemas in order
2025/03/08 14:37:09 field code has type: integer
2025/03/08 14:37:09 converting OpenAPI type 'integer' with format 'int32' to KCL type
2025/03/08 14:37:09 mapped to KCL type: int
2025/03/08 14:37:09 field message has type: string
2025/03/08 14:37:09 converting OpenAPI type 'string' with format '' to KCL type
2025/03/08 14:37:09 mapped to KCL type: str
2025/03/08 14:37:09 field code has type: integer
2025/03/08 14:37:09 converting OpenAPI type 'integer' with format 'int32' to KCL type
2025/03/08 14:37:09 mapped to KCL type: int
2025/03/08 14:37:09 field message has type: string
2025/03/08 14:37:09 converting OpenAPI type 'string' with format '' to KCL type
2025/03/08 14:37:09 mapped to KCL type: str
2025/03/08 14:37:09 generated 2 properties for schema ErrorModel
2025/03/08 14:37:09 Schema ErrorModel written to /tmp/kcl-oas-v2-test-486694720/ErrorModel.k
2025/03/08 14:37:09 field id has type: integer
2025/03/08 14:37:09 converting OpenAPI type 'integer' with format 'int64' to KCL type
2025/03/08 14:37:09 mapped to KCL type: int
2025/03/08 14:37:09 field name has type: string
2025/03/08 14:37:09 converting OpenAPI type 'string' with format '' to KCL type
2025/03/08 14:37:09 mapped to KCL type: str
2025/03/08 14:37:09 field tag has type: string
2025/03/08 14:37:09 converting OpenAPI type 'string' with format '' to KCL type
2025/03/08 14:37:09 mapped to KCL type: str
2025/03/08 14:37:09 field id has type: integer
2025/03/08 14:37:09 converting OpenAPI type 'integer' with format 'int64' to KCL type
2025/03/08 14:37:09 mapped to KCL type: int
2025/03/08 14:37:09 field name has type: string
2025/03/08 14:37:09 converting OpenAPI type 'string' with format '' to KCL type
2025/03/08 14:37:09 mapped to KCL type: str
2025/03/08 14:37:09 field tag has type: string
2025/03/08 14:37:09 converting OpenAPI type 'string' with format '' to KCL type
2025/03/08 14:37:09 mapped to KCL type: str
2025/03/08 14:37:09 generated 3 properties for schema Pet
2025/03/08 14:37:09 Schema Pet written to /tmp/kcl-oas-v2-test-486694720/Pet.k
2025/03/08 14:37:09 field name has type: string
2025/03/08 14:37:09 converting OpenAPI type 'string' with format '' to KCL type
2025/03/08 14:37:09 mapped to KCL type: str
2025/03/08 14:37:09 field tag has type: string
2025/03/08 14:37:09 converting OpenAPI type 'string' with format '' to KCL type
2025/03/08 14:37:09 mapped to KCL type: str
2025/03/08 14:37:09 field name has type: string
2025/03/08 14:37:09 converting OpenAPI type 'string' with format '' to KCL type
2025/03/08 14:37:09 mapped to KCL type: str
2025/03/08 14:37:09 field tag has type: string
2025/03/08 14:37:09 converting OpenAPI type 'string' with format '' to KCL type
2025/03/08 14:37:09 mapped to KCL type: str
2025/03/08 14:37:09 generated 2 properties for schema PetInput
2025/03/08 14:37:09 Schema PetInput written to /tmp/kcl-oas-v2-test-486694720/PetInput.k
2025/03/08 14:37:09 generating main.k file with 3 schema imports
2025/03/08 14:37:09 successfully generated KCL schemas in /tmp/kcl-oas-v2-test-486694720
    oas_test.go:161: Generated 4 KCL files
    oas_test.go:163: Generated file: ErrorModel.k
    oas_test.go:163: Generated file: Pet.k
    oas_test.go:163: Generated file: PetInput.k
    oas_test.go:163: Generated file: main.k
    oas_test.go:204: KCL validation output: Testing validation of payload.json against KCL schemas from OpenAPI 2.0
        Error: error[E1001]: InvalidSyntax
         [1;38;5;12m-->[0m /tmp/kcl-oas-v2-test-486694720/Pet.k:7:10
        [1;38;5;12m  |[0m
        [1;38;5;12m7 |[0m     tag ?= str
        [1;38;5;12m  |[0m[1;38;5;9m          ^[0m [1;38;5;9mexpected one of [":"] got =[0m
        [1;38;5;12m  |[0m
        
        
        error[E1001]: InvalidSyntax
         [1;38;5;12m-->[0m /tmp/kcl-oas-v2-test-486694720/PetInput.k:6:10
        [1;38;5;12m  |[0m
        [1;38;5;12m6 |[0m     tag ?= str
        [1;38;5;12m  |[0m[1;38;5;9m          ^[0m [1;38;5;9mexpected one of [":"] got =[0m
        [1;38;5;12m  |[0m
        
        
        error[E1001]: InvalidSyntax
         [1;38;5;12m-->[0m /tmp/kcl-oas-v2-test-486694720/Pet.k:7:10
        [1;38;5;12m  |[0m
        [1;38;5;12m7 |[0m     tag ?= str
        [1;38;5;12m  |[0m[1;38;5;9m          ^[0m [1;38;5;9mexpected one of [":"] got =[0m
        [1;38;5;12m  |[0m
        
        
        error[E1001]: InvalidSyntax
         [1;38;5;12m-->[0m /tmp/kcl-oas-v2-test-486694720/PetInput.k:6:10
        [1;38;5;12m  |[0m
        [1;38;5;12m6 |[0m     tag ?= str
        [1;38;5;12m  |[0m[1;38;5;9m          ^[0m [1;38;5;9mexpected one of [":"] got =[0m
        [1;38;5;12m  |[0m
        
        
        Validation failed with exit code: 1
    oas_test.go:205: 
        	Error Trace:	/home/tridentsx/src/oas2kcl/openapikcl/oas_test.go:205
        	Error:      	Received unexpected error:
        	            	exit status 1
        	Test:       	TestOASOpenAPI2Generation/Petstore_OpenAPI_2.0
        	Messages:   	KCL validation failed: Testing validation of payload.json against KCL schemas from OpenAPI 2.0
        	            	Error: error[E1001]: InvalidSyntax
        	            	 [1;38;5;12m-->[0m /tmp/kcl-oas-v2-test-486694720/Pet.k:7:10
        	            	[1;38;5;12m  |[0m
        	            	[1;38;5;12m7 |[0m     tag ?= str
        	            	[1;38;5;12m  |[0m[1;38;5;9m          ^[0m [1;38;5;9mexpected one of [":"] got =[0m
        	            	[1;38;5;12m  |[0m
        	            	
        	            	
        	            	error[E1001]: InvalidSyntax
        	            	 [1;38;5;12m-->[0m /tmp/kcl-oas-v2-test-486694720/PetInput.k:6:10
        	            	[1;38;5;12m  |[0m
        	            	[1;38;5;12m6 |[0m     tag ?= str
        	            	[1;38;5;12m  |[0m[1;38;5;9m          ^[0m [1;38;5;9mexpected one of [":"] got =[0m
        	            	[1;38;5;12m  |[0m
        	            	
        	            	
        	            	error[E1001]: InvalidSyntax
        	            	 [1;38;5;12m-->[0m /tmp/kcl-oas-v2-test-486694720/Pet.k:7:10
        	            	[1;38;5;12m  |[0m
        	            	[1;38;5;12m7 |[0m     tag ?= str
        	            	[1;38;5;12m  |[0m[1;38;5;9m          ^[0m [1;38;5;9mexpected one of [":"] got =[0m
        	            	[1;38;5;12m  |[0m
        	            	
        	            	
        	            	error[E1001]: InvalidSyntax
        	            	 [1;38;5;12m-->[0m /tmp/kcl-oas-v2-test-486694720/PetInput.k:6:10
        	            	[1;38;5;12m  |[0m
        	            	[1;38;5;12m6 |[0m     tag ?= str
        	            	[1;38;5;12m  |[0m[1;38;5;9m          ^[0m [1;38;5;9mexpected one of [":"] got =[0m
        	            	[1;38;5;12m  |[0m
        	            	
        	            	
        	            	Validation failed with exit code: 1
    oas_test.go:206: 
        	Error Trace:	/home/tridentsx/src/oas2kcl/openapikcl/oas_test.go:206
        	Error:      	"Testing validation of payload.json against KCL schemas from OpenAPI 2.0\nError: error[E1001]: InvalidSyntax\n \x1b[1;38;5;12m-->\x1b[0m /tmp/kcl-oas-v2-test-486694720/Pet.k:7:10\n\x1b[1;38;5;12m  |\x1b[0m\n\x1b[1;38;5;12m7 |\x1b[0m     tag ?= str\n\x1b[1;38;5;12m  |\x1b[0m\x1b[1;38;5;9m          ^\x1b[0m \x1b[1;38;5;9mexpected one of [\":\"] got =\x1b[0m\n\x1b[1;38;5;12m  |\x1b[0m\n\n\nerror[E1001]: InvalidSyntax\n \x1b[1;38;5;12m-->\x1b[0m /tmp/kcl-oas-v2-test-486694720/PetInput.k:6:10\n\x1b[1;38;5;12m  |\x1b[0m\n\x1b[1;38;5;12m6 |\x1b[0m     tag ?= str\n\x1b[1;38;5;12m  |\x1b[0m\x1b[1;38;5;9m          ^\x1b[0m \x1b[1;38;5;9mexpected one of [\":\"] got =\x1b[0m\n\x1b[1;38;5;12m  |\x1b[0m\n\n\nerror[E1001]: InvalidSyntax\n \x1b[1;38;5;12m-->\x1b[0m /tmp/kcl-oas-v2-test-486694720/Pet.k:7:10\n\x1b[1;38;5;12m  |\x1b[0m\n\x1b[1;38;5;12m7 |\x1b[0m     tag ?= str\n\x1b[1;38;5;12m  |\x1b[0m\x1b[1;38;5;9m          ^\x1b[0m \x1b[1;38;5;9mexpected one of [\":\"] got =\x1b[0m\n\x1b[1;38;5;12m  |\x1b[0m\n\n\nerror[E1001]: InvalidSyntax\n \x1b[1;38;5;12m-->\x1b[0m /tmp/kcl-oas-v2-test-486694720/PetInput.k:6:10\n\x1b[1;38;5;12m  |\x1b[0m\n\x1b[1;38;5;12m6 |\x1b[0m     tag ?= str\n\x1b[1;38;5;12m  |\x1b[0m\x1b[1;38;5;9m          ^\x1b[0m \x1b[1;38;5;9mexpected one of [\":\"] got =\x1b[0m\n\x1b[1;38;5;12m  |\x1b[0m\n\n\nValidation failed with exit code: 1\n" does not contain "Validation successful for OpenAPI 2.0 payload"
        	Test:       	TestOASOpenAPI2Generation/Petstore_OpenAPI_2.0
        	Messages:   	The validation should succeed
=== RUN   TestOASOpenAPI2Generation/Complex_Schema_OpenAPI_2.0
    oas_test.go:151: Generating KCL schemas from OpenAPI 2.0 spec: testdata/oas/input/complex_v2.json
2025/03/08 14:37:09 reading OpenAPI schema file: testdata/oas/input/complex_v2.json
2025/03/08 14:37:09 detected JSON format from file extension: .json
2025/03/08 14:37:09 skipping validation for converted OpenAPI 2.0 document
2025/03/08 14:37:09 using loader with context: true
2025/03/08 14:37:09 starting specification flattening process
2025/03/08 14:37:09 starting specification flattening process
2025/03/08 14:37:09 processing schemas in order: [Address ApiResponse BaseObject Category Customer Mixed Multi Order OrderItem Product]
2025/03/08 14:37:09 flattening schema: Address
2025/03/08 14:37:09 flattening schema: ApiResponse
2025/03/08 14:37:09 flattening schema: BaseObject
2025/03/08 14:37:09 flattening schema: Category
2025/03/08 14:37:09 flattening schema: Customer
2025/03/08 14:37:09 resolving reference: #/components/schemas/BaseObject
2025/03/08 14:37:09 resolving reference: #/components/schemas/Address
2025/03/08 14:37:09 flattening schema: Mixed
2025/03/08 14:37:09 flattening schema: Multi
2025/03/08 14:37:09 flattening schema: Order
2025/03/08 14:37:09 resolving reference: #/components/schemas/OrderItem
2025/03/08 14:37:09 resolving reference: #/components/schemas/Customer
2025/03/08 14:37:09 flattening schema: OrderItem
2025/03/08 14:37:09 resolving reference: #/components/schemas/Product
2025/03/08 14:37:09 flattening schema: Product
2025/03/08 14:37:09 resolving reference: #/components/schemas/BaseObject
2025/03/08 14:37:09 resolving reference: #/components/schemas/Category
2025/03/08 14:37:09 flattened 10 schemas successfully
2025/03/08 14:37:09 starting KCL schema generation
2025/03/08 14:37:09 detected schema type: OpenAPI 3.0
2025/03/08 14:37:09 processing OpenAPI schema (version: 2.0)
2025/03/08 14:37:09 processing OpenAPI 2.0 specific features
2025/03/08 14:37:09 processing 10 schemas in order
2025/03/08 14:37:09 field city has type: string
2025/03/08 14:37:09 converting OpenAPI type 'string' with format '' to KCL type
2025/03/08 14:37:09 mapped to KCL type: str
2025/03/08 14:37:09 field country has type: string
2025/03/08 14:37:09 converting OpenAPI type 'string' with format '' to KCL type
2025/03/08 14:37:09 mapped to KCL type: str
2025/03/08 14:37:09 field state has type: string
2025/03/08 14:37:09 converting OpenAPI type 'string' with format '' to KCL type
2025/03/08 14:37:09 mapped to KCL type: str
2025/03/08 14:37:09 field street has type: string
2025/03/08 14:37:09 converting OpenAPI type 'string' with format '' to KCL type
2025/03/08 14:37:09 mapped to KCL type: str
2025/03/08 14:37:09 field zipCode has type: string
2025/03/08 14:37:09 converting OpenAPI type 'string' with format '' to KCL type
2025/03/08 14:37:09 mapped to KCL type: str
2025/03/08 14:37:09 field city has type: string
2025/03/08 14:37:09 converting OpenAPI type 'string' with format '' to KCL type
2025/03/08 14:37:09 mapped to KCL type: str
2025/03/08 14:37:09 field country has type: string
2025/03/08 14:37:09 converting OpenAPI type 'string' with format '' to KCL type
2025/03/08 14:37:09 mapped to KCL type: str
2025/03/08 14:37:09 field state has type: string
2025/03/08 14:37:09 converting OpenAPI type 'string' with format '' to KCL type
2025/03/08 14:37:09 mapped to KCL type: str
2025/03/08 14:37:09 field street has type: string
2025/03/08 14:37:09 converting OpenAPI type 'string' with format '' to KCL type
2025/03/08 14:37:09 mapped to KCL type: str
2025/03/08 14:37:09 field zipCode has type: string
2025/03/08 14:37:09 converting OpenAPI type 'string' with format '' to KCL type
2025/03/08 14:37:09 mapped to KCL type: str
2025/03/08 14:37:09 generated 5 properties for schema Address
2025/03/08 14:37:09 Schema Address written to /tmp/kcl-oas-v2-test-1268243149/Address.k
2025/03/08 14:37:09 field code has type: integer
2025/03/08 14:37:09 converting OpenAPI type 'integer' with format 'int32' to KCL type
2025/03/08 14:37:09 mapped to KCL type: int
2025/03/08 14:37:09 field message has type: string
2025/03/08 14:37:09 converting OpenAPI type 'string' with format '' to KCL type
2025/03/08 14:37:09 mapped to KCL type: str
2025/03/08 14:37:09 field type has type: string
2025/03/08 14:37:09 converting OpenAPI type 'string' with format '' to KCL type
2025/03/08 14:37:09 mapped to KCL type: str
2025/03/08 14:37:09 field code has type: integer
2025/03/08 14:37:09 converting OpenAPI type 'integer' with format 'int32' to KCL type
2025/03/08 14:37:09 mapped to KCL type: int
2025/03/08 14:37:09 field message has type: string
2025/03/08 14:37:09 converting OpenAPI type 'string' with format '' to KCL type
2025/03/08 14:37:09 mapped to KCL type: str
2025/03/08 14:37:09 field type has type: string
2025/03/08 14:37:09 converting OpenAPI type 'string' with format '' to KCL type
2025/03/08 14:37:09 mapped to KCL type: str
2025/03/08 14:37:09 generated 3 properties for schema ApiResponse
2025/03/08 14:37:09 Schema ApiResponse written to /tmp/kcl-oas-v2-test-1268243149/ApiResponse.k
2025/03/08 14:37:09 field createdAt has type: string
2025/03/08 14:37:09 converting OpenAPI type 'string' with format 'date-time' to KCL type
2025/03/08 14:37:09 mapped to KCL type: str
2025/03/08 14:37:09 field id has type: string
2025/03/08 14:37:09 converting OpenAPI type 'string' with format 'uuid' to KCL type
2025/03/08 14:37:09 mapped to KCL type: str
2025/03/08 14:37:09 field updatedAt has type: string
2025/03/08 14:37:09 converting OpenAPI type 'string' with format 'date-time' to KCL type
2025/03/08 14:37:09 mapped to KCL type: str
2025/03/08 14:37:09 field createdAt has type: string
2025/03/08 14:37:09 converting OpenAPI type 'string' with format 'date-time' to KCL type
2025/03/08 14:37:09 mapped to KCL type: str
2025/03/08 14:37:09 field id has type: string
2025/03/08 14:37:09 converting OpenAPI type 'string' with format 'uuid' to KCL type
2025/03/08 14:37:09 mapped to KCL type: str
2025/03/08 14:37:09 field updatedAt has type: string
2025/03/08 14:37:09 converting OpenAPI type 'string' with format 'date-time' to KCL type
2025/03/08 14:37:09 mapped to KCL type: str
2025/03/08 14:37:09 generated 3 properties for schema BaseObject
2025/03/08 14:37:09 Schema BaseObject written to /tmp/kcl-oas-v2-test-1268243149/BaseObject.k
2025/03/08 14:37:09 field id has type: integer
2025/03/08 14:37:09 converting OpenAPI type 'integer' with format 'int64' to KCL type
2025/03/08 14:37:09 mapped to KCL type: int
2025/03/08 14:37:09 field name has type: string
2025/03/08 14:37:09 converting OpenAPI type 'string' with format '' to KCL type
2025/03/08 14:37:09 mapped to KCL type: str
2025/03/08 14:37:09 field id has type: integer
2025/03/08 14:37:09 converting OpenAPI type 'integer' with format 'int64' to KCL type
2025/03/08 14:37:09 mapped to KCL type: int
2025/03/08 14:37:09 field name has type: string
2025/03/08 14:37:09 converting OpenAPI type 'string' with format '' to KCL type
2025/03/08 14:37:09 mapped to KCL type: str
2025/03/08 14:37:09 generated 2 properties for schema Category
2025/03/08 14:37:09 Schema Category written to /tmp/kcl-oas-v2-test-1268243149/Category.k
2025/03/08 14:37:09 field address has reference: #/components/schemas/Address
2025/03/08 14:37:09 extracted reference name: Address
2025/03/08 14:37:09 formatted reference name: Address
2025/03/08 14:37:09 using reference Address for field address
2025/03/08 14:37:09 field createdAt has type: string
2025/03/08 14:37:09 converting OpenAPI type 'string' with format 'date-time' to KCL type
2025/03/08 14:37:09 mapped to KCL type: str
2025/03/08 14:37:09 field email has type: string
2025/03/08 14:37:09 converting OpenAPI type 'string' with format 'email' to KCL type
2025/03/08 14:37:09 mapped to KCL type: str
2025/03/08 14:37:09 field firstName has type: string
2025/03/08 14:37:09 converting OpenAPI type 'string' with format '' to KCL type
2025/03/08 14:37:09 mapped to KCL type: str
2025/03/08 14:37:09 field id has type: string
2025/03/08 14:37:09 converting OpenAPI type 'string' with format 'uuid' to KCL type
2025/03/08 14:37:09 mapped to KCL type: str
2025/03/08 14:37:09 field lastName has type: string
2025/03/08 14:37:09 converting OpenAPI type 'string' with format '' to KCL type
2025/03/08 14:37:09 mapped to KCL type: str
2025/03/08 14:37:09 field phone has type: string
2025/03/08 14:37:09 converting OpenAPI type 'string' with format '' to KCL type
2025/03/08 14:37:09 mapped to KCL type: str
2025/03/08 14:37:09 field updatedAt has type: string
2025/03/08 14:37:09 converting OpenAPI type 'string' with format 'date-time' to KCL type
2025/03/08 14:37:09 mapped to KCL type: str
2025/03/08 14:37:09 field address has reference: #/components/schemas/Address
2025/03/08 14:37:09 extracted reference name: Address
2025/03/08 14:37:09 formatted reference name: Address
2025/03/08 14:37:09 using reference Address for field address
2025/03/08 14:37:09 field createdAt has type: string
2025/03/08 14:37:09 converting OpenAPI type 'string' with format 'date-time' to KCL type
2025/03/08 14:37:09 mapped to KCL type: str
2025/03/08 14:37:09 field email has type: string
2025/03/08 14:37:09 converting OpenAPI type 'string' with format 'email' to KCL type
2025/03/08 14:37:09 mapped to KCL type: str
2025/03/08 14:37:09 field firstName has type: string
2025/03/08 14:37:09 converting OpenAPI type 'string' with format '' to KCL type
2025/03/08 14:37:09 mapped to KCL type: str
2025/03/08 14:37:09 field id has type: string
2025/03/08 14:37:09 converting OpenAPI type 'string' with format 'uuid' to KCL type
2025/03/08 14:37:09 mapped to KCL type: str
2025/03/08 14:37:09 field lastName has type: string
2025/03/08 14:37:09 converting OpenAPI type 'string' with format '' to KCL type
2025/03/08 14:37:09 mapped to KCL type: str
2025/03/08 14:37:09 field phone has type: string
2025/03/08 14:37:09 converting OpenAPI type 'string' with format '' to KCL type
2025/03/08 14:37:09 mapped to KCL type: str
2025/03/08 14:37:09 field updatedAt has type: string
2025/03/08 14:37:09 converting OpenAPI type 'string' with format 'date-time' to KCL type
2025/03/08 14:37:09 mapped to KCL type: str
2025/03/08 14:37:09 generated 8 properties for schema Customer
2025/03/08 14:37:09 Schema Customer written to /tmp/kcl-oas-v2-test-1268243149/Customer.k
2025/03/08 14:37:09 field type has type: string
2025/03/08 14:37:09 converting OpenAPI type 'string' with format '' to KCL type
2025/03/08 14:37:09 mapped to KCL type: str
2025/03/08 14:37:09 field value has type: string
2025/03/08 14:37:09 converting OpenAPI type 'string' with format '' to KCL type
2025/03/08 14:37:09 mapped to KCL type: str
2025/03/08 14:37:09 field type has type: string
2025/03/08 14:37:09 converting OpenAPI type 'string' with format '' to KCL type
2025/03/08 14:37:09 mapped to KCL type: str
2025/03/08 14:37:09 field value has type: string
2025/03/08 14:37:09 converting OpenAPI type 'string' with format '' to KCL type
2025/03/08 14:37:09 mapped to KCL type: str
2025/03/08 14:37:09 generated 2 properties for schema Mixed
2025/03/08 14:37:09 Schema Mixed written to /tmp/kcl-oas-v2-test-1268243149/Mixed.k
2025/03/08 14:37:09 field anyOf has type: string
2025/03/08 14:37:09 converting OpenAPI type 'string' with format '' to KCL type
2025/03/08 14:37:09 mapped to KCL type: str
2025/03/08 14:37:09 field anyOf has type: string
2025/03/08 14:37:09 converting OpenAPI type 'string' with format '' to KCL type
2025/03/08 14:37:09 mapped to KCL type: str
2025/03/08 14:37:09 generated 1 properties for schema Multi
2025/03/08 14:37:09 Schema Multi written to /tmp/kcl-oas-v2-test-1268243149/Multi.k
2025/03/08 14:37:09 field createdAt has type: string
2025/03/08 14:37:09 converting OpenAPI type 'string' with format 'date-time' to KCL type
2025/03/08 14:37:09 mapped to KCL type: str
2025/03/08 14:37:09 field customer has reference: #/components/schemas/Customer
2025/03/08 14:37:09 extracted reference name: Customer
2025/03/08 14:37:09 formatted reference name: Customer
2025/03/08 14:37:09 using reference Customer for field customer
2025/03/08 14:37:09 field id has type: string
2025/03/08 14:37:09 converting OpenAPI type 'string' with format 'uuid' to KCL type
2025/03/08 14:37:09 mapped to KCL type: str
2025/03/08 14:37:09 field items has type: array
2025/03/08 14:37:09 processing array items for field items
2025/03/08 14:37:09 field item has reference: #/components/schemas/OrderItem
2025/03/08 14:37:09 extracted reference name: OrderItem
2025/03/08 14:37:09 formatted reference name: OrderItem
2025/03/08 14:37:09 using reference OrderItem for field item
2025/03/08 14:37:09 array item type for field items: OrderItem (ref: OrderItem)
2025/03/08 14:37:09 field items.items has reference: #/components/schemas/OrderItem
2025/03/08 14:37:09 extracted reference name: OrderItem
2025/03/08 14:37:09 formatted reference name: OrderItem
2025/03/08 14:37:09 using reference OrderItem for field items.items
2025/03/08 14:37:09 field status has type: string
2025/03/08 14:37:09 converting OpenAPI type 'string' with format '' to KCL type
2025/03/08 14:37:09 mapped to KCL type: str
2025/03/08 14:37:09 field totalAmount has type: number
2025/03/08 14:37:09 converting OpenAPI type 'number' with format 'float' to KCL type
2025/03/08 14:37:09 mapped to KCL type: float
2025/03/08 14:37:09 field createdAt has type: string
2025/03/08 14:37:09 converting OpenAPI type 'string' with format 'date-time' to KCL type
2025/03/08 14:37:09 mapped to KCL type: str
2025/03/08 14:37:09 field customer has reference: #/components/schemas/Customer
2025/03/08 14:37:09 extracted reference name: Customer
2025/03/08 14:37:09 formatted reference name: Customer
2025/03/08 14:37:09 using reference Customer for field customer
2025/03/08 14:37:09 field id has type: string
2025/03/08 14:37:09 converting OpenAPI type 'string' with format 'uuid' to KCL type
2025/03/08 14:37:09 mapped to KCL type: str
2025/03/08 14:37:09 field items has type: array
2025/03/08 14:37:09 processing array items for field items
2025/03/08 14:37:09 field item has reference: #/components/schemas/OrderItem
2025/03/08 14:37:09 extracted reference name: OrderItem
2025/03/08 14:37:09 formatted reference name: OrderItem
2025/03/08 14:37:09 using reference OrderItem for field item
2025/03/08 14:37:09 array item type for field items: OrderItem (ref: OrderItem)
2025/03/08 14:37:09 field status has type: string
2025/03/08 14:37:09 converting OpenAPI type 'string' with format '' to KCL type
2025/03/08 14:37:09 mapped to KCL type: str
2025/03/08 14:37:09 field totalAmount has type: number
2025/03/08 14:37:09 converting OpenAPI type 'number' with format 'float' to KCL type
2025/03/08 14:37:09 mapped to KCL type: float
2025/03/08 14:37:09 generated 6 properties for schema Order
2025/03/08 14:37:09 Schema Order written to /tmp/kcl-oas-v2-test-1268243149/Order.k
2025/03/08 14:37:09 field product has reference: #/components/schemas/Product
2025/03/08 14:37:09 extracted reference name: Product
2025/03/08 14:37:09 formatted reference name: Product
2025/03/08 14:37:09 using reference Product for field product
2025/03/08 14:37:09 field quantity has type: integer
2025/03/08 14:37:09 converting OpenAPI type 'integer' with format '' to KCL type
2025/03/08 14:37:09 mapped to KCL type: int
2025/03/08 14:37:09 field unitPrice has type: number
2025/03/08 14:37:09 converting OpenAPI type 'number' with format 'float' to KCL type
2025/03/08 14:37:09 mapped to KCL type: float
2025/03/08 14:37:09 field product has reference: #/components/schemas/Product
2025/03/08 14:37:09 extracted reference name: Product
2025/03/08 14:37:09 formatted reference name: Product
2025/03/08 14:37:09 using reference Product for field product
2025/03/08 14:37:09 field quantity has type: integer
2025/03/08 14:37:09 converting OpenAPI type 'integer' with format '' to KCL type
2025/03/08 14:37:09 mapped to KCL type: int
2025/03/08 14:37:09 field unitPrice has type: number
2025/03/08 14:37:09 converting OpenAPI type 'number' with format 'float' to KCL type
2025/03/08 14:37:09 mapped to KCL type: float
2025/03/08 14:37:09 generated 3 properties for schema OrderItem
2025/03/08 14:37:09 Schema OrderItem written to /tmp/kcl-oas-v2-test-1268243149/OrderItem.k
2025/03/08 14:37:09 field category has reference: #/components/schemas/Category
2025/03/08 14:37:09 extracted reference name: Category
2025/03/08 14:37:09 formatted reference name: Category
2025/03/08 14:37:09 using reference Category for field category
2025/03/08 14:37:09 field createdAt has type: string
2025/03/08 14:37:09 converting OpenAPI type 'string' with format 'date-time' to KCL type
2025/03/08 14:37:09 mapped to KCL type: str
2025/03/08 14:37:09 field description has type: string
2025/03/08 14:37:09 converting OpenAPI type 'string' with format '' to KCL type
2025/03/08 14:37:09 mapped to KCL type: str
2025/03/08 14:37:09 field id has type: string
2025/03/08 14:37:09 converting OpenAPI type 'string' with format 'uuid' to KCL type
2025/03/08 14:37:09 mapped to KCL type: str
2025/03/08 14:37:09 field name has type: string
2025/03/08 14:37:09 converting OpenAPI type 'string' with format '' to KCL type
2025/03/08 14:37:09 mapped to KCL type: str
2025/03/08 14:37:09 field price has type: number
2025/03/08 14:37:09 converting OpenAPI type 'number' with format 'float' to KCL type
2025/03/08 14:37:09 mapped to KCL type: float
2025/03/08 14:37:09 field updatedAt has type: string
2025/03/08 14:37:09 converting OpenAPI type 'string' with format 'date-time' to KCL type
2025/03/08 14:37:09 mapped to KCL type: str
2025/03/08 14:37:09 field category has reference: #/components/schemas/Category
2025/03/08 14:37:09 extracted reference name: Category
2025/03/08 14:37:09 formatted reference name: Category
2025/03/08 14:37:09 using reference Category for field category
2025/03/08 14:37:09 field createdAt has type: string
2025/03/08 14:37:09 converting OpenAPI type 'string' with format 'date-time' to KCL type
2025/03/08 14:37:09 mapped to KCL type: str
2025/03/08 14:37:09 field description has type: string
2025/03/08 14:37:09 converting OpenAPI type 'string' with format '' to KCL type
2025/03/08 14:37:09 mapped to KCL type: str
2025/03/08 14:37:09 field id has type: string
2025/03/08 14:37:09 converting OpenAPI type 'string' with format 'uuid' to KCL type
2025/03/08 14:37:09 mapped to KCL type: str
2025/03/08 14:37:09 field name has type: string
2025/03/08 14:37:09 converting OpenAPI type 'string' with format '' to KCL type
2025/03/08 14:37:09 mapped to KCL type: str
2025/03/08 14:37:09 field price has type: number
2025/03/08 14:37:09 converting OpenAPI type 'number' with format 'float' to KCL type
2025/03/08 14:37:09 mapped to KCL type: float
2025/03/08 14:37:09 field updatedAt has type: string
2025/03/08 14:37:09 converting OpenAPI type 'string' with format 'date-time' to KCL type
2025/03/08 14:37:09 mapped to KCL type: str
2025/03/08 14:37:09 generated 7 properties for schema Product
2025/03/08 14:37:09 Schema Product written to /tmp/kcl-oas-v2-test-1268243149/Product.k
2025/03/08 14:37:09 generating main.k file with 10 schema imports
2025/03/08 14:37:09 successfully generated KCL schemas in /tmp/kcl-oas-v2-test-1268243149
    oas_test.go:161: Generated 11 KCL files
    oas_test.go:163: Generated file: Address.k
    oas_test.go:163: Generated file: ApiResponse.k
    oas_test.go:163: Generated file: BaseObject.k
    oas_test.go:163: Generated file: Category.k
    oas_test.go:163: Generated file: Customer.k
    oas_test.go:163: Generated file: Mixed.k
    oas_test.go:163: Generated file: Multi.k
    oas_test.go:163: Generated file: Order.k
    oas_test.go:163: Generated file: OrderItem.k
    oas_test.go:163: Generated file: Product.k
    oas_test.go:163: Generated file: main.k
    oas_test.go:204: KCL validation output: Testing validation of payload.json against KCL schemas from OpenAPI 2.0
        Error: error[E1001]: InvalidSyntax
         [1;38;5;12m-->[0m /tmp/kcl-oas-v2-test-1268243149/Address.k:7:12
        [1;38;5;12m  |[0m
        [1;38;5;12m7 |[0m     state ?= str
        [1;38;5;12m  |[0m[1;38;5;9m            ^[0m [1;38;5;9mexpected one of [":"] got =[0m
        [1;38;5;12m  |[0m
        
        
        error[E1001]: InvalidSyntax
         [1;38;5;12m-->[0m /tmp/kcl-oas-v2-test-1268243149/Address.k:9:14
        [1;38;5;12m  |[0m
        [1;38;5;12m9 |[0m     zipCode ?= str
        [1;38;5;12m  |[0m[1;38;5;9m              ^[0m [1;38;5;9mexpected one of [":"] got =[0m
        [1;38;5;12m  |[0m
        
        
        error[E1001]: InvalidSyntax
         [1;38;5;12m-->[0m /tmp/kcl-oas-v2-test-1268243149/ApiResponse.k:5:11
        [1;38;5;12m  |[0m
        [1;38;5;12m5 |[0m     code ?= int
        [1;38;5;12m  |[0m[1;38;5;9m           ^[0m [1;38;5;9mexpected one of [":"] got =[0m
        [1;38;5;12m  |[0m
        
        
        error[E1001]: InvalidSyntax
         [1;38;5;12m-->[0m /tmp/kcl-oas-v2-test-1268243149/ApiResponse.k:6:14
        [1;38;5;12m  |[0m
        [1;38;5;12m6 |[0m     message ?= str
        [1;38;5;12m  |[0m[1;38;5;9m              ^[0m [1;38;5;9mexpected one of [":"] got =[0m
        [1;38;5;12m  |[0m
        
        
        error[E1001]: InvalidSyntax
         [1;38;5;12m-->[0m /tmp/kcl-oas-v2-test-1268243149/ApiResponse.k:7:11
        [1;38;5;12m  |[0m
        [1;38;5;12m7 |[0m     type ?= str
        [1;38;5;12m  |[0m[1;38;5;9m           ^[0m [1;38;5;9mexpected one of [":"] got =[0m
        [1;38;5;12m  |[0m
        
        
        error[E1001]: InvalidSyntax
         [1;38;5;12m-->[0m /tmp/kcl-oas-v2-test-1268243149/BaseObject.k:6:16
        [1;38;5;12m  |[0m
        [1;38;5;12m6 |[0m     createdAt ?= str
        [1;38;5;12m  |[0m[1;38;5;9m                ^[0m [1;38;5;9mexpected one of [":"] got =[0m
        [1;38;5;12m  |[0m
        
        
        error[E1001]: InvalidSyntax
         [1;38;5;12m-->[0m /tmp/kcl-oas-v2-test-1268243149/BaseObject.k:8:9
        [1;38;5;12m  |[0m
        [1;38;5;12m8 |[0m     id ?= str
        [1;38;5;12m  |[0m[1;38;5;9m         ^[0m [1;38;5;9mexpected one of [":"] got =[0m
        [1;38;5;12m  |[0m
        
        
        error[E1001]: InvalidSyntax
          [1;38;5;12m-->[0m /tmp/kcl-oas-v2-test-1268243149/BaseObject.k:10:16
        [1;38;5;12m   |[0m
        [1;38;5;12m10 |[0m     updatedAt ?= str
        [1;38;5;12m   |[0m[1;38;5;9m                ^[0m [1;38;5;9mexpected one of [":"] got =[0m
        [1;38;5;12m   |[0m
        
        
        error[E1001]: InvalidSyntax
         [1;38;5;12m-->[0m /tmp/kcl-oas-v2-test-1268243149/Category.k:5:9
        [1;38;5;12m  |[0m
        [1;38;5;12m5 |[0m     id ?= int
        [1;38;5;12m  |[0m[1;38;5;9m         ^[0m [1;38;5;9mexpected one of [":"] got =[0m
        [1;38;5;12m  |[0m
        
        
        error[E1001]: InvalidSyntax
         [1;38;5;12m-->[0m /tmp/kcl-oas-v2-test-1268243149/Category.k:6:11
        [1;38;5;12m  |[0m
        [1;38;5;12m6 |[0m     name ?= str
        [1;38;5;12m  |[0m[1;38;5;9m           ^[0m [1;38;5;9mexpected one of [":"] got =[0m
        [1;38;5;12m  |[0m
        
        
        error[E1001]: InvalidSyntax
         [1;38;5;12m-->[0m /tmp/kcl-oas-v2-test-1268243149/Customer.k:5:14
        [1;38;5;12m  |[0m
        [1;38;5;12m5 |[0m     address ?= Address
        [1;38;5;12m  |[0m[1;38;5;9m              ^[0m [1;38;5;9mexpected one of [":"] got =[0m
        [1;38;5;12m  |[0m
        
        
        error[E1001]: InvalidSyntax
         [1;38;5;12m-->[0m /tmp/kcl-oas-v2-test-1268243149/Customer.k:7:16
        [1;38;5;12m  |[0m
        [1;38;5;12m7 |[0m     createdAt ?= str
        [1;38;5;12m  |[0m[1;38;5;9m                ^[0m [1;38;5;9mexpected one of [":"] got =[0m
        [1;38;5;12m  |[0m
        
        
        error[E1001]: InvalidSyntax
          [1;38;5;12m-->[0m /tmp/kcl-oas-v2-test-1268243149/Customer.k:11:9
        [1;38;5;12m   |[0m
        [1;38;5;12m11 |[0m     id ?= str
        [1;38;5;12m   |[0m[1;38;5;9m         ^[0m [1;38;5;9mexpected one of [":"] got =[0m
        [1;38;5;12m   |[0m
        
        
        error[E1001]: InvalidSyntax
          [1;38;5;12m-->[0m /tmp/kcl-oas-v2-test-1268243149/Customer.k:13:12
        [1;38;5;12m   |[0m
        [1;38;5;12m13 |[0m     phone ?= str
        [1;38;5;12m   |[0m[1;38;5;9m            ^[0m [1;38;5;9mexpected one of [":"] got =[0m
        [1;38;5;12m   |[0m
        
        
        error[E1001]: InvalidSyntax
          [1;38;5;12m-->[0m /tmp/kcl-oas-v2-test-1268243149/Customer.k:15:16
        [1;38;5;12m   |[0m
        [1;38;5;12m15 |[0m     updatedAt ?= str
        [1;38;5;12m   |[0m[1;38;5;9m                ^[0m [1;38;5;9mexpected one of [":"] got =[0m
        [1;38;5;12m   |[0m
        
        
        error[E1001]: InvalidSyntax
         [1;38;5;12m-->[0m /tmp/kcl-oas-v2-test-1268243149/Mixed.k:6:12
        [1;38;5;12m  |[0m
        [1;38;5;12m6 |[0m     value ?= str
        [1;38;5;12m  |[0m[1;38;5;9m            ^[0m [1;38;5;9mexpected one of [":"] got =[0m
        [1;38;5;12m  |[0m
        
        
        error[E1001]: InvalidSyntax
         [1;38;5;12m-->[0m /tmp/kcl-oas-v2-test-1268243149/Multi.k:6:12
        [1;38;5;12m  |[0m
        [1;38;5;12m6 |[0m     anyOf ?= str
        [1;38;5;12m  |[0m[1;38;5;9m            ^[0m [1;38;5;9mexpected one of [":"] got =[0m
        [1;38;5;12m  |[0m
        
        
        error[E1001]: InvalidSyntax
         [1;38;5;12m-->[0m /tmp/kcl-oas-v2-test-1268243149/Order.k:5:16
        [1;38;5;12m  |[0m
        [1;38;5;12m5 |[0m     createdAt ?= str
        [1;38;5;12m  |[0m[1;38;5;9m                ^[0m [1;38;5;9mexpected one of [":"] got =[0m
        [1;38;5;12m  |[0m
        
        
        error[E1001]: InvalidSyntax
         [1;38;5;12m-->[0m /tmp/kcl-oas-v2-test-1268243149/Order.k:7:9
        [1;38;5;12m  |[0m
        [1;38;5;12m7 |[0m     id ?= str
        [1;38;5;12m  |[0m[1;38;5;9m         ^[0m [1;38;5;9mexpected one of [":"] got =[0m
        [1;38;5;12m  |[0m
        
        
        error[E1001]: InvalidSyntax
         [1;38;5;12m-->[0m /tmp/kcl-oas-v2-test-1268243149/Order.k:9:13
        [1;38;5;12m  |[0m
        [1;38;5;12m9 |[0m     status ?= str
        [1;38;5;12m  |[0m[1;38;5;9m             ^[0m [1;38;5;9mexpected one of [":"] got =[0m
        [1;38;5;12m  |[0m
        
        
        error[E1001]: InvalidSyntax
          [1;38;5;12m-->[0m /tmp/kcl-oas-v2-test-1268243149/Order.k:12:5
        [1;38;5;12m   |[0m
        [1;38;5;12m12 |[0m     totalAmount ?= float
        [1;38;5;12m   |[0m[1;38;5;9m     ^[0m [1;38;5;9mexpected one of ["dedent"] got identifier[0m
        [1;38;5;12m   |[0m
        
        
        error[E1001]: InvalidSyntax
          [1;38;5;12m-->[0m /tmp/kcl-oas-v2-test-1268243149/Order.k:12:17
        [1;38;5;12m   |[0m
        [1;38;5;12m12 |[0m     totalAmount ?= float
        [1;38;5;12m   |[0m[1;38;5;9m                 ^[0m [1;38;5;9munexpected token '?'[0m
        [1;38;5;12m   |[0m
        
        
        error[E1001]: InvalidSyntax
          [1;38;5;12m-->[0m /tmp/kcl-oas-v2-test-1268243149/Order.k:12:18
        [1;38;5;12m   |[0m
        [1;38;5;12m12 |[0m     totalAmount ?= float
        [1;38;5;12m   |[0m[1;38;5;9m                  ^[0m [1;38;5;9munexpected token '='[0m
        [1;38;5;12m   |[0m
        
        
        error[E1001]: InvalidSyntax
          [1;38;5;12m-->[0m /tmp/kcl-oas-v2-test-1268243149/Order.k:12:24
        [1;38;5;12m   |[0m
        [1;38;5;12m12 |[0m     totalAmount ?= float
        [1;38;5;12m   |[0m[1;38;5;9m                        ^[0m [1;38;5;9munexpected token 'dedent'[0m
        [1;38;5;12m   |[0m
        
        
        error[E1001]: InvalidSyntax
         [1;38;5;12m-->[0m /tmp/kcl-oas-v2-test-1268243149/OrderItem.k:9:5
        [1;38;5;12m  |[0m
        [1;38;5;12m9 |[0m     unitPrice = float
        [1;38;5;12m  |[0m[1;38;5;9m     ^[0m [1;38;5;9mexpected one of ["dedent"] got identifier[0m
        [1;38;5;12m  |[0m
        
        
        error[E1001]: InvalidSyntax
         [1;38;5;12m-->[0m /tmp/kcl-oas-v2-test-1268243149/OrderItem.k:9:15
        [1;38;5;12m  |[0m
        [1;38;5;12m9 |[0m     unitPrice = float
        [1;38;5;12m  |[0m[1;38;5;9m               ^[0m [1;38;5;9munexpected token '='[0m
        [1;38;5;12m  |[0m
        
        
        error[E1001]: InvalidSyntax
         [1;38;5;12m-->[0m /tmp/kcl-oas-v2-test-1268243149/OrderItem.k:9:21
        [1;38;5;12m  |[0m
        [1;38;5;12m9 |[0m     unitPrice = float
        [1;38;5;12m  |[0m[1;38;5;9m                     ^[0m [1;38;5;9munexpected token 'dedent'[0m
        [1;38;5;12m  |[0m
        
        
        error[E1001]: InvalidSyntax
         [1;38;5;12m-->[0m /tmp/kcl-oas-v2-test-1268243149/Product.k:7:16
        [1;38;5;12m  |[0m
        [1;38;5;12m7 |[0m     createdAt ?= str
        [1;38;5;12m  |[0m[1;38;5;9m                ^[0m [1;38;5;9mexpected one of [":"] got =[0m
        [1;38;5;12m  |[0m
        
        
        error[E1001]: InvalidSyntax
         [1;38;5;12m-->[0m /tmp/kcl-oas-v2-test-1268243149/Product.k:9:18
        [1;38;5;12m  |[0m
        [1;38;5;12m9 |[0m     description ?= str
        [1;38;5;12m  |[0m[1;38;5;9m                  ^[0m [1;38;5;9mexpected one of [":"] got =[0m
        [1;38;5;12m  |[0m
        
        
        error[E1001]: InvalidSyntax
          [1;38;5;12m-->[0m /tmp/kcl-oas-v2-test-1268243149/Product.k:11:9
        [1;38;5;12m   |[0m
        [1;38;5;12m11 |[0m     id ?= str
        [1;38;5;12m   |[0m[1;38;5;9m         ^[0m [1;38;5;9mexpected one of [":"] got =[0m
        [1;38;5;12m   |[0m
        
        
        error[E1001]: InvalidSyntax
          [1;38;5;12m-->[0m /tmp/kcl-oas-v2-test-1268243149/Product.k:19:5
        [1;38;5;12m   |[0m
        [1;38;5;12m19 |[0m     updatedAt ?= str
        [1;38;5;12m   |[0m[1;38;5;9m     ^[0m [1;38;5;9mexpected one of ["dedent"] got identifier[0m
        [1;38;5;12m   |[0m
        
        
        error[E1001]: InvalidSyntax
          [1;38;5;12m-->[0m /tmp/kcl-oas-v2-test-1268243149/Product.k:19:15
        [1;38;5;12m   |[0m
        [1;38;5;12m19 |[0m     updatedAt ?= str
        [1;38;5;12m   |[0m[1;38;5;9m               ^[0m [1;38;5;9munexpected token '?'[0m
        [1;38;5;12m   |[0m
        
        
        error[E1001]: InvalidSyntax
          [1;38;5;12m-->[0m /tmp/kcl-oas-v2-test-1268243149/Product.k:19:16
        [1;38;5;12m   |[0m
        [1;38;5;12m19 |[0m     updatedAt ?= str
        [1;38;5;12m   |[0m[1;38;5;9m                ^[0m [1;38;5;9munexpected token '='[0m
        [1;38;5;12m   |[0m
        
        
        error[E1001]: InvalidSyntax
          [1;38;5;12m-->[0m /tmp/kcl-oas-v2-test-1268243149/Product.k:19:20
        [1;38;5;12m   |[0m
        [1;38;5;12m19 |[0m     updatedAt ?= str
        [1;38;5;12m   |[0m[1;38;5;9m                    ^[0m [1;38;5;9munexpected token 'dedent'[0m
        [1;38;5;12m   |[0m
        
        
        error[E1001]: InvalidSyntax
         [1;38;5;12m-->[0m /tmp/kcl-oas-v2-test-1268243149/Address.k:7:12
        [1;38;5;12m  |[0m
        [1;38;5;12m7 |[0m     state ?= str
        [1;38;5;12m  |[0m[1;38;5;9m            ^[0m [1;38;5;9mexpected one of [":"] got =[0m
        [1;38;5;12m  |[0m
        
        
        error[E1001]: InvalidSyntax
         [1;38;5;12m-->[0m /tmp/kcl-oas-v2-test-1268243149/Address.k:9:14
        [1;38;5;12m  |[0m
        [1;38;5;12m9 |[0m     zipCode ?= str
        [1;38;5;12m  |[0m[1;38;5;9m              ^[0m [1;38;5;9mexpected one of [":"] got =[0m
        [1;38;5;12m  |[0m
        
        
        error[E1001]: InvalidSyntax
         [1;38;5;12m-->[0m /tmp/kcl-oas-v2-test-1268243149/ApiResponse.k:5:11
        [1;38;5;12m  |[0m
        [1;38;5;12m5 |[0m     code ?= int
        [1;38;5;12m  |[0m[1;38;5;9m           ^[0m [1;38;5;9mexpected one of [":"] got =[0m
        [1;38;5;12m  |[0m
        
        
        error[E1001]: InvalidSyntax
         [1;38;5;12m-->[0m /tmp/kcl-oas-v2-test-1268243149/ApiResponse.k:6:14
        [1;38;5;12m  |[0m
        [1;38;5;12m6 |[0m     message ?= str
        [1;38;5;12m  |[0m[1;38;5;9m              ^[0m [1;38;5;9mexpected one of [":"] got =[0m
        [1;38;5;12m  |[0m
        
        
        error[E1001]: InvalidSyntax
         [1;38;5;12m-->[0m /tmp/kcl-oas-v2-test-1268243149/ApiResponse.k:7:11
        [1;38;5;12m  |[0m
        [1;38;5;12m7 |[0m     type ?= str
        [1;38;5;12m  |[0m[1;38;5;9m           ^[0m [1;38;5;9mexpected one of [":"] got =[0m
        [1;38;5;12m  |[0m
        
        
        error[E1001]: InvalidSyntax
         [1;38;5;12m-->[0m /tmp/kcl-oas-v2-test-1268243149/BaseObject.k:6:16
        [1;38;5;12m  |[0m
        [1;38;5;12m6 |[0m     createdAt ?= str
        [1;38;5;12m  |[0m[1;38;5;9m                ^[0m [1;38;5;9mexpected one of [":"] got =[0m
        [1;38;5;12m  |[0m
        
        
        error[E1001]: InvalidSyntax
         [1;38;5;12m-->[0m /tmp/kcl-oas-v2-test-1268243149/BaseObject.k:8:9
        [1;38;5;12m  |[0m
        [1;38;5;12m8 |[0m     id ?= str
        [1;38;5;12m  |[0m[1;38;5;9m         ^[0m [1;38;5;9mexpected one of [":"] got =[0m
        [1;38;5;12m  |[0m
        
        
        error[E1001]: InvalidSyntax
          [1;38;5;12m-->[0m /tmp/kcl-oas-v2-test-1268243149/BaseObject.k:10:16
        [1;38;5;12m   |[0m
        [1;38;5;12m10 |[0m     updatedAt ?= str
        [1;38;5;12m   |[0m[1;38;5;9m                ^[0m [1;38;5;9mexpected one of [":"] got =[0m
        [1;38;5;12m   |[0m
        
        
        error[E1001]: InvalidSyntax
         [1;38;5;12m-->[0m /tmp/kcl-oas-v2-test-1268243149/Category.k:5:9
        [1;38;5;12m  |[0m
        [1;38;5;12m5 |[0m     id ?= int
        [1;38;5;12m  |[0m[1;38;5;9m         ^[0m [1;38;5;9mexpected one of [":"] got =[0m
        [1;38;5;12m  |[0m
        
        
        error[E1001]: InvalidSyntax
         [1;38;5;12m-->[0m /tmp/kcl-oas-v2-test-1268243149/Category.k:6:11
        [1;38;5;12m  |[0m
        [1;38;5;12m6 |[0m     name ?= str
        [1;38;5;12m  |[0m[1;38;5;9m           ^[0m [1;38;5;9mexpected one of [":"] got =[0m
        [1;38;5;12m  |[0m
        
        
        error[E1001]: InvalidSyntax
         [1;38;5;12m-->[0m /tmp/kcl-oas-v2-test-1268243149/Customer.k:5:14
        [1;38;5;12m  |[0m
        [1;38;5;12m5 |[0m     address ?= Address
        [1;38;5;12m  |[0m[1;38;5;9m              ^[0m [1;38;5;9mexpected one of [":"] got =[0m
        [1;38;5;12m  |[0m
        
        
        error[E1001]: InvalidSyntax
         [1;38;5;12m-->[0m /tmp/kcl-oas-v2-test-1268243149/Customer.k:7:16
        [1;38;5;12m  |[0m
        [1;38;5;12m7 |[0m     createdAt ?= str
        [1;38;5;12m  |[0m[1;38;5;9m                ^[0m [1;38;5;9mexpected one of [":"] got =[0m
        [1;38;5;12m  |[0m
        
        
        error[E1001]: InvalidSyntax
          [1;38;5;12m-->[0m /tmp/kcl-oas-v2-test-1268243149/Customer.k:11:9
        [1;38;5;12m   |[0m
        [1;38;5;12m11 |[0m     id ?= str
        [1;38;5;12m   |[0m[1;38;5;9m         ^[0m [1;38;5;9mexpected one of [":"] got =[0m
        [1;38;5;12m   |[0m
        
        
        error[E1001]: InvalidSyntax
          [1;38;5;12m-->[0m /tmp/kcl-oas-v2-test-1268243149/Customer.k:13:12
        [1;38;5;12m   |[0m
        [1;38;5;12m13 |[0m     phone ?= str
        [1;38;5;12m   |[0m[1;38;5;9m            ^[0m [1;38;5;9mexpected one of [":"] got =[0m
        [1;38;5;12m   |[0m
        
        
        error[E1001]: InvalidSyntax
          [1;38;5;12m-->[0m /tmp/kcl-oas-v2-test-1268243149/Customer.k:15:16
        [1;38;5;12m   |[0m
        [1;38;5;12m15 |[0m     updatedAt ?= str
        [1;38;5;12m   |[0m[1;38;5;9m                ^[0m [1;38;5;9mexpected one of [":"] got =[0m
        [1;38;5;12m   |[0m
        
        
        error[E1001]: InvalidSyntax
         [1;38;5;12m-->[0m /tmp/kcl-oas-v2-test-1268243149/Mixed.k:6:12
        [1;38;5;12m  |[0m
        [1;38;5;12m6 |[0m     value ?= str
        [1;38;5;12m  |[0m[1;38;5;9m            ^[0m [1;38;5;9mexpected one of [":"] got =[0m
        [1;38;5;12m  |[0m
        
        
        error[E1001]: InvalidSyntax
         [1;38;5;12m-->[0m /tmp/kcl-oas-v2-test-1268243149/Multi.k:6:12
        [1;38;5;12m  |[0m
        [1;38;5;12m6 |[0m     anyOf ?= str
        [1;38;5;12m  |[0m[1;38;5;9m            ^[0m [1;38;5;9mexpected one of [":"] got =[0m
        [1;38;5;12m  |[0m
        
        
        error[E1001]: InvalidSyntax
         [1;38;5;12m-->[0m /tmp/kcl-oas-v2-test-1268243149/Order.k:5:16
        [1;38;5;12m  |[0m
        [1;38;5;12m5 |[0m     createdAt ?= str
        [1;38;5;12m  |[0m[1;38;5;9m                ^[0m [1;38;5;9mexpected one of [":"] got =[0m
        [1;38;5;12m  |[0m
        
        
        error[E1001]: InvalidSyntax
         [1;38;5;12m-->[0m /tmp/kcl-oas-v2-test-1268243149/Order.k:7:9
        [1;38;5;12m  |[0m
        [1;38;5;12m7 |[0m     id ?= str
        [1;38;5;12m  |[0m[1;38;5;9m         ^[0m [1;38;5;9mexpected one of [":"] got =[0m
        [1;38;5;12m  |[0m
        
        
        error[E1001]: InvalidSyntax
         [1;38;5;12m-->[0m /tmp/kcl-oas-v2-test-1268243149/Order.k:9:13
        [1;38;5;12m  |[0m
        [1;38;5;12m9 |[0m     status ?= str
        [1;38;5;12m  |[0m[1;38;5;9m             ^[0m [1;38;5;9mexpected one of [":"] got =[0m
        [1;38;5;12m  |[0m
        
        
        error[E1001]: InvalidSyntax
          [1;38;5;12m-->[0m /tmp/kcl-oas-v2-test-1268243149/Order.k:12:5
        [1;38;5;12m   |[0m
        [1;38;5;12m12 |[0m     totalAmount ?= float
        [1;38;5;12m   |[0m[1;38;5;9m     ^[0m [1;38;5;9mexpected one of ["dedent"] got identifier[0m
        [1;38;5;12m   |[0m
        
        
        error[E1001]: InvalidSyntax
          [1;38;5;12m-->[0m /tmp/kcl-oas-v2-test-1268243149/Order.k:12:17
        [1;38;5;12m   |[0m
        [1;38;5;12m12 |[0m     totalAmount ?= float
        [1;38;5;12m   |[0m[1;38;5;9m                 ^[0m [1;38;5;9munexpected token '?'[0m
        [1;38;5;12m   |[0m
        
        
        error[E1001]: InvalidSyntax
          [1;38;5;12m-->[0m /tmp/kcl-oas-v2-test-1268243149/Order.k:12:18
        [1;38;5;12m   |[0m
        [1;38;5;12m12 |[0m     totalAmount ?= float
        [1;38;5;12m   |[0m[1;38;5;9m                  ^[0m [1;38;5;9munexpected token '='[0m
        [1;38;5;12m   |[0m
        
        
        error[E1001]: InvalidSyntax
          [1;38;5;12m-->[0m /tmp/kcl-oas-v2-test-1268243149/Order.k:12:24
        [1;38;5;12m   |[0m
        [1;38;5;12m12 |[0m     totalAmount ?= float
        [1;38;5;12m   |[0m[1;38;5;9m                        ^[0m [1;38;5;9munexpected token 'dedent'[0m
        [1;38;5;12m   |[0m
        
        
        error[E1001]: InvalidSyntax
         [1;38;5;12m-->[0m /tmp/kcl-oas-v2-test-1268243149/OrderItem.k:9:5
        [1;38;5;12m  |[0m
        [1;38;5;12m9 |[0m     unitPrice = float
        [1;38;5;12m  |[0m[1;38;5;9m     ^[0m [1;38;5;9mexpected one of ["dedent"] got identifier[0m
        [1;38;5;12m  |[0m
        
        
        error[E1001]: InvalidSyntax
         [1;38;5;12m-->[0m /tmp/kcl-oas-v2-test-1268243149/OrderItem.k:9:15
        [1;38;5;12m  |[0m
        [1;38;5;12m9 |[0m     unitPrice = float
        [1;38;5;12m  |[0m[1;38;5;9m               ^[0m [1;38;5;9munexpected token '='[0m
        [1;38;5;12m  |[0m
        
        
        error[E1001]: InvalidSyntax
         [1;38;5;12m-->[0m /tmp/kcl-oas-v2-test-1268243149/OrderItem.k:9:21
        [1;38;5;12m  |[0m
        [1;38;5;12m9 |[0m     unitPrice = float
        [1;38;5;12m  |[0m[1;38;5;9m                     ^[0m [1;38;5;9munexpected token 'dedent'[0m
        [1;38;5;12m  |[0m
        
        
        error[E1001]: InvalidSyntax
         [1;38;5;12m-->[0m /tmp/kcl-oas-v2-test-1268243149/Product.k:7:16
        [1;38;5;12m  |[0m
        [1;38;5;12m7 |[0m     createdAt ?= str
        [1;38;5;12m  |[0m[1;38;5;9m                ^[0m [1;38;5;9mexpected one of [":"] got =[0m
        [1;38;5;12m  |[0m
        
        
        error[E1001]: InvalidSyntax
         [1;38;5;12m-->[0m /tmp/kcl-oas-v2-test-1268243149/Product.k:9:18
        [1;38;5;12m  |[0m
        [1;38;5;12m9 |[0m     description ?= str
        [1;38;5;12m  |[0m[1;38;5;9m                  ^[0m [1;38;5;9mexpected one of [":"] got =[0m
        [1;38;5;12m  |[0m
        
        
        error[E1001]: InvalidSyntax
          [1;38;5;12m-->[0m /tmp/kcl-oas-v2-test-1268243149/Product.k:11:9
        [1;38;5;12m   |[0m
        [1;38;5;12m11 |[0m     id ?= str
        [1;38;5;12m   |[0m[1;38;5;9m         ^[0m [1;38;5;9mexpected one of [":"] got =[0m
        [1;38;5;12m   |[0m
        
        
        error[E1001]: InvalidSyntax
          [1;38;5;12m-->[0m /tmp/kcl-oas-v2-test-1268243149/Product.k:19:5
        [1;38;5;12m   |[0m
        [1;38;5;12m19 |[0m     updatedAt ?= str
        [1;38;5;12m   |[0m[1;38;5;9m     ^[0m [1;38;5;9mexpected one of ["dedent"] got identifier[0m
        [1;38;5;12m   |[0m
        
        
        error[E1001]: InvalidSyntax
          [1;38;5;12m-->[0m /tmp/kcl-oas-v2-test-1268243149/Product.k:19:15
        [1;38;5;12m   |[0m
        [1;38;5;12m19 |[0m     updatedAt ?= str
        [1;38;5;12m   |[0m[1;38;5;9m               ^[0m [1;38;5;9munexpected token '?'[0m
        [1;38;5;12m   |[0m
        
        
        error[E1001]: InvalidSyntax
          [1;38;5;12m-->[0m /tmp/kcl-oas-v2-test-1268243149/Product.k:19:16
        [1;38;5;12m   |[0m
        [1;38;5;12m19 |[0m     updatedAt ?= str
        [1;38;5;12m   |[0m[1;38;5;9m                ^[0m [1;38;5;9munexpected token '='[0m
        [1;38;5;12m   |[0m
        
        
        error[E1001]: InvalidSyntax
          [1;38;5;12m-->[0m /tmp/kcl-oas-v2-test-1268243149/Product.k:19:20
        [1;38;5;12m   |[0m
        [1;38;5;12m19 |[0m     updatedAt ?= str
        [1;38;5;12m   |[0m[1;38;5;9m                    ^[0m [1;38;5;9munexpected token 'dedent'[0m
        [1;38;5;12m   |[0m
        
        
        error[E2G22]: TypeError
         [1;38;5;12m-->[0m /tmp/kcl-oas-v2-test-1268243149/OrderItem.k:8:9
        [1;38;5;12m  |[0m
        [1;38;5;12m8 |[0m         quantity >= 1
        [1;38;5;12m  |[0m[1;38;5;9m         ^[0m [1;38;5;9munsupported operand type(s) for >=: '(any, int) -> int' and 'int(1)'[0m
        [1;38;5;12m  |[0m
        
        
        error[E2G22]: TypeError
          [1;38;5;12m-->[0m /tmp/kcl-oas-v2-test-1268243149/Product.k:17:9
        [1;38;5;12m   |[0m
        [1;38;5;12m17 |[0m         price >= 0
        [1;38;5;12m   |[0m[1;38;5;9m         ^[0m [1;38;5;9munsupported operand type(s) for >=: '(any) -> float' and 'int(0)'[0m
        [1;38;5;12m   |[0m
        
        
        Validation failed with exit code: 1
    oas_test.go:205: 
        	Error Trace:	/home/tridentsx/src/oas2kcl/openapikcl/oas_test.go:205
        	Error:      	Received unexpected error:
        	            	exit status 1
        	Test:       	TestOASOpenAPI2Generation/Complex_Schema_OpenAPI_2.0
        	Messages:   	KCL validation failed: Testing validation of payload.json against KCL schemas from OpenAPI 2.0
        	            	Error: error[E1001]: InvalidSyntax
        	            	 [1;38;5;12m-->[0m /tmp/kcl-oas-v2-test-1268243149/Address.k:7:12
        	            	[1;38;5;12m  |[0m
        	            	[1;38;5;12m7 |[0m     state ?= str
        	            	[1;38;5;12m  |[0m[1;38;5;9m            ^[0m [1;38;5;9mexpected one of [":"] got =[0m
        	            	[1;38;5;12m  |[0m
        	            	
        	            	
        	            	error[E1001]: InvalidSyntax
        	            	 [1;38;5;12m-->[0m /tmp/kcl-oas-v2-test-1268243149/Address.k:9:14
        	            	[1;38;5;12m  |[0m
        	            	[1;38;5;12m9 |[0m     zipCode ?= str
        	            	[1;38;5;12m  |[0m[1;38;5;9m              ^[0m [1;38;5;9mexpected one of [":"] got =[0m
        	            	[1;38;5;12m  |[0m
        	            	
        	            	
        	            	error[E1001]: InvalidSyntax
        	            	 [1;38;5;12m-->[0m /tmp/kcl-oas-v2-test-1268243149/ApiResponse.k:5:11
        	            	[1;38;5;12m  |[0m
        	            	[1;38;5;12m5 |[0m     code ?= int
        	            	[1;38;5;12m  |[0m[1;38;5;9m           ^[0m [1;38;5;9mexpected one of [":"] got =[0m
        	            	[1;38;5;12m  |[0m
        	            	
        	            	
        	            	error[E1001]: InvalidSyntax
        	            	 [1;38;5;12m-->[0m /tmp/kcl-oas-v2-test-1268243149/ApiResponse.k:6:14
        	            	[1;38;5;12m  |[0m
        	            	[1;38;5;12m6 |[0m     message ?= str
        	            	[1;38;5;12m  |[0m[1;38;5;9m              ^[0m [1;38;5;9mexpected one of [":"] got =[0m
        	            	[1;38;5;12m  |[0m
        	            	
        	            	
        	            	error[E1001]: InvalidSyntax
        	            	 [1;38;5;12m-->[0m /tmp/kcl-oas-v2-test-1268243149/ApiResponse.k:7:11
        	            	[1;38;5;12m  |[0m
        	            	[1;38;5;12m7 |[0m     type ?= str
        	            	[1;38;5;12m  |[0m[1;38;5;9m           ^[0m [1;38;5;9mexpected one of [":"] got =[0m
        	            	[1;38;5;12m  |[0m
        	            	
        	            	
        	            	error[E1001]: InvalidSyntax
        	            	 [1;38;5;12m-->[0m /tmp/kcl-oas-v2-test-1268243149/BaseObject.k:6:16
        	            	[1;38;5;12m  |[0m
        	            	[1;38;5;12m6 |[0m     createdAt ?= str
        	            	[1;38;5;12m  |[0m[1;38;5;9m                ^[0m [1;38;5;9mexpected one of [":"] got =[0m
        	            	[1;38;5;12m  |[0m
        	            	
        	            	
        	            	error[E1001]: InvalidSyntax
        	            	 [1;38;5;12m-->[0m /tmp/kcl-oas-v2-test-1268243149/BaseObject.k:8:9
        	            	[1;38;5;12m  |[0m
        	            	[1;38;5;12m8 |[0m     id ?= str
        	            	[1;38;5;12m  |[0m[1;38;5;9m         ^[0m [1;38;5;9mexpected one of [":"] got =[0m
        	            	[1;38;5;12m  |[0m
        	            	
        	            	
        	            	error[E1001]: InvalidSyntax
        	            	  [1;38;5;12m-->[0m /tmp/kcl-oas-v2-test-1268243149/BaseObject.k:10:16
        	            	[1;38;5;12m   |[0m
        	            	[1;38;5;12m10 |[0m     updatedAt ?= str
        	            	[1;38;5;12m   |[0m[1;38;5;9m                ^[0m [1;38;5;9mexpected one of [":"] got =[0m
        	            	[1;38;5;12m   |[0m
        	            	
        	            	
        	            	error[E1001]: InvalidSyntax
        	            	 [1;38;5;12m-->[0m /tmp/kcl-oas-v2-test-1268243149/Category.k:5:9
        	            	[1;38;5;12m  |[0m
        	            	[1;38;5;12m5 |[0m     id ?= int
        	            	[1;38;5;12m  |[0m[1;38;5;9m         ^[0m [1;38;5;9mexpected one of [":"] got =[0m
        	            	[1;38;5;12m  |[0m
        	            	
        	            	
        	            	error[E1001]: InvalidSyntax
        	            	 [1;38;5;12m-->[0m /tmp/kcl-oas-v2-test-1268243149/Category.k:6:11
        	            	[1;38;5;12m  |[0m
        	            	[1;38;5;12m6 |[0m     name ?= str
        	            	[1;38;5;12m  |[0m[1;38;5;9m           ^[0m [1;38;5;9mexpected one of [":"] got =[0m
        	            	[1;38;5;12m  |[0m
        	            	
        	            	
        	            	error[E1001]: InvalidSyntax
        	            	 [1;38;5;12m-->[0m /tmp/kcl-oas-v2-test-1268243149/Customer.k:5:14
        	            	[1;38;5;12m  |[0m
        	            	[1;38;5;12m5 |[0m     address ?= Address
        	            	[1;38;5;12m  |[0m[1;38;5;9m              ^[0m [1;38;5;9mexpected one of [":"] got =[0m
        	            	[1;38;5;12m  |[0m
        	            	
        	            	
        	            	error[E1001]: InvalidSyntax
        	            	 [1;38;5;12m-->[0m /tmp/kcl-oas-v2-test-1268243149/Customer.k:7:16
        	            	[1;38;5;12m  |[0m
        	            	[1;38;5;12m7 |[0m     createdAt ?= str
        	            	[1;38;5;12m  |[0m[1;38;5;9m                ^[0m [1;38;5;9mexpected one of [":"] got =[0m
        	            	[1;38;5;12m  |[0m
        	            	
        	            	
        	            	error[E1001]: InvalidSyntax
        	            	  [1;38;5;12m-->[0m /tmp/kcl-oas-v2-test-1268243149/Customer.k:11:9
        	            	[1;38;5;12m   |[0m
        	            	[1;38;5;12m11 |[0m     id ?= str
        	            	[1;38;5;12m   |[0m[1;38;5;9m         ^[0m [1;38;5;9mexpected one of [":"] got =[0m
        	            	[1;38;5;12m   |[0m
        	            	
        	            	
        	            	error[E1001]: InvalidSyntax
        	            	  [1;38;5;12m-->[0m /tmp/kcl-oas-v2-test-1268243149/Customer.k:13:12
        	            	[1;38;5;12m   |[0m
        	            	[1;38;5;12m13 |[0m     phone ?= str
        	            	[1;38;5;12m   |[0m[1;38;5;9m            ^[0m [1;38;5;9mexpected one of [":"] got =[0m
        	            	[1;38;5;12m   |[0m
        	            	
        	            	
        	            	error[E1001]: InvalidSyntax
        	            	  [1;38;5;12m-->[0m /tmp/kcl-oas-v2-test-1268243149/Customer.k:15:16
        	            	[1;38;5;12m   |[0m
        	            	[1;38;5;12m15 |[0m     updatedAt ?= str
        	            	[1;38;5;12m   |[0m[1;38;5;9m                ^[0m [1;38;5;9mexpected one of [":"] got =[0m
        	            	[1;38;5;12m   |[0m
        	            	
        	            	
        	            	error[E1001]: InvalidSyntax
        	            	 [1;38;5;12m-->[0m /tmp/kcl-oas-v2-test-1268243149/Mixed.k:6:12
        	            	[1;38;5;12m  |[0m
        	            	[1;38;5;12m6 |[0m     value ?= str
        	            	[1;38;5;12m  |[0m[1;38;5;9m            ^[0m [1;38;5;9mexpected one of [":"] got =[0m
        	            	[1;38;5;12m  |[0m
        	            	
        	            	
        	            	error[E1001]: InvalidSyntax
        	            	 [1;38;5;12m-->[0m /tmp/kcl-oas-v2-test-1268243149/Multi.k:6:12
        	            	[1;38;5;12m  |[0m
        	            	[1;38;5;12m6 |[0m     anyOf ?= str
        	            	[1;38;5;12m  |[0m[1;38;5;9m            ^[0m [1;38;5;9mexpected one of [":"] got =[0m
        	            	[1;38;5;12m  |[0m
        	            	
        	            	
        	            	error[E1001]: InvalidSyntax
        	            	 [1;38;5;12m-->[0m /tmp/kcl-oas-v2-test-1268243149/Order.k:5:16
        	            	[1;38;5;12m  |[0m
        	            	[1;38;5;12m5 |[0m     createdAt ?= str
        	            	[1;38;5;12m  |[0m[1;38;5;9m                ^[0m [1;38;5;9mexpected one of [":"] got =[0m
        	            	[1;38;5;12m  |[0m
        	            	
        	            	
        	            	error[E1001]: InvalidSyntax
        	            	 [1;38;5;12m-->[0m /tmp/kcl-oas-v2-test-1268243149/Order.k:7:9
        	            	[1;38;5;12m  |[0m
        	            	[1;38;5;12m7 |[0m     id ?= str
        	            	[1;38;5;12m  |[0m[1;38;5;9m         ^[0m [1;38;5;9mexpected one of [":"] got =[0m
        	            	[1;38;5;12m  |[0m
        	            	
        	            	
        	            	error[E1001]: InvalidSyntax
        	            	 [1;38;5;12m-->[0m /tmp/kcl-oas-v2-test-1268243149/Order.k:9:13
        	            	[1;38;5;12m  |[0m
        	            	[1;38;5;12m9 |[0m     status ?= str
        	            	[1;38;5;12m  |[0m[1;38;5;9m             ^[0m [1;38;5;9mexpected one of [":"] got =[0m
        	            	[1;38;5;12m  |[0m
        	            	
        	            	
        	            	error[E1001]: InvalidSyntax
        	            	  [1;38;5;12m-->[0m /tmp/kcl-oas-v2-test-1268243149/Order.k:12:5
        	            	[1;38;5;12m   |[0m
        	            	[1;38;5;12m12 |[0m     totalAmount ?= float
        	            	[1;38;5;12m   |[0m[1;38;5;9m     ^[0m [1;38;5;9mexpected one of ["dedent"] got identifier[0m
        	            	[1;38;5;12m   |[0m
        	            	
        	            	
        	            	error[E1001]: InvalidSyntax
        	            	  [1;38;5;12m-->[0m /tmp/kcl-oas-v2-test-1268243149/Order.k:12:17
        	            	[1;38;5;12m   |[0m
        	            	[1;38;5;12m12 |[0m     totalAmount ?= float
        	            	[1;38;5;12m   |[0m[1;38;5;9m                 ^[0m [1;38;5;9munexpected token '?'[0m
        	            	[1;38;5;12m   |[0m
        	            	
        	            	
        	            	error[E1001]: InvalidSyntax
        	            	  [1;38;5;12m-->[0m /tmp/kcl-oas-v2-test-1268243149/Order.k:12:18
        	            	[1;38;5;12m   |[0m
        	            	[1;38;5;12m12 |[0m     totalAmount ?= float
        	            	[1;38;5;12m   |[0m[1;38;5;9m                  ^[0m [1;38;5;9munexpected token '='[0m
        	            	[1;38;5;12m   |[0m
        	            	
        	            	
        	            	error[E1001]: InvalidSyntax
        	            	  [1;38;5;12m-->[0m /tmp/kcl-oas-v2-test-1268243149/Order.k:12:24
        	            	[1;38;5;12m   |[0m
        	            	[1;38;5;12m12 |[0m     totalAmount ?= float
        	            	[1;38;5;12m   |[0m[1;38;5;9m                        ^[0m [1;38;5;9munexpected token 'dedent'[0m
        	            	[1;38;5;12m   |[0m
        	            	
        	            	
        	            	error[E1001]: InvalidSyntax
        	            	 [1;38;5;12m-->[0m /tmp/kcl-oas-v2-test-1268243149/OrderItem.k:9:5
        	            	[1;38;5;12m  |[0m
        	            	[1;38;5;12m9 |[0m     unitPrice = float
        	            	[1;38;5;12m  |[0m[1;38;5;9m     ^[0m [1;38;5;9mexpected one of ["dedent"] got identifier[0m
        	            	[1;38;5;12m  |[0m
        	            	
        	            	
        	            	error[E1001]: InvalidSyntax
        	            	 [1;38;5;12m-->[0m /tmp/kcl-oas-v2-test-1268243149/OrderItem.k:9:15
        	            	[1;38;5;12m  |[0m
        	            	[1;38;5;12m9 |[0m     unitPrice = float
        	            	[1;38;5;12m  |[0m[1;38;5;9m               ^[0m [1;38;5;9munexpected token '='[0m
        	            	[1;38;5;12m  |[0m
        	            	
        	            	
        	            	error[E1001]: InvalidSyntax
        	            	 [1;38;5;12m-->[0m /tmp/kcl-oas-v2-test-1268243149/OrderItem.k:9:21
        	            	[1;38;5;12m  |[0m
        	            	[1;38;5;12m9 |[0m     unitPrice = float
        	            	[1;38;5;12m  |[0m[1;38;5;9m                     ^[0m [1;38;5;9munexpected token 'dedent'[0m
        	            	[1;38;5;12m  |[0m
        	            	
        	            	
        	            	error[E1001]: InvalidSyntax
        	            	 [1;38;5;12m-->[0m /tmp/kcl-oas-v2-test-1268243149/Product.k:7:16
        	            	[1;38;5;12m  |[0m
        	            	[1;38;5;12m7 |[0m     createdAt ?= str
        	            	[1;38;5;12m  |[0m[1;38;5;9m                ^[0m [1;38;5;9mexpected one of [":"] got =[0m
        	            	[1;38;5;12m  |[0m
        	            	
        	            	
        	            	error[E1001]: InvalidSyntax
        	            	 [1;38;5;12m-->[0m /tmp/kcl-oas-v2-test-1268243149/Product.k:9:18
        	            	[1;38;5;12m  |[0m
        	            	[1;38;5;12m9 |[0m     description ?= str
        	            	[1;38;5;12m  |[0m[1;38;5;9m                  ^[0m [1;38;5;9mexpected one of [":"] got =[0m
        	            	[1;38;5;12m  |[0m
        	            	
        	            	
        	            	error[E1001]: InvalidSyntax
        	            	  [1;38;5;12m-->[0m /tmp/kcl-oas-v2-test-1268243149/Product.k:11:9
        	            	[1;38;5;12m   |[0m
        	            	[1;38;5;12m11 |[0m     id ?= str
        	            	[1;38;5;12m   |[0m[1;38;5;9m         ^[0m [1;38;5;9mexpected one of [":"] got =[0m
        	            	[1;38;5;12m   |[0m
        	            	
        	            	
        	            	error[E1001]: InvalidSyntax
        	            	  [1;38;5;12m-->[0m /tmp/kcl-oas-v2-test-1268243149/Product.k:19:5
        	            	[1;38;5;12m   |[0m
        	            	[1;38;5;12m19 |[0m     updatedAt ?= str
        	            	[1;38;5;12m   |[0m[1;38;5;9m     ^[0m [1;38;5;9mexpected one of ["dedent"] got identifier[0m
        	            	[1;38;5;12m   |[0m
        	            	
        	            	
        	            	error[E1001]: InvalidSyntax
        	            	  [1;38;5;12m-->[0m /tmp/kcl-oas-v2-test-1268243149/Product.k:19:15
        	            	[1;38;5;12m   |[0m
        	            	[1;38;5;12m19 |[0m     updatedAt ?= str
        	            	[1;38;5;12m   |[0m[1;38;5;9m               ^[0m [1;38;5;9munexpected token '?'[0m
        	            	[1;38;5;12m   |[0m
        	            	
        	            	
        	            	error[E1001]: InvalidSyntax
        	            	  [1;38;5;12m-->[0m /tmp/kcl-oas-v2-test-1268243149/Product.k:19:16
        	            	[1;38;5;12m   |[0m
        	            	[1;38;5;12m19 |[0m     updatedAt ?= str
        	            	[1;38;5;12m   |[0m[1;38;5;9m                ^[0m [1;38;5;9munexpected token '='[0m
        	            	[1;38;5;12m   |[0m
        	            	
        	            	
        	            	error[E1001]: InvalidSyntax
        	            	  [1;38;5;12m-->[0m /tmp/kcl-oas-v2-test-1268243149/Product.k:19:20
        	            	[1;38;5;12m   |[0m
        	            	[1;38;5;12m19 |[0m     updatedAt ?= str
        	            	[1;38;5;12m   |[0m[1;38;5;9m                    ^[0m [1;38;5;9munexpected token 'dedent'[0m
        	            	[1;38;5;12m   |[0m
        	            	
        	            	
        	            	error[E1001]: InvalidSyntax
        	            	 [1;38;5;12m-->[0m /tmp/kcl-oas-v2-test-1268243149/Address.k:7:12
        	            	[1;38;5;12m  |[0m
        	            	[1;38;5;12m7 |[0m     state ?= str
        	            	[1;38;5;12m  |[0m[1;38;5;9m            ^[0m [1;38;5;9mexpected one of [":"] got =[0m
        	            	[1;38;5;12m  |[0m
        	            	
        	            	
        	            	error[E1001]: InvalidSyntax
        	            	 [1;38;5;12m-->[0m /tmp/kcl-oas-v2-test-1268243149/Address.k:9:14
        	            	[1;38;5;12m  |[0m
        	            	[1;38;5;12m9 |[0m     zipCode ?= str
        	            	[1;38;5;12m  |[0m[1;38;5;9m              ^[0m [1;38;5;9mexpected one of [":"] got =[0m
        	            	[1;38;5;12m  |[0m
        	            	
        	            	
        	            	error[E1001]: InvalidSyntax
        	            	 [1;38;5;12m-->[0m /tmp/kcl-oas-v2-test-1268243149/ApiResponse.k:5:11
        	            	[1;38;5;12m  |[0m
        	            	[1;38;5;12m5 |[0m     code ?= int
        	            	[1;38;5;12m  |[0m[1;38;5;9m           ^[0m [1;38;5;9mexpected one of [":"] got =[0m
        	            	[1;38;5;12m  |[0m
        	            	
        	            	
        	            	error[E1001]: InvalidSyntax
        	            	 [1;38;5;12m-->[0m /tmp/kcl-oas-v2-test-1268243149/ApiResponse.k:6:14
        	            	[1;38;5;12m  |[0m
        	            	[1;38;5;12m6 |[0m     message ?= str
        	            	[1;38;5;12m  |[0m[1;38;5;9m              ^[0m [1;38;5;9mexpected one of [":"] got =[0m
        	            	[1;38;5;12m  |[0m
        	            	
        	            	
        	            	error[E1001]: InvalidSyntax
        	            	 [1;38;5;12m-->[0m /tmp/kcl-oas-v2-test-1268243149/ApiResponse.k:7:11
        	            	[1;38;5;12m  |[0m
        	            	[1;38;5;12m7 |[0m     type ?= str
        	            	[1;38;5;12m  |[0m[1;38;5;9m           ^[0m [1;38;5;9mexpected one of [":"] got =[0m
        	            	[1;38;5;12m  |[0m
        	            	
        	            	
        	            	error[E1001]: InvalidSyntax
        	            	 [1;38;5;12m-->[0m /tmp/kcl-oas-v2-test-1268243149/BaseObject.k:6:16
        	            	[1;38;5;12m  |[0m
        	            	[1;38;5;12m6 |[0m     createdAt ?= str
        	            	[1;38;5;12m  |[0m[1;38;5;9m                ^[0m [1;38;5;9mexpected one of [":"] got =[0m
        	            	[1;38;5;12m  |[0m
        	            	
        	            	
        	            	error[E1001]: InvalidSyntax
        	            	 [1;38;5;12m-->[0m /tmp/kcl-oas-v2-test-1268243149/BaseObject.k:8:9
        	            	[1;38;5;12m  |[0m
        	            	[1;38;5;12m8 |[0m     id ?= str
        	            	[1;38;5;12m  |[0m[1;38;5;9m         ^[0m [1;38;5;9mexpected one of [":"] got =[0m
        	            	[1;38;5;12m  |[0m
        	            	
        	            	
        	            	error[E1001]: InvalidSyntax
        	            	  [1;38;5;12m-->[0m /tmp/kcl-oas-v2-test-1268243149/BaseObject.k:10:16
        	            	[1;38;5;12m   |[0m
        	            	[1;38;5;12m10 |[0m     updatedAt ?= str
        	            	[1;38;5;12m   |[0m[1;38;5;9m                ^[0m [1;38;5;9mexpected one of [":"] got =[0m
        	            	[1;38;5;12m   |[0m
        	            	
        	            	
        	            	error[E1001]: InvalidSyntax
        	            	 [1;38;5;12m-->[0m /tmp/kcl-oas-v2-test-1268243149/Category.k:5:9
        	            	[1;38;5;12m  |[0m
        	            	[1;38;5;12m5 |[0m     id ?= int
        	            	[1;38;5;12m  |[0m[1;38;5;9m         ^[0m [1;38;5;9mexpected one of [":"] got =[0m
        	            	[1;38;5;12m  |[0m
        	            	
        	            	
        	            	error[E1001]: InvalidSyntax
        	            	 [1;38;5;12m-->[0m /tmp/kcl-oas-v2-test-1268243149/Category.k:6:11
        	            	[1;38;5;12m  |[0m
        	            	[1;38;5;12m6 |[0m     name ?= str
        	            	[1;38;5;12m  |[0m[1;38;5;9m           ^[0m [1;38;5;9mexpected one of [":"] got =[0m
        	            	[1;38;5;12m  |[0m
        	            	
        	            	
        	            	error[E1001]: InvalidSyntax
        	            	 [1;38;5;12m-->[0m /tmp/kcl-oas-v2-test-1268243149/Customer.k:5:14
        	            	[1;38;5;12m  |[0m
        	            	[1;38;5;12m5 |[0m     address ?= Address
        	            	[1;38;5;12m  |[0m[1;38;5;9m              ^[0m [1;38;5;9mexpected one of [":"] got =[0m
        	            	[1;38;5;12m  |[0m
        	            	
        	            	
        	            	error[E1001]: InvalidSyntax
        	            	 [1;38;5;12m-->[0m /tmp/kcl-oas-v2-test-1268243149/Customer.k:7:16
        	            	[1;38;5;12m  |[0m
        	            	[1;38;5;12m7 |[0m     createdAt ?= str
        	            	[1;38;5;12m  |[0m[1;38;5;9m                ^[0m [1;38;5;9mexpected one of [":"] got =[0m
        	            	[1;38;5;12m  |[0m
        	            	
        	            	
        	            	error[E1001]: InvalidSyntax
        	            	  [1;38;5;12m-->[0m /tmp/kcl-oas-v2-test-1268243149/Customer.k:11:9
        	            	[1;38;5;12m   |[0m
        	            	[1;38;5;12m11 |[0m     id ?= str
        	            	[1;38;5;12m   |[0m[1;38;5;9m         ^[0m [1;38;5;9mexpected one of [":"] got =[0m
        	            	[1;38;5;12m   |[0m
        	            	
        	            	
        	            	error[E1001]: InvalidSyntax
        	            	  [1;38;5;12m-->[0m /tmp/kcl-oas-v2-test-1268243149/Customer.k:13:12
        	            	[1;38;5;12m   |[0m
        	            	[1;38;5;12m13 |[0m     phone ?= str
        	            	[1;38;5;12m   |[0m[1;38;5;9m            ^[0m [1;38;5;9mexpected one of [":"] got =[0m
        	            	[1;38;5;12m   |[0m
        	            	
        	            	
        	            	error[E1001]: InvalidSyntax
        	            	  [1;38;5;12m-->[0m /tmp/kcl-oas-v2-test-1268243149/Customer.k:15:16
        	            	[1;38;5;12m   |[0m
        	            	[1;38;5;12m15 |[0m     updatedAt ?= str
        	            	[1;38;5;12m   |[0m[1;38;5;9m                ^[0m [1;38;5;9mexpected one of [":"] got =[0m
        	            	[1;38;5;12m   |[0m
        	            	
        	            	
        	            	error[E1001]: InvalidSyntax
        	            	 [1;38;5;12m-->[0m /tmp/kcl-oas-v2-test-1268243149/Mixed.k:6:12
        	            	[1;38;5;12m  |[0m
        	            	[1;38;5;12m6 |[0m     value ?= str
        	            	[1;38;5;12m  |[0m[1;38;5;9m            ^[0m [1;38;5;9mexpected one of [":"] got =[0m
        	            	[1;38;5;12m  |[0m
        	            	
        	            	
        	            	error[E1001]: InvalidSyntax
        	            	 [1;38;5;12m-->[0m /tmp/kcl-oas-v2-test-1268243149/Multi.k:6:12
        	            	[1;38;5;12m  |[0m
        	            	[1;38;5;12m6 |[0m     anyOf ?= str
        	            	[1;38;5;12m  |[0m[1;38;5;9m            ^[0m [1;38;5;9mexpected one of [":"] got =[0m
        	            	[1;38;5;12m  |[0m
        	            	
        	            	
        	            	error[E1001]: InvalidSyntax
        	            	 [1;38;5;12m-->[0m /tmp/kcl-oas-v2-test-1268243149/Order.k:5:16
        	            	[1;38;5;12m  |[0m
        	            	[1;38;5;12m5 |[0m     createdAt ?= str
        	            	[1;38;5;12m  |[0m[1;38;5;9m                ^[0m [1;38;5;9mexpected one of [":"] got =[0m
        	            	[1;38;5;12m  |[0m
        	            	
        	            	
        	            	error[E1001]: InvalidSyntax
        	            	 [1;38;5;12m-->[0m /tmp/kcl-oas-v2-test-1268243149/Order.k:7:9
        	            	[1;38;5;12m  |[0m
        	            	[1;38;5;12m7 |[0m     id ?= str
        	            	[1;38;5;12m  |[0m[1;38;5;9m         ^[0m [1;38;5;9mexpected one of [":"] got =[0m
        	            	[1;38;5;12m  |[0m
        	            	
        	            	
        	            	error[E1001]: InvalidSyntax
        	            	 [1;38;5;12m-->[0m /tmp/kcl-oas-v2-test-1268243149/Order.k:9:13
        	            	[1;38;5;12m  |[0m
        	            	[1;38;5;12m9 |[0m     status ?= str
        	            	[1;38;5;12m  |[0m[1;38;5;9m             ^[0m [1;38;5;9mexpected one of [":"] got =[0m
        	            	[1;38;5;12m  |[0m
        	            	
        	            	
        	            	error[E1001]: InvalidSyntax
        	            	  [1;38;5;12m-->[0m /tmp/kcl-oas-v2-test-1268243149/Order.k:12:5
        	            	[1;38;5;12m   |[0m
        	            	[1;38;5;12m12 |[0m     totalAmount ?= float
        	            	[1;38;5;12m   |[0m[1;38;5;9m     ^[0m [1;38;5;9mexpected one of ["dedent"] got identifier[0m
        	            	[1;38;5;12m   |[0m
        	            	
        	            	
        	            	error[E1001]: InvalidSyntax
        	            	  [1;38;5;12m-->[0m /tmp/kcl-oas-v2-test-1268243149/Order.k:12:17
        	            	[1;38;5;12m   |[0m
        	            	[1;38;5;12m12 |[0m     totalAmount ?= float
        	            	[1;38;5;12m   |[0m[1;38;5;9m                 ^[0m [1;38;5;9munexpected token '?'[0m
        	            	[1;38;5;12m   |[0m
        	            	
        	            	
        	            	error[E1001]: InvalidSyntax
        	            	  [1;38;5;12m-->[0m /tmp/kcl-oas-v2-test-1268243149/Order.k:12:18
        	            	[1;38;5;12m   |[0m
        	            	[1;38;5;12m12 |[0m     totalAmount ?= float
        	            	[1;38;5;12m   |[0m[1;38;5;9m                  ^[0m [1;38;5;9munexpected token '='[0m
        	            	[1;38;5;12m   |[0m
        	            	
        	            	
        	            	error[E1001]: InvalidSyntax
        	            	  [1;38;5;12m-->[0m /tmp/kcl-oas-v2-test-1268243149/Order.k:12:24
        	            	[1;38;5;12m   |[0m
        	            	[1;38;5;12m12 |[0m     totalAmount ?= float
        	            	[1;38;5;12m   |[0m[1;38;5;9m                        ^[0m [1;38;5;9munexpected token 'dedent'[0m
        	            	[1;38;5;12m   |[0m
        	            	
        	            	
        	            	error[E1001]: InvalidSyntax
        	            	 [1;38;5;12m-->[0m /tmp/kcl-oas-v2-test-1268243149/OrderItem.k:9:5
        	            	[1;38;5;12m  |[0m
        	            	[1;38;5;12m9 |[0m     unitPrice = float
        	            	[1;38;5;12m  |[0m[1;38;5;9m     ^[0m [1;38;5;9mexpected one of ["dedent"] got identifier[0m
        	            	[1;38;5;12m  |[0m
        	            	
        	            	
        	            	error[E1001]: InvalidSyntax
        	            	 [1;38;5;12m-->[0m /tmp/kcl-oas-v2-test-1268243149/OrderItem.k:9:15
        	            	[1;38;5;12m  |[0m
        	            	[1;38;5;12m9 |[0m     unitPrice = float
        	            	[1;38;5;12m  |[0m[1;38;5;9m               ^[0m [1;38;5;9munexpected token '='[0m
        	            	[1;38;5;12m  |[0m
        	            	
        	            	
        	            	error[E1001]: InvalidSyntax
        	            	 [1;38;5;12m-->[0m /tmp/kcl-oas-v2-test-1268243149/OrderItem.k:9:21
        	            	[1;38;5;12m  |[0m
        	            	[1;38;5;12m9 |[0m     unitPrice = float
        	            	[1;38;5;12m  |[0m[1;38;5;9m                     ^[0m [1;38;5;9munexpected token 'dedent'[0m
        	            	[1;38;5;12m  |[0m
        	            	
        	            	
        	            	error[E1001]: InvalidSyntax
        	            	 [1;38;5;12m-->[0m /tmp/kcl-oas-v2-test-1268243149/Product.k:7:16
        	            	[1;38;5;12m  |[0m
        	            	[1;38;5;12m7 |[0m     createdAt ?= str
        	            	[1;38;5;12m  |[0m[1;38;5;9m                ^[0m [1;38;5;9mexpected one of [":"] got =[0m
        	            	[1;38;5;12m  |[0m
        	            	
        	            	
        	            	error[E1001]: InvalidSyntax
        	            	 [1;38;5;12m-->[0m /tmp/kcl-oas-v2-test-1268243149/Product.k:9:18
        	            	[1;38;5;12m  |[0m
        	            	[1;38;5;12m9 |[0m     description ?= str
        	            	[1;38;5;12m  |[0m[1;38;5;9m                  ^[0m [1;38;5;9mexpected one of [":"] got =[0m
        	            	[1;38;5;12m  |[0m
        	            	
        	            	
        	            	error[E1001]: InvalidSyntax
        	            	  [1;38;5;12m-->[0m /tmp/kcl-oas-v2-test-1268243149/Product.k:11:9
        	            	[1;38;5;12m   |[0m
        	            	[1;38;5;12m11 |[0m     id ?= str
        	            	[1;38;5;12m   |[0m[1;38;5;9m         ^[0m [1;38;5;9mexpected one of [":"] got =[0m
        	            	[1;38;5;12m   |[0m
        	            	
        	            	
        	            	error[E1001]: InvalidSyntax
        	            	  [1;38;5;12m-->[0m /tmp/kcl-oas-v2-test-1268243149/Product.k:19:5
        	            	[1;38;5;12m   |[0m
        	            	[1;38;5;12m19 |[0m     updatedAt ?= str
        	            	[1;38;5;12m   |[0m[1;38;5;9m     ^[0m [1;38;5;9mexpected one of ["dedent"] got identifier[0m
        	            	[1;38;5;12m   |[0m
        	            	
        	            	
        	            	error[E1001]: InvalidSyntax
        	            	  [1;38;5;12m-->[0m /tmp/kcl-oas-v2-test-1268243149/Product.k:19:15
        	            	[1;38;5;12m   |[0m
        	            	[1;38;5;12m19 |[0m     updatedAt ?= str
        	            	[1;38;5;12m   |[0m[1;38;5;9m               ^[0m [1;38;5;9munexpected token '?'[0m
        	            	[1;38;5;12m   |[0m
        	            	
        	            	
        	            	error[E1001]: InvalidSyntax
        	            	  [1;38;5;12m-->[0m /tmp/kcl-oas-v2-test-1268243149/Product.k:19:16
        	            	[1;38;5;12m   |[0m
        	            	[1;38;5;12m19 |[0m     updatedAt ?= str
        	            	[1;38;5;12m   |[0m[1;38;5;9m                ^[0m [1;38;5;9munexpected token '='[0m
        	            	[1;38;5;12m   |[0m
        	            	
        	            	
        	            	error[E1001]: InvalidSyntax
        	            	  [1;38;5;12m-->[0m /tmp/kcl-oas-v2-test-1268243149/Product.k:19:20
        	            	[1;38;5;12m   |[0m
        	            	[1;38;5;12m19 |[0m     updatedAt ?= str
        	            	[1;38;5;12m   |[0m[1;38;5;9m                    ^[0m [1;38;5;9munexpected token 'dedent'[0m
        	            	[1;38;5;12m   |[0m
        	            	
        	            	
        	            	error[E2G22]: TypeError
        	            	 [1;38;5;12m-->[0m /tmp/kcl-oas-v2-test-1268243149/OrderItem.k:8:9
        	            	[1;38;5;12m  |[0m
        	            	[1;38;5;12m8 |[0m         quantity >= 1
        	            	[1;38;5;12m  |[0m[1;38;5;9m         ^[0m [1;38;5;9munsupported operand type(s) for >=: '(any, int) -> int' and 'int(1)'[0m
        	            	[1;38;5;12m  |[0m
        	            	
        	            	
        	            	error[E2G22]: TypeError
        	            	  [1;38;5;12m-->[0m /tmp/kcl-oas-v2-test-1268243149/Product.k:17:9
        	            	[1;38;5;12m   |[0m
        	            	[1;38;5;12m17 |[0m         price >= 0
        	            	[1;38;5;12m   |[0m[1;38;5;9m         ^[0m [1;38;5;9munsupported operand type(s) for >=: '(any) -> float' and 'int(0)'[0m
        	            	[1;38;5;12m   |[0m
        	            	
        	            	
        	            	Validation failed with exit code: 1
    oas_test.go:206: 
        	Error Trace:	/home/tridentsx/src/oas2kcl/openapikcl/oas_test.go:206
        	Error:      	"Testing validation of payload.json against KCL schemas from OpenAPI 2.0\nError: error[E1001]: InvalidSyntax\n \x1b[1;38;5;12m-->\x1b[0m /tmp/kcl-oas-v2-test-1268243149/Address.k:7:12\n\x1b[1;38;5;12m  |\x1b[0m\n\x1b[1;38;5;12m7 |\x1b[0m     state ?= str\n\x1b[1;38;5;12m  |\x1b[0m\x1b[1;38;5;9m            ^\x1b[0m \x1b[1;38;5;9mexpected one of [\":\"] got =\x1b[0m\n\x1b[1;38;5;12m  |\x1b[0m\n\n\nerror[E1001]: InvalidSyntax\n \x1b[1;38;5;12m-->\x1b[0m /tmp/kcl-oas-v2-test-1268243149/Address.k:9:14\n\x1b[1;38;5;12m  |\x1b[0m\n\x1b[1;38;5;12m9 |\x1b[0m     zipCode ?= str\n\x1b[1;38;5;12m  |\x1b[0m\x1b[1;38;5;9m              ^\x1b[0m \x1b[1;38;5;9mexpected one of [\":\"] got =\x1b[0m\n\x1b[1;38;5;12m  |\x1b[0m\n\n\nerror[E1001]: InvalidSyntax\n \x1b[1;38;5;12m-->\x1b[0m /tmp/kcl-oas-v2-test-1268243149/ApiResponse.k:5:11\n\x1b[1;38;5;12m  |\x1b[0m\n\x1b[1;38;5;12m5 |\x1b[0m     code ?= int\n\x1b[1;38;5;12m  |\x1b[0m\x1b[1;38;5;9m           ^\x1b[0m \x1b[1;38;5;9mexpected one of [\":\"] got =\x1b[0m\n\x1b[1;38;5;12m  |\x1b[0m\n\n\nerror[E1001]: InvalidSyntax\n \x1b[1;38;5;12m-->\x1b[0m /tmp/kcl-oas-v2-test-1268243149/ApiResponse.k:6:14\n\x1b[1;38;5;12m  |\x1b[0m\n\x1b[1;38;5;12m6 |\x1b[0m     message ?= str\n\x1b[1;38;5;12m  |\x1b[0m\x1b[1;38;5;9m              ^\x1b[0m \x1b[1;38;5;9mexpected one of [\":\"] got =\x1b[0m\n\x1b[1;38;5;12m  |\x1b[0m\n\n\nerror[E1001]: InvalidSyntax\n \x1b[1;38;5;12m-->\x1b[0m /tmp/kcl-oas-v2-test-1268243149/ApiResponse.k:7:11\n\x1b[1;38;5;12m  |\x1b[0m\n\x1b[1;38;5;12m7 |\x1b[0m     type ?= str\n\x1b[1;38;5;12m  |\x1b[0m\x1b[1;38;5;9m           ^\x1b[0m \x1b[1;38;5;9mexpected one of [\":\"] got =\x1b[0m\n\x1b[1;38;5;12m  |\x1b[0m\n\n\nerror[E1001]: InvalidSyntax\n \x1b[1;38;5;12m-->\x1b[0m /tmp/kcl-oas-v2-test-1268243149/BaseObject.k:6:16\n\x1b[1;38;5;12m  |\x1b[0m\n\x1b[1;38;5;12m6 |\x1b[0m     createdAt ?= str\n\x1b[1;38;5;12m  |\x1b[0m\x1b[1;38;5;9m                ^\x1b[0m \x1b[1;38;5;9mexpected one of [\":\"] got =\x1b[0m\n\x1b[1;38;5;12m  |\x1b[0m\n\n\nerror[E1001]: InvalidSyntax\n \x1b[1;38;5;12m-->\x1b[0m /tmp/kcl-oas-v2-test-1268243149/BaseObject.k:8:9\n\x1b[1;38;5;12m  |\x1b[0m\n\x1b[1;38;5;12m8 |\x1b[0m     id ?= str\n\x1b[1;38;5;12m  |\x1b[0m\x1b[1;38;5;9m         ^\x1b[0m \x1b[1;38;5;9mexpected one of [\":\"] got =\x1b[0m\n\x1b[1;38;5;12m  |\x1b[0m\n\n\nerror[E1001]: InvalidSyntax\n  \x1b[1;38;5;12m-->\x1b[0m /tmp/kcl-oas-v2-test-1268243149/BaseObject.k:10:16\n\x1b[1;38;5;12m   |\x1b[0m\n\x1b[1;38;5;12m10 |\x1b[0m     updatedAt ?= str\n\x1b[1;38;5;12m   |\x1b[0m\x1b[1;38;5;9m                ^\x1b[0m \x1b[1;38;5;9mexpected one of [\":\"] got =\x1b[0m\n\x1b[1;38;5;12m   |\x1b[0m\n\n\nerror[E1001]: InvalidSyntax\n \x1b[1;38;5;12m-->\x1b[0m /tmp/kcl-oas-v2-test-1268243149/Category.k:5:9\n\x1b[1;38;5;12m  |\x1b[0m\n\x1b[1;38;5;12m5 |\x1b[0m     id ?= int\n\x1b[1;38;5;12m  |\x1b[0m\x1b[1;38;5;9m         ^\x1b[0m \x1b[1;38;5;9mexpected one of [\":\"] got =\x1b[0m\n\x1b[1;38;5;12m  |\x1b[0m\n\n\nerror[E1001]: InvalidSyntax\n \x1b[1;38;5;12m-->\x1b[0m /tmp/kcl-oas-v2-test-1268243149/Category.k:6:11\n\x1b[1;38;5;12m  |\x1b[0m\n\x1b[1;38;5;12m6 |\x1b[0m     name ?= str\n\x1b[1;38;5;12m  |\x1b[0m\x1b[1;38;5;9m           ^\x1b[0m \x1b[1;38;5;9mexpected one of [\":\"] got =\x1b[0m\n\x1b[1;38;5;12m  |\x1b[0m\n\n\nerror[E1001]: InvalidSyntax\n \x1b[1;38;5;12m-->\x1b[0m /tmp/kcl-oas-v2-test-1268243149/Customer.k:5:14\n\x1b[1;38;5;12m  |\x1b[0m\n\x1b[1;38;5;12m5 |\x1b[0m     address ?= Address\n\x1b[1;38;5;12m  |\x1b[0m\x1b[1;38;5;9m              ^\x1b[0m \x1b[1;38;5;9mexpected one of [\":\"] got =\x1b[0m\n\x1b[1;38;5;12m  |\x1b[0m\n\n\nerror[E1001]: InvalidSyntax\n \x1b[1;38;5;12m-->\x1b[0m /tmp/kcl-oas-v2-test-1268243149/Customer.k:7:16\n\x1b[1;38;5;12m  |\x1b[0m\n\x1b[1;38;5;12m7 |\x1b[0m     createdAt ?= str\n\x1b[1;38;5;12m  |\x1b[0m\x1b[1;38;5;9m                ^\x1b[0m \x1b[1;38;5;9mexpected one of [\":\"] got =\x1b[0m\n\x1b[1;38;5;12m  |\x1b[0m\n\n\nerror[E1001]: InvalidSyntax\n  \x1b[1;38;5;12m-->\x1b[0m /tmp/kcl-oas-v2-test-1268243149/Customer.k:11:9\n\x1b[1;38;5;12m   |\x1b[0m\n\x1b[1;38;5;12m11 |\x1b[0m     id ?= str\n\x1b[1;38;5;12m   |\x1b[0m\x1b[1;38;5;9m         ^\x1b[0m \x1b[1;38;5;9mexpected one of [\":\"] got =\x1b[0m\n\x1b[1;38;5;12m   |\x1b[0m\n\n\nerror[E1001]: InvalidSyntax\n  \x1b[1;38;5;12m-->\x1b[0m /tmp/kcl-oas-v2-test-1268243149/Customer.k:13:12\n\x1b[1;38;5;12m   |\x1b[0m\n\x1b[1;38;5;12m13 |\x1b[0m     phone ?= str\n\x1b[1;38;5;12m   |\x1b[0m\x1b[1;38;5;9m            ^\x1b[0m \x1b[1;38;5;9mexpected one of [\":\"] got =\x1b[0m\n\x1b[1;38;5;12m   |\x1b[0m\n\n\nerror[E1001]: InvalidSyntax\n  \x1b[1;38;5;12m-->\x1b[0m /tmp/kcl-oas-v2-test-1268243149/Customer.k:15:16\n\x1b[1;38;5;12m   |\x1b[0m\n\x1b[1;38;5;12m15 |\x1b[0m     updatedAt ?= str\n\x1b[1;38;5;12m   |\x1b[0m\x1b[1;38;5;9m                ^\x1b[0m \x1b[1;38;5;9mexpected one of [\":\"] got =\x1b[0m\n\x1b[1;38;5;12m   |\x1b[0m\n\n\nerror[E1001]: InvalidSyntax\n \x1b[1;38;5;12m-->\x1b[0m /tmp/kcl-oas-v2-test-1268243149/Mixed.k:6:12\n\x1b[1;38;5;12m  |\x1b[0m\n\x1b[1;38;5;12m6 |\x1b[0m     value ?= str\n\x1b[1;38;5;12m  |\x1b[0m\x1b[1;38;5;9m            ^\x1b[0m \x1b[1;38;5;9mexpected one of [\":\"] got =\x1b[0m\n\x1b[1;38;5;12m  |\x1b[0m\n\n\nerror[E1001]: InvalidSyntax\n \x1b[1;38;5;12m-->\x1b[0m /tmp/kcl-oas-v2-test-1268243149/Multi.k:6:12\n\x1b[1;38;5;12m  |\x1b[0m\n\x1b[1;38;5;12m6 |\x1b[0m     anyOf ?= str\n\x1b[1;38;5;12m  |\x1b[0m\x1b[1;38;5;9m            ^\x1b[0m \x1b[1;38;5;9mexpected one of [\":\"] got =\x1b[0m\n\x1b[1;38;5;12m  |\x1b[0m\n\n\nerror[E1001]: InvalidSyntax\n \x1b[1;38;5;12m-->\x1b[0m /tmp/kcl-oas-v2-test-1268243149/Order.k:5:16\n\x1b[1;38;5;12m  |\x1b[0m\n\x1b[1;38;5;12m5 |\x1b[0m     createdAt ?= str\n\x1b[1;38;5;12m  |\x1b[0m\x1b[1;38;5;9m                ^\x1b[0m \x1b[1;38;5;9mexpected one of [\":\"] got =\x1b[0m\n\x1b[1;38;5;12m  |\x1b[0m\n\n\nerror[E1001]: InvalidSyntax\n \x1b[1;38;5;12m-->\x1b[0m /tmp/kcl-oas-v2-test-1268243149/Order.k:7:9\n\x1b[1;38;5;12m  |\x1b[0m\n\x1b[1;38;5;12m7 |\x1b[0m     id ?= str\n\x1b[1;38;5;12m  |\x1b[0m\x1b[1;38;5;9m         ^\x1b[0m \x1b[1;38;5;9mexpected one of [\":\"] got =\x1b[0m\n\x1b[1;38;5;12m  |\x1b[0m\n\n\nerror[E1001]: InvalidSyntax\n \x1b[1;38;5;12m-->\x1b[0m /tmp/kcl-oas-v2-test-1268243149/Order.k:9:13\n\x1b[1;38;5;12m  |\x1b[0m\n\x1b[1;38;5;12m9 |\x1b[0m     status ?= str\n\x1b[1;38;5;12m  |\x1b[0m\x1b[1;38;5;9m             ^\x1b[0m \x1b[1;38;5;9mexpected one of [\":\"] got =\x1b[0m\n\x1b[1;38;5;12m  |\x1b[0m\n\n\nerror[E1001]: InvalidSyntax\n  \x1b[1;38;5;12m-->\x1b[0m /tmp/kcl-oas-v2-test-1268243149/Order.k:12:5\n\x1b[1;38;5;12m   |\x1b[0m\n\x1b[1;38;5;12m12 |\x1b[0m     totalAmount ?= float\n\x1b[1;38;5;12m   |\x1b[0m\x1b[1;38;5;9m     ^\x1b[0m \x1b[1;38;5;9mexpected one of [\"dedent\"] got identifier\x1b[0m\n\x1b[1;38;5;12m   |\x1b[0m\n\n\nerror[E1001]: InvalidSyntax\n  \x1b[1;38;5;12m-->\x1b[0m /tmp/kcl-oas-v2-test-1268243149/Order.k:12:17\n\x1b[1;38;5;12m   |\x1b[0m\n\x1b[1;38;5;12m12 |\x1b[0m     totalAmount ?= float\n\x1b[1;38;5;12m   |\x1b[0m\x1b[1;38;5;9m                 ^\x1b[0m \x1b[1;38;5;9munexpected token '?'\x1b[0m\n\x1b[1;38;5;12m   |\x1b[0m\n\n\nerror[E1001]: InvalidSyntax\n  \x1b[1;38;5;12m-->\x1b[0m /tmp/kcl-oas-v2-test-1268243149/Order.k:12:18\n\x1b[1;38;5;12m   |\x1b[0m\n\x1b[1;38;5;12m12 |\x1b[0m     totalAmount ?= float\n\x1b[1;38;5;12m   |\x1b[0m\x1b[1;38;5;9m                  ^\x1b[0m \x1b[1;38;5;9munexpected token '='\x1b[0m\n\x1b[1;38;5;12m   |\x1b[0m\n\n\nerror[E1001]: InvalidSyntax\n  \x1b[1;38;5;12m-->\x1b[0m /tmp/kcl-oas-v2-test-1268243149/Order.k:12:24\n\x1b[1;38;5;12m   |\x1b[0m\n\x1b[1;38;5;12m12 |\x1b[0m     totalAmount ?= float\n\x1b[1;38;5;12m   |\x1b[0m\x1b[1;38;5;9m                        ^\x1b[0m \x1b[1;38;5;9munexpected token 'dedent'\x1b[0m\n\x1b[1;38;5;12m   |\x1b[0m\n\n\nerror[E1001]: InvalidSyntax\n \x1b[1;38;5;12m-->\x1b[0m /tmp/kcl-oas-v2-test-1268243149/OrderItem.k:9:5\n\x1b[1;38;5;12m  |\x1b[0m\n\x1b[1;38;5;12m9 |\x1b[0m     unitPrice = float\n\x1b[1;38;5;12m  |\x1b[0m\x1b[1;38;5;9m     ^\x1b[0m \x1b[1;38;5;9mexpected one of [\"dedent\"] got identifier\x1b[0m\n\x1b[1;38;5;12m  |\x1b[0m\n\n\nerror[E1001]: InvalidSyntax\n \x1b[1;38;5;12m-->\x1b[0m /tmp/kcl-oas-v2-test-1268243149/OrderItem.k:9:15\n\x1b[1;38;5;12m  |\x1b[0m\n\x1b[1;38;5;12m9 |\x1b[0m     unitPrice = float\n\x1b[1;38;5;12m  |\x1b[0m\x1b[1;38;5;9m               ^\x1b[0m \x1b[1;38;5;9munexpected token '='\x1b[0m\n\x1b[1;38;5;12m  |\x1b[0m\n\n\nerror[E1001]: InvalidSyntax\n \x1b[1;38;5;12m-->\x1b[0m /tmp/kcl-oas-v2-test-1268243149/OrderItem.k:9:21\n\x1b[1;38;5;12m  |\x1b[0m\n\x1b[1;38;5;12m9 |\x1b[0m     unitPrice = float\n\x1b[1;38;5;12m  |\x1b[0m\x1b[1;38;5;9m                     ^\x1b[0m \x1b[1;38;5;9munexpected token 'dedent'\x1b[0m\n\x1b[1;38;5;12m  |\x1b[0m\n\n\nerror[E1001]: InvalidSyntax\n \x1b[1;38;5;12m-->\x1b[0m /tmp/kcl-oas-v2-test-1268243149/Product.k:7:16\n\x1b[1;38;5;12m  |\x1b[0m\n\x1b[1;38;5;12m7 |\x1b[0m     createdAt ?= str\n\x1b[1;38;5;12m  |\x1b[0m\x1b[1;38;5;9m                ^\x1b[0m \x1b[1;38;5;9mexpected one of [\":\"] got =\x1b[0m\n\x1b[1;38;5;12m  |\x1b[0m\n\n\nerror[E1001]: InvalidSyntax\n \x1b[1;38;5;12m-->\x1b[0m /tmp/kcl-oas-v2-test-1268243149/Product.k:9:18\n\x1b[1;38;5;12m  |\x1b[0m\n\x1b[1;38;5;12m9 |\x1b[0m     description ?= str\n\x1b[1;38;5;12m  |\x1b[0m\x1b[1;38;5;9m                  ^\x1b[0m \x1b[1;38;5;9mexpected one of [\":\"] got =\x1b[0m\n\x1b[1;38;5;12m  |\x1b[0m\n\n\nerror[E1001]: InvalidSyntax\n  \x1b[1;38;5;12m-->\x1b[0m /tmp/kcl-oas-v2-test-1268243149/Product.k:11:9\n\x1b[1;38;5;12m   |\x1b[0m\n\x1b[1;38;5;12m11 |\x1b[0m     id ?= str\n\x1b[1;38;5;12m   |\x1b[0m\x1b[1;38;5;9m         ^\x1b[0m \x1b[1;38;5;9mexpected one of [\":\"] got =\x1b[0m\n\x1b[1;38;5;12m   |\x1b[0m\n\n\nerror[E1001]: InvalidSyntax\n  \x1b[1;38;5;12m-->\x1b[0m /tmp/kcl-oas-v2-test-1268243149/Product.k:19:5\n\x1b[1;38;5;12m   |\x1b[0m\n\x1b[1;38;5;12m19 |\x1b[0m     updatedAt ?= str\n\x1b[1;38;5;12m   |\x1b[0m\x1b[1;38;5;9m     ^\x1b[0m \x1b[1;38;5;9mexpected one of [\"dedent\"] got identifier\x1b[0m\n\x1b[1;38;5;12m   |\x1b[0m\n\n\nerror[E1001]: InvalidSyntax\n  \x1b[1;38;5;12m-->\x1b[0m /tmp/kcl-oas-v2-test-1268243149/Product.k:19:15\n\x1b[1;38;5;12m   |\x1b[0m\n\x1b[1;38;5;12m19 |\x1b[0m     updatedAt ?= str\n\x1b[1;38;5;12m   |\x1b[0m\x1b[1;38;5;9m               ^\x1b[0m \x1b[1;38;5;9munexpected token '?'\x1b[0m\n\x1b[1;38;5;12m   |\x1b[0m\n\n\nerror[E1001]: InvalidSyntax\n  \x1b[1;38;5;12m-->\x1b[0m /tmp/kcl-oas-v2-test-1268243149/Product.k:19:16\n\x1b[1;38;5;12m   |\x1b[0m\n\x1b[1;38;5;12m19 |\x1b[0m     updatedAt ?= str\n\x1b[1;38;5;12m   |\x1b[0m\x1b[1;38;5;9m                ^\x1b[0m \x1b[1;38;5;9munexpected token '='\x1b[0m\n\x1b[1;38;5;12m   |\x1b[0m\n\n\nerror[E1001]: InvalidSyntax\n  \x1b[1;38;5;12m-->\x1b[0m /tmp/kcl-oas-v2-test-1268243149/Product.k:19:20\n\x1b[1;38;5;12m   |\x1b[0m\n\x1b[1;38;5;12m19 |\x1b[0m     updatedAt ?= str\n\x1b[1;38;5;12m   |\x1b[0m\x1b[1;38;5;9m                    ^\x1b[0m \x1b[1;38;5;9munexpected token 'dedent'\x1b[0m\n\x1b[1;38;5;12m   |\x1b[0m\n\n\nerror[E1001]: InvalidSyntax\n \x1b[1;38;5;12m-->\x1b[0m /tmp/kcl-oas-v2-test-1268243149/Address.k:7:12\n\x1b[1;38;5;12m  |\x1b[0m\n\x1b[1;38;5;12m7 |\x1b[0m     state ?= str\n\x1b[1;38;5;12m  |\x1b[0m\x1b[1;38;5;9m            ^\x1b[0m \x1b[1;38;5;9mexpected one of [\":\"] got =\x1b[0m\n\x1b[1;38;5;12m  |\x1b[0m\n\n\nerror[E1001]: InvalidSyntax\n \x1b[1;38;5;12m-->\x1b[0m /tmp/kcl-oas-v2-test-1268243149/Address.k:9:14\n\x1b[1;38;5;12m  |\x1b[0m\n\x1b[1;38;5;12m9 |\x1b[0m     zipCode ?= str\n\x1b[1;38;5;12m  |\x1b[0m\x1b[1;38;5;9m              ^\x1b[0m \x1b[1;38;5;9mexpected one of [\":\"] got =\x1b[0m\n\x1b[1;38;5;12m  |\x1b[0m\n\n\nerror[E1001]: InvalidSyntax\n \x1b[1;38;5;12m-->\x1b[0m /tmp/kcl-oas-v2-test-1268243149/ApiResponse.k:5:11\n\x1b[1;38;5;12m  |\x1b[0m\n\x1b[1;38;5;12m5 |\x1b[0m     code ?= int\n\x1b[1;38;5;12m  |\x1b[0m\x1b[1;38;5;9m           ^\x1b[0m \x1b[1;38;5;9mexpected one of [\":\"] got =\x1b[0m\n\x1b[1;38;5;12m  |\x1b[0m\n\n\nerror[E1001]: InvalidSyntax\n \x1b[1;38;5;12m-->\x1b[0m /tmp/kcl-oas-v2-test-1268243149/ApiResponse.k:6:14\n\x1b[1;38;5;12m  |\x1b[0m\n\x1b[1;38;5;12m6 |\x1b[0m     message ?= str\n\x1b[1;38;5;12m  |\x1b[0m\x1b[1;38;5;9m              ^\x1b[0m \x1b[1;38;5;9mexpected one of [\":\"] got =\x1b[0m\n\x1b[1;38;5;12m  |\x1b[0m\n\n\nerror[E1001]: InvalidSyntax\n \x1b[1;38;5;12m-->\x1b[0m /tmp/kcl-oas-v2-test-1268243149/ApiResponse.k:7:11\n\x1b[1;38;5;12m  |\x1b[0m\n\x1b[1;38;5;12m7 |\x1b[0m     type ?= str\n\x1b[1;38;5;12m  |\x1b[0m\x1b[1;38;5;9m           ^\x1b[0m \x1b[1;38;5;9mexpected one of [\":\"] got =\x1b[0m\n\x1b[1;38;5;12m  |\x1b[0m\n\n\nerror[E1001]: InvalidSyntax\n \x1b[1;38;5;12m-->\x1b[0m /tmp/kcl-oas-v2-test-1268243149/BaseObject.k:6:16\n\x1b[1;38;5;12m  |\x1b[0m\n\x1b[1;38;5;12m6 |\x1b[0m     createdAt ?= str\n\x1b[1;38;5;12m  |\x1b[0m\x1b[1;38;5;9m                ^\x1b[0m \x1b[1;38;5;9mexpected one of [\":\"] got =\x1b[0m\n\x1b[1;38;5;12m  |\x1b[0m\n\n\nerror[E1001]: InvalidSyntax\n \x1b[1;38;5;12m-->\x1b[0m /tmp/kcl-oas-v2-test-1268243149/BaseObject.k:8:9\n\x1b[1;38;5;12m  |\x1b[0m\n\x1b[1;38;5;12m8 |\x1b[0m     id ?= str\n\x1b[1;38;5;12m  |\x1b[0m\x1b[1;38;5;9m         ^\x1b[0m \x1b[1;38;5;9mexpected one of [\":\"] got =\x1b[0m\n\x1b[1;38;5;12m  |\x1b[0m\n\n\nerror[E1001]: InvalidSyntax\n  \x1b[1;38;5;12m-->\x1b[0m /tmp/kcl-oas-v2-test-1268243149/BaseObject.k:10:16\n\x1b[1;38;5;12m   |\x1b[0m\n\x1b[1;38;5;12m10 |\x1b[0m     updatedAt ?= str\n\x1b[1;38;5;12m   |\x1b[0m\x1b[1;38;5;9m                ^\x1b[0m \x1b[1;38;5;9mexpected one of [\":\"] got =\x1b[0m\n\x1b[1;38;5;12m   |\x1b[0m\n\n\nerror[E1001]: InvalidSyntax\n \x1b[1;38;5;12m-->\x1b[0m /tmp/kcl-oas-v2-test-1268243149/Category.k:5:9\n\x1b[1;38;5;12m  |\x1b[0m\n\x1b[1;38;5;12m5 |\x1b[0m     id ?= int\n\x1b[1;38;5;12m  |\x1b[0m\x1b[1;38;5;9m         ^\x1b[0m \x1b[1;38;5;9mexpected one of [\":\"] got =\x1b[0m\n\x1b[1;38;5;12m  |\x1b[0m\n\n\nerror[E1001]: InvalidSyntax\n \x1b[1;38;5;12m-->\x1b[0m /tmp/kcl-oas-v2-test-1268243149/Category.k:6:11\n\x1b[1;38;5;12m  |\x1b[0m\n\x1b[1;38;5;12m6 |\x1b[0m     name ?= str\n\x1b[1;38;5;12m  |\x1b[0m\x1b[1;38;5;9m           ^\x1b[0m \x1b[1;38;5;9mexpected one of [\":\"] got =\x1b[0m\n\x1b[1;38;5;12m  |\x1b[0m\n\n\nerror[E1001]: InvalidSyntax\n \x1b[1;38;5;12m-->\x1b[0m /tmp/kcl-oas-v2-test-1268243149/Customer.k:5:14\n\x1b[1;38;5;12m  |\x1b[0m\n\x1b[1;38;5;12m5 |\x1b[0m     address ?= Address\n\x1b[1;38;5;12m  |\x1b[0m\x1b[1;38;5;9m              ^\x1b[0m \x1b[1;38;5;9mexpected one of [\":\"] got =\x1b[0m\n\x1b[1;38;5;12m  |\x1b[0m\n\n\nerror[E1001]: InvalidSyntax\n \x1b[1;38;5;12m-->\x1b[0m /tmp/kcl-oas-v2-test-1268243149/Customer.k:7:16\n\x1b[1;38;5;12m  |\x1b[0m\n\x1b[1;38;5;12m7 |\x1b[0m     createdAt ?= str\n\x1b[1;38;5;12m  |\x1b[0m\x1b[1;38;5;9m                ^\x1b[0m \x1b[1;38;5;9mexpected one of [\":\"] got =\x1b[0m\n\x1b[1;38;5;12m  |\x1b[0m\n\n\nerror[E1001]: InvalidSyntax\n  \x1b[1;38;5;12m-->\x1b[0m /tmp/kcl-oas-v2-test-1268243149/Customer.k:11:9\n\x1b[1;38;5;12m   |\x1b[0m\n\x1b[1;38;5;12m11 |\x1b[0m     id ?= str\n\x1b[1;38;5;12m   |\x1b[0m\x1b[1;38;5;9m         ^\x1b[0m \x1b[1;38;5;9mexpected one of [\":\"] got =\x1b[0m\n\x1b[1;38;5;12m   |\x1b[0m\n\n\nerror[E1001]: InvalidSyntax\n  \x1b[1;38;5;12m-->\x1b[0m /tmp/kcl-oas-v2-test-1268243149/Customer.k:13:12\n\x1b[1;38;5;12m   |\x1b[0m\n\x1b[1;38;5;12m13 |\x1b[0m     phone ?= str\n\x1b[1;38;5;12m   |\x1b[0m\x1b[1;38;5;9m            ^\x1b[0m \x1b[1;38;5;9mexpected one of [\":\"] got =\x1b[0m\n\x1b[1;38;5;12m   |\x1b[0m\n\n\nerror[E1001]: InvalidSyntax\n  \x1b[1;38;5;12m-->\x1b[0m /tmp/kcl-oas-v2-test-1268243149/Customer.k:15:16\n\x1b[1;38;5;12m   |\x1b[0m\n\x1b[1;38;5;12m15 |\x1b[0m     updatedAt ?= str\n\x1b[1;38;5;12m   |\x1b[0m\x1b[1;38;5;9m                ^\x1b[0m \x1b[1;38;5;9mexpected one of [\":\"] got =\x1b[0m\n\x1b[1;38;5;12m   |\x1b[0m\n\n\nerror[E1001]: InvalidSyntax\n \x1b[1;38;5;12m-->\x1b[0m /tmp/kcl-oas-v2-test-1268243149/Mixed.k:6:12\n\x1b[1;38;5;12m  |\x1b[0m\n\x1b[1;38;5;12m6 |\x1b[0m     value ?= str\n\x1b[1;38;5;12m  |\x1b[0m\x1b[1;38;5;9m            ^\x1b[0m \x1b[1;38;5;9mexpected one of [\":\"] got =\x1b[0m\n\x1b[1;38;5;12m  |\x1b[0m\n\n\nerror[E1001]: InvalidSyntax\n \x1b[1;38;5;12m-->\x1b[0m /tmp/kcl-oas-v2-test-1268243149/Multi.k:6:12\n\x1b[1;38;5;12m  |\x1b[0m\n\x1b[1;38;5;12m6 |\x1b[0m     anyOf ?= str\n\x1b[1;38;5;12m  |\x1b[0m\x1b[1;38;5;9m            ^\x1b[0m \x1b[1;38;5;9mexpected one of [\":\"] got =\x1b[0m\n\x1b[1;38;5;12m  |\x1b[0m\n\n\nerror[E1001]: InvalidSyntax\n \x1b[1;38;5;12m-->\x1b[0m /tmp/kcl-oas-v2-test-1268243149/Order.k:5:16\n\x1b[1;38;5;12m  |\x1b[0m\n\x1b[1;38;5;12m5 |\x1b[0m     createdAt ?= str\n\x1b[1;38;5;12m  |\x1b[0m\x1b[1;38;5;9m                ^\x1b[0m \x1b[1;38;5;9mexpected one of [\":\"] got =\x1b[0m\n\x1b[1;38;5;12m  |\x1b[0m\n\n\nerror[E1001]: InvalidSyntax\n \x1b[1;38;5;12m-->\x1b[0m /tmp/kcl-oas-v2-test-1268243149/Order.k:7:9\n\x1b[1;38;5;12m  |\x1b[0m\n\x1b[1;38;5;12m7 |\x1b[0m     id ?= str\n\x1b[1;38;5;12m  |\x1b[0m\x1b[1;38;5;9m         ^\x1b[0m \x1b[1;38;5;9mexpected one of [\":\"] got =\x1b[0m\n\x1b[1;38;5;12m  |\x1b[0m\n\n\nerror[E1001]: InvalidSyntax\n \x1b[1;38;5;12m-->\x1b[0m /tmp/kcl-oas-v2-test-1268243149/Order.k:9:13\n\x1b[1;38;5;12m  |\x1b[0m\n\x1b[1;38;5;12m9 |\x1b[0m     status ?= str\n\x1b[1;38;5;12m  |\x1b[0m\x1b[1;38;5;9m             ^\x1b[0m \x1b[1;38;5;9mexpected one of [\":\"] got =\x1b[0m\n\x1b[1;38;5;12m  |\x1b[0m\n\n\nerror[E1001]: InvalidSyntax\n  \x1b[1;38;5;12m-->\x1b[0m /tmp/kcl-oas-v2-test-1268243149/Order.k:12:5\n\x1b[1;38;5;12m   |\x1b[0m\n\x1b[1;38;5;12m12 |\x1b[0m     totalAmount ?= float\n\x1b[1;38;5;12m   |\x1b[0m\x1b[1;38;5;9m     ^\x1b[0m \x1b[1;38;5;9mexpected one of [\"dedent\"] got identifier\x1b[0m\n\x1b[1;38;5;12m   |\x1b[0m\n\n\nerror[E1001]: InvalidSyntax\n  \x1b[1;38;5;12m-->\x1b[0m /tmp/kcl-oas-v2-test-1268243149/Order.k:12:17\n\x1b[1;38;5;12m   |\x1b[0m\n\x1b[1;38;5;12m12 |\x1b[0m     totalAmount ?= float\n\x1b[1;38;5;12m   |\x1b[0m\x1b[1;38;5;9m                 ^\x1b[0m \x1b[1;38;5;9munexpected token '?'\x1b[0m\n\x1b[1;38;5;12m   |\x1b[0m\n\n\nerror[E1001]: InvalidSyntax\n  \x1b[1;38;5;12m-->\x1b[0m /tmp/kcl-oas-v2-test-1268243149/Order.k:12:18\n\x1b[1;38;5;12m   |\x1b[0m\n\x1b[1;38;5;12m12 |\x1b[0m     totalAmount ?= float\n\x1b[1;38;5;12m   |\x1b[0m\x1b[1;38;5;9m                  ^\x1b[0m \x1b[1;38;5;9munexpected token '='\x1b[0m\n\x1b[1;38;5;12m   |\x1b[0m\n\n\nerror[E1001]: InvalidSyntax\n  \x1b[1;38;5;12m-->\x1b[0m /tmp/kcl-oas-v2-test-1268243149/Order.k:12:24\n\x1b[1;38;5;12m   |\x1b[0m\n\x1b[1;38;5;12m12 |\x1b[0m     totalAmount ?= float\n\x1b[1;38;5;12m   |\x1b[0m\x1b[1;38;5;9m                        ^\x1b[0m \x1b[1;38;5;9munexpected token 'dedent'\x1b[0m\n\x1b[1;38;5;12m   |\x1b[0m\n\n\nerror[E1001]: InvalidSyntax\n \x1b[1;38;5;12m-->\x1b[0m /tmp/kcl-oas-v2-test-1268243149/OrderItem.k:9:5\n\x1b[1;38;5;12m  |\x1b[0m\n\x1b[1;38;5;12m9 |\x1b[0m     unitPrice = float\n\x1b[1;38;5;12m  |\x1b[0m\x1b[1;38;5;9m     ^\x1b[0m \x1b[1;38;5;9mexpected one of [\"dedent\"] got identifier\x1b[0m\n\x1b[1;38;5;12m  |\x1b[0m\n\n\nerror[E1001]: InvalidSyntax\n \x1b[1;38;5;12m-->\x1b[0m /tmp/kcl-oas-v2-test-1268243149/OrderItem.k:9:15\n\x1b[1;38;5;12m  |\x1b[0m\n\x1b[1;38;5;12m9 |\x1b[0m     unitPrice = float\n\x1b[1;38;5;12m  |\x1b[0m\x1b[1;38;5;9m               ^\x1b[0m \x1b[1;38;5;9munexpected token '='\x1b[0m\n\x1b[1;38;5;12m  |\x1b[0m\n\n\nerror[E1001]: InvalidSyntax\n \x1b[1;38;5;12m-->\x1b[0m /tmp/kcl-oas-v2-test-1268243149/OrderItem.k:9:21\n\x1b[1;38;5;12m  |\x1b[0m\n\x1b[1;38;5;12m9 |\x1b[0m     unitPrice = float\n\x1b[1;38;5;12m  |\x1b[0m\x1b[1;38;5;9m                     ^\x1b[0m \x1b[1;38;5;9munexpected token 'dedent'\x1b[0m\n\x1b[1;38;5;12m  |\x1b[0m\n\n\nerror[E1001]: InvalidSyntax\n \x1b[1;38;5;12m-->\x1b[0m /tmp/kcl-oas-v2-test-1268243149/Product.k:7:16\n\x1b[1;38;5;12m  |\x1b[0m\n\x1b[1;38;5;12m7 |\x1b[0m     createdAt ?= str\n\x1b[1;38;5;12m  |\x1b[0m\x1b[1;38;5;9m                ^\x1b[0m \x1b[1;38;5;9mexpected one of [\":\"] got =\x1b[0m\n\x1b[1;38;5;12m  |\x1b[0m\n\n\nerror[E1001]: InvalidSyntax\n \x1b[1;38;5;12m-->\x1b[0m /tmp/kcl-oas-v2-test-1268243149/Product.k:9:18\n\x1b[1;38;5;12m  |\x1b[0m\n\x1b[1;38;5;12m9 |\x1b[0m     description ?= str\n\x1b[1;38;5;12m  |\x1b[0m\x1b[1;38;5;9m                  ^\x1b[0m \x1b[1;38;5;9mexpected one of [\":\"] got =\x1b[0m\n\x1b[1;38;5;12m  |\x1b[0m\n\n\nerror[E1001]: InvalidSyntax\n  \x1b[1;38;5;12m-->\x1b[0m /tmp/kcl-oas-v2-test-1268243149/Product.k:11:9\n\x1b[1;38;5;12m   |\x1b[0m\n\x1b[1;38;5;12m11 |\x1b[0m     id ?= str\n\x1b[1;38;5;12m   |\x1b[0m\x1b[1;38;5;9m         ^\x1b[0m \x1b[1;38;5;9mexpected one of [\":\"] got =\x1b[0m\n\x1b[1;38;5;12m   |\x1b[0m\n\n\nerror[E1001]: InvalidSyntax\n  \x1b[1;38;5;12m-->\x1b[0m /tmp/kcl-oas-v2-test-1268243149/Product.k:19:5\n\x1b[1;38;5;12m   |\x1b[0m\n\x1b[1;38;5;12m19 |\x1b[0m     updatedAt ?= str\n\x1b[1;38;5;12m   |\x1b[0m\x1b[1;38;5;9m     ^\x1b[0m \x1b[1;38;5;9mexpected one of [\"dedent\"] got identifier\x1b[0m\n\x1b[1;38;5;12m   |\x1b[0m\n\n\nerror[E1001]: InvalidSyntax\n  \x1b[1;38;5;12m-->\x1b[0m /tmp/kcl-oas-v2-test-1268243149/Product.k:19:15\n\x1b[1;38;5;12m   |\x1b[0m\n\x1b[1;38;5;12m19 |\x1b[0m     updatedAt ?= str\n\x1b[1;38;5;12m   |\x1b[0m\x1b[1;38;5;9m               ^\x1b[0m \x1b[1;38;5;9munexpected token '?'\x1b[0m\n\x1b[1;38;5;12m   |\x1b[0m\n\n\nerror[E1001]: InvalidSyntax\n  \x1b[1;38;5;12m-->\x1b[0m /tmp/kcl-oas-v2-test-1268243149/Product.k:19:16\n\x1b[1;38;5;12m   |\x1b[0m\n\x1b[1;38;5;12m19 |\x1b[0m     updatedAt ?= str\n\x1b[1;38;5;12m   |\x1b[0m\x1b[1;38;5;9m                ^\x1b[0m \x1b[1;38;5;9munexpected token '='\x1b[0m\n\x1b[1;38;5;12m   |\x1b[0m\n\n\nerror[E1001]: InvalidSyntax\n  \x1b[1;38;5;12m-->\x1b[0m /tmp/kcl-oas-v2-test-1268243149/Product.k:19:20\n\x1b[1;38;5;12m   |\x1b[0m\n\x1b[1;38;5;12m19 |\x1b[0m     updatedAt ?= str\n\x1b[1;38;5;12m   |\x1b[0m\x1b[1;38;5;9m                    ^\x1b[0m \x1b[1;38;5;9munexpected token 'dedent'\x1b[0m\n\x1b[1;38;5;12m   |\x1b[0m\n\n\nerror[E2G22]: TypeError\n \x1b[1;38;5;12m-->\x1b[0m /tmp/kcl-oas-v2-test-1268243149/OrderItem.k:8:9\n\x1b[1;38;5;12m  |\x1b[0m\n\x1b[1;38;5;12m8 |\x1b[0m         quantity >= 1\n\x1b[1;38;5;12m  |\x1b[0m\x1b[1;38;5;9m         ^\x1b[0m \x1b[1;38;5;9munsupported operand type(s) for >=: '(any, int) -> int' and 'int(1)'\x1b[0m\n\x1b[1;38;5;12m  |\x1b[0m\n\n\nerror[E2G22]: TypeError\n  \x1b[1;38;5;12m-->\x1b[0m /tmp/kcl-oas-v2-test-1268243149/Product.k:17:9\n\x1b[1;38;5;12m   |\x1b[0m\n\x1b[1;38;5;12m17 |\x1b[0m         price >= 0\n\x1b[1;38;5;12m   |\x1b[0m\x1b[1;38;5;9m         ^\x1b[0m \x1b[1;38;5;9munsupported operand type(s) for >=: '(any) -> float' and 'int(0)'\x1b[0m\n\x1b[1;38;5;12m   |\x1b[0m\n\n\nValidation failed with exit code: 1\n" does not contain "Validation successful for OpenAPI 2.0 payload"
        	Test:       	TestOASOpenAPI2Generation/Complex_Schema_OpenAPI_2.0
        	Messages:   	The validation should succeed
--- FAIL: TestOASOpenAPI2Generation (0.35s)
    --- FAIL: TestOASOpenAPI2Generation/Petstore_OpenAPI_2.0 (0.21s)
    --- FAIL: TestOASOpenAPI2Generation/Complex_Schema_OpenAPI_2.0 (0.14s)
=== RUN   TestOASSchemasYAML
    oas_test.go:228: Generating KCL schemas from YAML OpenAPI spec: testdata/oas/input/schemas.yaml
    oas_test.go:230: 
        	Error Trace:	/home/tridentsx/src/oas2kcl/openapikcl/oas_test.go:230
        	Error:      	Received unexpected error:
        	            	unknown or unsupported specification format
        	Test:       	TestOASSchemasYAML
        	Messages:   	Failed to generate KCL from YAML OpenAPI spec
--- FAIL: TestOASSchemasYAML (0.00s)
=== RUN   TestOASSimple
    oas_test.go:260: Simple OAS test
--- PASS: TestOASSimple (0.00s)
=== RUN   TestOpenAPI2Conversion
=== RUN   TestOpenAPI2Conversion/Simple_Petstore_v2
2025/03/08 14:37:10 reading OpenAPI schema file: testdata/oas/input/petstore_v2.json
2025/03/08 14:37:10 detected JSON format from file extension: .json
2025/03/08 14:37:10 skipping validation for converted OpenAPI 2.0 document
2025/03/08 14:37:10 using loader with context: true
2025/03/08 14:37:10 starting specification flattening process
2025/03/08 14:37:10 starting specification flattening process
2025/03/08 14:37:10 processing schemas in order: [ErrorModel Pet PetInput]
2025/03/08 14:37:10 flattening schema: ErrorModel
2025/03/08 14:37:10 flattening schema: Pet
2025/03/08 14:37:10 flattening schema: PetInput
2025/03/08 14:37:10 flattened 3 schemas successfully
2025/03/08 14:37:10 starting KCL schema generation
2025/03/08 14:37:10 detected schema type: OpenAPI 3.0
2025/03/08 14:37:10 processing OpenAPI schema (version: 2.0)
2025/03/08 14:37:10 processing OpenAPI 2.0 specific features
2025/03/08 14:37:10 processing 3 schemas in order
2025/03/08 14:37:10 field code has type: integer
2025/03/08 14:37:10 converting OpenAPI type 'integer' with format 'int32' to KCL type
2025/03/08 14:37:10 mapped to KCL type: int
2025/03/08 14:37:10 field message has type: string
2025/03/08 14:37:10 converting OpenAPI type 'string' with format '' to KCL type
2025/03/08 14:37:10 mapped to KCL type: str
2025/03/08 14:37:10 field code has type: integer
2025/03/08 14:37:10 converting OpenAPI type 'integer' with format 'int32' to KCL type
2025/03/08 14:37:10 mapped to KCL type: int
2025/03/08 14:37:10 field message has type: string
2025/03/08 14:37:10 converting OpenAPI type 'string' with format '' to KCL type
2025/03/08 14:37:10 mapped to KCL type: str
2025/03/08 14:37:10 generated 2 properties for schema ErrorModel
2025/03/08 14:37:10 Schema ErrorModel written to /tmp/kcl-test-2367703447/ErrorModel.k
2025/03/08 14:37:10 field id has type: integer
2025/03/08 14:37:10 converting OpenAPI type 'integer' with format 'int64' to KCL type
2025/03/08 14:37:10 mapped to KCL type: int
2025/03/08 14:37:10 field name has type: string
2025/03/08 14:37:10 converting OpenAPI type 'string' with format '' to KCL type
2025/03/08 14:37:10 mapped to KCL type: str
2025/03/08 14:37:10 field tag has type: string
2025/03/08 14:37:10 converting OpenAPI type 'string' with format '' to KCL type
2025/03/08 14:37:10 mapped to KCL type: str
2025/03/08 14:37:10 field id has type: integer
2025/03/08 14:37:10 converting OpenAPI type 'integer' with format 'int64' to KCL type
2025/03/08 14:37:10 mapped to KCL type: int
2025/03/08 14:37:10 field name has type: string
2025/03/08 14:37:10 converting OpenAPI type 'string' with format '' to KCL type
2025/03/08 14:37:10 mapped to KCL type: str
2025/03/08 14:37:10 field tag has type: string
2025/03/08 14:37:10 converting OpenAPI type 'string' with format '' to KCL type
2025/03/08 14:37:10 mapped to KCL type: str
2025/03/08 14:37:10 generated 3 properties for schema Pet
2025/03/08 14:37:10 Schema Pet written to /tmp/kcl-test-2367703447/Pet.k
2025/03/08 14:37:10 field name has type: string
2025/03/08 14:37:10 converting OpenAPI type 'string' with format '' to KCL type
2025/03/08 14:37:10 mapped to KCL type: str
2025/03/08 14:37:10 field tag has type: string
2025/03/08 14:37:10 converting OpenAPI type 'string' with format '' to KCL type
2025/03/08 14:37:10 mapped to KCL type: str
2025/03/08 14:37:10 field name has type: string
2025/03/08 14:37:10 converting OpenAPI type 'string' with format '' to KCL type
2025/03/08 14:37:10 mapped to KCL type: str
2025/03/08 14:37:10 field tag has type: string
2025/03/08 14:37:10 converting OpenAPI type 'string' with format '' to KCL type
2025/03/08 14:37:10 mapped to KCL type: str
2025/03/08 14:37:10 generated 2 properties for schema PetInput
2025/03/08 14:37:10 Schema PetInput written to /tmp/kcl-test-2367703447/PetInput.k
2025/03/08 14:37:10 generating main.k file with 3 schema imports
2025/03/08 14:37:10 successfully generated KCL schemas in /tmp/kcl-test-2367703447
/tmp/kcl-test-2367703447/Pet.k
/tmp/kcl-test-2367703447/PetInput.k
/tmp/kcl-test-2367703447/ErrorModel.k
=== RUN   TestOpenAPI2Conversion/Complex_API_v2
2025/03/08 14:37:10 reading OpenAPI schema file: testdata/oas/input/complex_v2.json
2025/03/08 14:37:10 detected JSON format from file extension: .json
2025/03/08 14:37:10 skipping validation for converted OpenAPI 2.0 document
2025/03/08 14:37:10 using loader with context: true
2025/03/08 14:37:10 starting specification flattening process
2025/03/08 14:37:10 starting specification flattening process
2025/03/08 14:37:10 processing schemas in order: [Address ApiResponse BaseObject Category Customer Mixed Multi Order OrderItem Product]
2025/03/08 14:37:10 flattening schema: Address
2025/03/08 14:37:10 flattening schema: ApiResponse
2025/03/08 14:37:10 flattening schema: BaseObject
2025/03/08 14:37:10 flattening schema: Category
2025/03/08 14:37:10 flattening schema: Customer
2025/03/08 14:37:10 resolving reference: #/components/schemas/BaseObject
2025/03/08 14:37:10 resolving reference: #/components/schemas/Address
2025/03/08 14:37:10 flattening schema: Mixed
2025/03/08 14:37:10 flattening schema: Multi
2025/03/08 14:37:10 flattening schema: Order
2025/03/08 14:37:10 resolving reference: #/components/schemas/Customer
2025/03/08 14:37:10 resolving reference: #/components/schemas/OrderItem
2025/03/08 14:37:10 flattening schema: OrderItem
2025/03/08 14:37:10 resolving reference: #/components/schemas/Product
2025/03/08 14:37:10 flattening schema: Product
2025/03/08 14:37:10 resolving reference: #/components/schemas/BaseObject
2025/03/08 14:37:10 resolving reference: #/components/schemas/Category
2025/03/08 14:37:10 flattened 10 schemas successfully
2025/03/08 14:37:10 starting KCL schema generation
2025/03/08 14:37:10 detected schema type: OpenAPI 3.0
2025/03/08 14:37:10 processing OpenAPI schema (version: 2.0)
2025/03/08 14:37:10 processing OpenAPI 2.0 specific features
2025/03/08 14:37:10 processing 10 schemas in order
2025/03/08 14:37:10 field city has type: string
2025/03/08 14:37:10 converting OpenAPI type 'string' with format '' to KCL type
2025/03/08 14:37:10 mapped to KCL type: str
2025/03/08 14:37:10 field country has type: string
2025/03/08 14:37:10 converting OpenAPI type 'string' with format '' to KCL type
2025/03/08 14:37:10 mapped to KCL type: str
2025/03/08 14:37:10 field state has type: string
2025/03/08 14:37:10 converting OpenAPI type 'string' with format '' to KCL type
2025/03/08 14:37:10 mapped to KCL type: str
2025/03/08 14:37:10 field street has type: string
2025/03/08 14:37:10 converting OpenAPI type 'string' with format '' to KCL type
2025/03/08 14:37:10 mapped to KCL type: str
2025/03/08 14:37:10 field zipCode has type: string
2025/03/08 14:37:10 converting OpenAPI type 'string' with format '' to KCL type
2025/03/08 14:37:10 mapped to KCL type: str
2025/03/08 14:37:10 field city has type: string
2025/03/08 14:37:10 converting OpenAPI type 'string' with format '' to KCL type
2025/03/08 14:37:10 mapped to KCL type: str
2025/03/08 14:37:10 field country has type: string
2025/03/08 14:37:10 converting OpenAPI type 'string' with format '' to KCL type
2025/03/08 14:37:10 mapped to KCL type: str
2025/03/08 14:37:10 field state has type: string
2025/03/08 14:37:10 converting OpenAPI type 'string' with format '' to KCL type
2025/03/08 14:37:10 mapped to KCL type: str
2025/03/08 14:37:10 field street has type: string
2025/03/08 14:37:10 converting OpenAPI type 'string' with format '' to KCL type
2025/03/08 14:37:10 mapped to KCL type: str
2025/03/08 14:37:10 field zipCode has type: string
2025/03/08 14:37:10 converting OpenAPI type 'string' with format '' to KCL type
2025/03/08 14:37:10 mapped to KCL type: str
2025/03/08 14:37:10 generated 5 properties for schema Address
2025/03/08 14:37:10 Schema Address written to /tmp/kcl-test-1502415632/Address.k
2025/03/08 14:37:10 field code has type: integer
2025/03/08 14:37:10 converting OpenAPI type 'integer' with format 'int32' to KCL type
2025/03/08 14:37:10 mapped to KCL type: int
2025/03/08 14:37:10 field message has type: string
2025/03/08 14:37:10 converting OpenAPI type 'string' with format '' to KCL type
2025/03/08 14:37:10 mapped to KCL type: str
2025/03/08 14:37:10 field type has type: string
2025/03/08 14:37:10 converting OpenAPI type 'string' with format '' to KCL type
2025/03/08 14:37:10 mapped to KCL type: str
2025/03/08 14:37:10 field code has type: integer
2025/03/08 14:37:10 converting OpenAPI type 'integer' with format 'int32' to KCL type
2025/03/08 14:37:10 mapped to KCL type: int
2025/03/08 14:37:10 field message has type: string
2025/03/08 14:37:10 converting OpenAPI type 'string' with format '' to KCL type
2025/03/08 14:37:10 mapped to KCL type: str
2025/03/08 14:37:10 field type has type: string
2025/03/08 14:37:10 converting OpenAPI type 'string' with format '' to KCL type
2025/03/08 14:37:10 mapped to KCL type: str
2025/03/08 14:37:10 generated 3 properties for schema ApiResponse
2025/03/08 14:37:10 Schema ApiResponse written to /tmp/kcl-test-1502415632/ApiResponse.k
2025/03/08 14:37:10 field createdAt has type: string
2025/03/08 14:37:10 converting OpenAPI type 'string' with format 'date-time' to KCL type
2025/03/08 14:37:10 mapped to KCL type: str
2025/03/08 14:37:10 field id has type: string
2025/03/08 14:37:10 converting OpenAPI type 'string' with format 'uuid' to KCL type
2025/03/08 14:37:10 mapped to KCL type: str
2025/03/08 14:37:10 field updatedAt has type: string
2025/03/08 14:37:10 converting OpenAPI type 'string' with format 'date-time' to KCL type
2025/03/08 14:37:10 mapped to KCL type: str
2025/03/08 14:37:10 field createdAt has type: string
2025/03/08 14:37:10 converting OpenAPI type 'string' with format 'date-time' to KCL type
2025/03/08 14:37:10 mapped to KCL type: str
2025/03/08 14:37:10 field id has type: string
2025/03/08 14:37:10 converting OpenAPI type 'string' with format 'uuid' to KCL type
2025/03/08 14:37:10 mapped to KCL type: str
2025/03/08 14:37:10 field updatedAt has type: string
2025/03/08 14:37:10 converting OpenAPI type 'string' with format 'date-time' to KCL type
2025/03/08 14:37:10 mapped to KCL type: str
2025/03/08 14:37:10 generated 3 properties for schema BaseObject
2025/03/08 14:37:10 Schema BaseObject written to /tmp/kcl-test-1502415632/BaseObject.k
2025/03/08 14:37:10 field id has type: integer
2025/03/08 14:37:10 converting OpenAPI type 'integer' with format 'int64' to KCL type
2025/03/08 14:37:10 mapped to KCL type: int
2025/03/08 14:37:10 field name has type: string
2025/03/08 14:37:10 converting OpenAPI type 'string' with format '' to KCL type
2025/03/08 14:37:10 mapped to KCL type: str
2025/03/08 14:37:10 field id has type: integer
2025/03/08 14:37:10 converting OpenAPI type 'integer' with format 'int64' to KCL type
2025/03/08 14:37:10 mapped to KCL type: int
2025/03/08 14:37:10 field name has type: string
2025/03/08 14:37:10 converting OpenAPI type 'string' with format '' to KCL type
2025/03/08 14:37:10 mapped to KCL type: str
2025/03/08 14:37:10 generated 2 properties for schema Category
2025/03/08 14:37:10 Schema Category written to /tmp/kcl-test-1502415632/Category.k
2025/03/08 14:37:10 field address has reference: #/components/schemas/Address
2025/03/08 14:37:10 extracted reference name: Address
2025/03/08 14:37:10 formatted reference name: Address
2025/03/08 14:37:10 using reference Address for field address
2025/03/08 14:37:10 field createdAt has type: string
2025/03/08 14:37:10 converting OpenAPI type 'string' with format 'date-time' to KCL type
2025/03/08 14:37:10 mapped to KCL type: str
2025/03/08 14:37:10 field email has type: string
2025/03/08 14:37:10 converting OpenAPI type 'string' with format 'email' to KCL type
2025/03/08 14:37:10 mapped to KCL type: str
2025/03/08 14:37:10 field firstName has type: string
2025/03/08 14:37:10 converting OpenAPI type 'string' with format '' to KCL type
2025/03/08 14:37:10 mapped to KCL type: str
2025/03/08 14:37:10 field id has type: string
2025/03/08 14:37:10 converting OpenAPI type 'string' with format 'uuid' to KCL type
2025/03/08 14:37:10 mapped to KCL type: str
2025/03/08 14:37:10 field lastName has type: string
2025/03/08 14:37:10 converting OpenAPI type 'string' with format '' to KCL type
2025/03/08 14:37:10 mapped to KCL type: str
2025/03/08 14:37:10 field phone has type: string
2025/03/08 14:37:10 converting OpenAPI type 'string' with format '' to KCL type
2025/03/08 14:37:10 mapped to KCL type: str
2025/03/08 14:37:10 field updatedAt has type: string
2025/03/08 14:37:10 converting OpenAPI type 'string' with format 'date-time' to KCL type
2025/03/08 14:37:10 mapped to KCL type: str
2025/03/08 14:37:10 field address has reference: #/components/schemas/Address
2025/03/08 14:37:10 extracted reference name: Address
2025/03/08 14:37:10 formatted reference name: Address
2025/03/08 14:37:10 using reference Address for field address
2025/03/08 14:37:10 field createdAt has type: string
2025/03/08 14:37:10 converting OpenAPI type 'string' with format 'date-time' to KCL type
2025/03/08 14:37:10 mapped to KCL type: str
2025/03/08 14:37:10 field email has type: string
2025/03/08 14:37:10 converting OpenAPI type 'string' with format 'email' to KCL type
2025/03/08 14:37:10 mapped to KCL type: str
2025/03/08 14:37:10 field firstName has type: string
2025/03/08 14:37:10 converting OpenAPI type 'string' with format '' to KCL type
2025/03/08 14:37:10 mapped to KCL type: str
2025/03/08 14:37:10 field id has type: string
2025/03/08 14:37:10 converting OpenAPI type 'string' with format 'uuid' to KCL type
2025/03/08 14:37:10 mapped to KCL type: str
2025/03/08 14:37:10 field lastName has type: string
2025/03/08 14:37:10 converting OpenAPI type 'string' with format '' to KCL type
2025/03/08 14:37:10 mapped to KCL type: str
2025/03/08 14:37:10 field phone has type: string
2025/03/08 14:37:10 converting OpenAPI type 'string' with format '' to KCL type
2025/03/08 14:37:10 mapped to KCL type: str
2025/03/08 14:37:10 field updatedAt has type: string
2025/03/08 14:37:10 converting OpenAPI type 'string' with format 'date-time' to KCL type
2025/03/08 14:37:10 mapped to KCL type: str
2025/03/08 14:37:10 generated 8 properties for schema Customer
2025/03/08 14:37:10 Schema Customer written to /tmp/kcl-test-1502415632/Customer.k
2025/03/08 14:37:10 field type has type: string
2025/03/08 14:37:10 converting OpenAPI type 'string' with format '' to KCL type
2025/03/08 14:37:10 mapped to KCL type: str
2025/03/08 14:37:10 field value has type: string
2025/03/08 14:37:10 converting OpenAPI type 'string' with format '' to KCL type
2025/03/08 14:37:10 mapped to KCL type: str
2025/03/08 14:37:10 field type has type: string
2025/03/08 14:37:10 converting OpenAPI type 'string' with format '' to KCL type
2025/03/08 14:37:10 mapped to KCL type: str
2025/03/08 14:37:10 field value has type: string
2025/03/08 14:37:10 converting OpenAPI type 'string' with format '' to KCL type
2025/03/08 14:37:10 mapped to KCL type: str
2025/03/08 14:37:10 generated 2 properties for schema Mixed
2025/03/08 14:37:10 Schema Mixed written to /tmp/kcl-test-1502415632/Mixed.k
2025/03/08 14:37:10 field anyOf has type: string
2025/03/08 14:37:10 converting OpenAPI type 'string' with format '' to KCL type
2025/03/08 14:37:10 mapped to KCL type: str
2025/03/08 14:37:10 field anyOf has type: string
2025/03/08 14:37:10 converting OpenAPI type 'string' with format '' to KCL type
2025/03/08 14:37:10 mapped to KCL type: str
2025/03/08 14:37:10 generated 1 properties for schema Multi
2025/03/08 14:37:10 Schema Multi written to /tmp/kcl-test-1502415632/Multi.k
2025/03/08 14:37:10 field createdAt has type: string
2025/03/08 14:37:10 converting OpenAPI type 'string' with format 'date-time' to KCL type
2025/03/08 14:37:10 mapped to KCL type: str
2025/03/08 14:37:10 field customer has reference: #/components/schemas/Customer
2025/03/08 14:37:10 extracted reference name: Customer
2025/03/08 14:37:10 formatted reference name: Customer
2025/03/08 14:37:10 using reference Customer for field customer
2025/03/08 14:37:10 field id has type: string
2025/03/08 14:37:10 converting OpenAPI type 'string' with format 'uuid' to KCL type
2025/03/08 14:37:10 mapped to KCL type: str
2025/03/08 14:37:10 field items has type: array
2025/03/08 14:37:10 processing array items for field items
2025/03/08 14:37:10 field item has reference: #/components/schemas/OrderItem
2025/03/08 14:37:10 extracted reference name: OrderItem
2025/03/08 14:37:10 formatted reference name: OrderItem
2025/03/08 14:37:10 using reference OrderItem for field item
2025/03/08 14:37:10 array item type for field items: OrderItem (ref: OrderItem)
2025/03/08 14:37:10 field items.items has reference: #/components/schemas/OrderItem
2025/03/08 14:37:10 extracted reference name: OrderItem
2025/03/08 14:37:10 formatted reference name: OrderItem
2025/03/08 14:37:10 using reference OrderItem for field items.items
2025/03/08 14:37:10 field status has type: string
2025/03/08 14:37:10 converting OpenAPI type 'string' with format '' to KCL type
2025/03/08 14:37:10 mapped to KCL type: str
2025/03/08 14:37:10 field totalAmount has type: number
2025/03/08 14:37:10 converting OpenAPI type 'number' with format 'float' to KCL type
2025/03/08 14:37:10 mapped to KCL type: float
2025/03/08 14:37:10 field createdAt has type: string
2025/03/08 14:37:10 converting OpenAPI type 'string' with format 'date-time' to KCL type
2025/03/08 14:37:10 mapped to KCL type: str
2025/03/08 14:37:10 field customer has reference: #/components/schemas/Customer
2025/03/08 14:37:10 extracted reference name: Customer
2025/03/08 14:37:10 formatted reference name: Customer
2025/03/08 14:37:10 using reference Customer for field customer
2025/03/08 14:37:10 field id has type: string
2025/03/08 14:37:10 converting OpenAPI type 'string' with format 'uuid' to KCL type
2025/03/08 14:37:10 mapped to KCL type: str
2025/03/08 14:37:10 field items has type: array
2025/03/08 14:37:10 processing array items for field items
2025/03/08 14:37:10 field item has reference: #/components/schemas/OrderItem
2025/03/08 14:37:10 extracted reference name: OrderItem
2025/03/08 14:37:10 formatted reference name: OrderItem
2025/03/08 14:37:10 using reference OrderItem for field item
2025/03/08 14:37:10 array item type for field items: OrderItem (ref: OrderItem)
2025/03/08 14:37:10 field status has type: string
2025/03/08 14:37:10 converting OpenAPI type 'string' with format '' to KCL type
2025/03/08 14:37:10 mapped to KCL type: str
2025/03/08 14:37:10 field totalAmount has type: number
2025/03/08 14:37:10 converting OpenAPI type 'number' with format 'float' to KCL type
2025/03/08 14:37:10 mapped to KCL type: float
2025/03/08 14:37:10 generated 6 properties for schema Order
2025/03/08 14:37:10 Schema Order written to /tmp/kcl-test-1502415632/Order.k
2025/03/08 14:37:10 field product has reference: #/components/schemas/Product
2025/03/08 14:37:10 extracted reference name: Product
2025/03/08 14:37:10 formatted reference name: Product
2025/03/08 14:37:10 using reference Product for field product
2025/03/08 14:37:10 field quantity has type: integer
2025/03/08 14:37:10 converting OpenAPI type 'integer' with format '' to KCL type
2025/03/08 14:37:10 mapped to KCL type: int
2025/03/08 14:37:10 field unitPrice has type: number
2025/03/08 14:37:10 converting OpenAPI type 'number' with format 'float' to KCL type
2025/03/08 14:37:10 mapped to KCL type: float
2025/03/08 14:37:10 field product has reference: #/components/schemas/Product
2025/03/08 14:37:10 extracted reference name: Product
2025/03/08 14:37:10 formatted reference name: Product
2025/03/08 14:37:10 using reference Product for field product
2025/03/08 14:37:10 field quantity has type: integer
2025/03/08 14:37:10 converting OpenAPI type 'integer' with format '' to KCL type
2025/03/08 14:37:10 mapped to KCL type: int
2025/03/08 14:37:10 field unitPrice has type: number
2025/03/08 14:37:10 converting OpenAPI type 'number' with format 'float' to KCL type
2025/03/08 14:37:10 mapped to KCL type: float
2025/03/08 14:37:10 generated 3 properties for schema OrderItem
2025/03/08 14:37:10 Schema OrderItem written to /tmp/kcl-test-1502415632/OrderItem.k
2025/03/08 14:37:10 field category has reference: #/components/schemas/Category
2025/03/08 14:37:10 extracted reference name: Category
2025/03/08 14:37:10 formatted reference name: Category
2025/03/08 14:37:10 using reference Category for field category
2025/03/08 14:37:10 field createdAt has type: string
2025/03/08 14:37:10 converting OpenAPI type 'string' with format 'date-time' to KCL type
2025/03/08 14:37:10 mapped to KCL type: str
2025/03/08 14:37:10 field description has type: string
2025/03/08 14:37:10 converting OpenAPI type 'string' with format '' to KCL type
2025/03/08 14:37:10 mapped to KCL type: str
2025/03/08 14:37:10 field id has type: string
2025/03/08 14:37:10 converting OpenAPI type 'string' with format 'uuid' to KCL type
2025/03/08 14:37:10 mapped to KCL type: str
2025/03/08 14:37:10 field name has type: string
2025/03/08 14:37:10 converting OpenAPI type 'string' with format '' to KCL type
2025/03/08 14:37:10 mapped to KCL type: str
2025/03/08 14:37:10 field price has type: number
2025/03/08 14:37:10 converting OpenAPI type 'number' with format 'float' to KCL type
2025/03/08 14:37:10 mapped to KCL type: float
2025/03/08 14:37:10 field updatedAt has type: string
2025/03/08 14:37:10 converting OpenAPI type 'string' with format 'date-time' to KCL type
2025/03/08 14:37:10 mapped to KCL type: str
2025/03/08 14:37:10 field category has reference: #/components/schemas/Category
2025/03/08 14:37:10 extracted reference name: Category
2025/03/08 14:37:10 formatted reference name: Category
2025/03/08 14:37:10 using reference Category for field category
2025/03/08 14:37:10 field createdAt has type: string
2025/03/08 14:37:10 converting OpenAPI type 'string' with format 'date-time' to KCL type
2025/03/08 14:37:10 mapped to KCL type: str
2025/03/08 14:37:10 field description has type: string
2025/03/08 14:37:10 converting OpenAPI type 'string' with format '' to KCL type
2025/03/08 14:37:10 mapped to KCL type: str
2025/03/08 14:37:10 field id has type: string
2025/03/08 14:37:10 converting OpenAPI type 'string' with format 'uuid' to KCL type
2025/03/08 14:37:10 mapped to KCL type: str
2025/03/08 14:37:10 field name has type: string
2025/03/08 14:37:10 converting OpenAPI type 'string' with format '' to KCL type
2025/03/08 14:37:10 mapped to KCL type: str
2025/03/08 14:37:10 field price has type: number
2025/03/08 14:37:10 converting OpenAPI type 'number' with format 'float' to KCL type
2025/03/08 14:37:10 mapped to KCL type: float
2025/03/08 14:37:10 field updatedAt has type: string
2025/03/08 14:37:10 converting OpenAPI type 'string' with format 'date-time' to KCL type
2025/03/08 14:37:10 mapped to KCL type: str
2025/03/08 14:37:10 generated 7 properties for schema Product
2025/03/08 14:37:10 Schema Product written to /tmp/kcl-test-1502415632/Product.k
2025/03/08 14:37:10 generating main.k file with 10 schema imports
2025/03/08 14:37:10 successfully generated KCL schemas in /tmp/kcl-test-1502415632
/tmp/kcl-test-1502415632/BaseObject.k
/tmp/kcl-test-1502415632/Product.k
/tmp/kcl-test-1502415632/Category.k
/tmp/kcl-test-1502415632/Order.k
/tmp/kcl-test-1502415632/OrderItem.k
/tmp/kcl-test-1502415632/Customer.k
/tmp/kcl-test-1502415632/Address.k
/tmp/kcl-test-1502415632/ApiResponse.k
/tmp/kcl-test-1502415632/Mixed.k
/tmp/kcl-test-1502415632/Multi.k
--- PASS: TestOpenAPI2Conversion (0.01s)
    --- PASS: TestOpenAPI2Conversion/Simple_Petstore_v2 (0.00s)
    --- PASS: TestOpenAPI2Conversion/Complex_API_v2 (0.01s)
=== RUN   TestDetectOpenAPIVersion
=== RUN   TestDetectOpenAPIVersion/OpenAPI_2.0
=== RUN   TestDetectOpenAPIVersion/OpenAPI_3.0.0
=== RUN   TestDetectOpenAPIVersion/OpenAPI_3.0.1
=== RUN   TestDetectOpenAPIVersion/OpenAPI_3.0.2
=== RUN   TestDetectOpenAPIVersion/OpenAPI_3.0.3
=== RUN   TestDetectOpenAPIVersion/OpenAPI_3.1.0
=== RUN   TestDetectOpenAPIVersion/Invalid_document
--- PASS: TestDetectOpenAPIVersion (0.00s)
    --- PASS: TestDetectOpenAPIVersion/OpenAPI_2.0 (0.00s)
    --- PASS: TestDetectOpenAPIVersion/OpenAPI_3.0.0 (0.00s)
    --- PASS: TestDetectOpenAPIVersion/OpenAPI_3.0.1 (0.00s)
    --- PASS: TestDetectOpenAPIVersion/OpenAPI_3.0.2 (0.00s)
    --- PASS: TestDetectOpenAPIVersion/OpenAPI_3.0.3 (0.00s)
    --- PASS: TestDetectOpenAPIVersion/OpenAPI_3.1.0 (0.00s)
    --- PASS: TestDetectOpenAPIVersion/Invalid_document (0.00s)
FAIL
FAIL	github.com/tridentsx/oas2kcl/openapikcl	5.591s
FAIL
